outputs/logs/simulation_20260625_194731/agent_turns.csv
run_id,date,turn,agent_id,decision_date,market_features_date,news_max_date,execution_date,information_mode,news_depth,selected_news_count,read_news_count,search_read_count,depth2_search_keywords,depth2_search_result_count,depth2_view_change,news_sentiment,action,quantity,order_type,price,submitted_order,belief_summary,view_change,decision_reason,risk_control,order_corrections
simulation_20260625_194731,2026-04-24,1,A025,2026-04-24,2026-04-23,2026-04-23,2026-04-24,prior_close,0,3,0,0,,,,mixed,buy,111,limit,223000.0,True,"반도체 업황 호황과 기술적 강세(5일·20일선 위)가 지지력을 제공하나, 파업 및 기술 유출 리스크가 단기 불확실성을 키우고 있어 중립적 관점을 유지하며 추가 데이터를 확인할 필요가 있음.","초기 중립적 관점에서 구체적인 뉴스 혼조와 기술적 지표 강세를 확인했으나, 뚜렷한 방향성 신호가 없어 여전히 중립 유지.","반도체 업황 호조와 SK하이닉스 실적 서프라이즈가 업종 전반에 긍정적 모멘텀을 제공하며, 기술적 지표(5일선 218,300원 및 20일선 200,772원 상회)가 강세를 시사합니다. 현재 주가 224,500원은 단기 고점 부담이 있으나, 20일선 대비 11.8% 프리미엄은 호황기 실적을 감안할 때 합리적입니다. 헤드라인 스캔 결과 부정적 뉴스(파업, 기술 유출)가 혼재되어 확신도가 'medium' 수준이므로, 분할 매수로 리스크를 분산합니다. 매수 지정가를 223,000원(현재가 대비 0.67% 낮은 수준)으로 설정하여 단기 조정 시 진입을 노리며, 1차 매수로 보유 현금의 약 25%를 투입합니다.","단기 파업 및 기술 유출 리스크로 인한 변동성 확대 가능성에 대비하여, 1회 매수 금액을 24,753,000원(현금의 약 24.8%)으로 제한하여 현금 비중 75% 이상 유지합니다. 손실 시 추가 매수(분할 매수)를 고려하나, 20일선(200,772원) 이하 하락 시에는 추가 매수를 중단하고 관망 전환합니다. 또한, 매수 후 5% 이상 손실 시 손절매를 검토하여 손실을 제한합니다.",
simulation_20260625_194731,2026-04-27,2,A025,2026-04-27,2026-04-24,2026-04-24,2026-04-27,prior_close,0,3,0,0,,,,neutral,buy,34,limit,217000.0,True,"기술적 강세(5일·20일선 상회)와 정부 지원 모멘텀이 지지력을 제공하나, 거래량 감소와 내부 갈등 리스크가 단기 상승 탄력을 제한하고 있어 중립-소폭 긍정 관점을 유지합니다. 추가 추세 확인 전까지는 현금 비중을 고려한 신중한 대응이 필요합니다.","이전에는 반도체 업황 호황과 기술적 강세에 중립적 관점으로 시작했으나, 이번 뉴스를 통해 내부 노사 이슈의 부정적 영향을 인지하게 되어 확신도가 'medium' 수준이며 단기 모멘텀에 대한 기대를 소폭 낮췄습니다.","기술적 강세(5일선 219,000원 및 20일선 202,743원 상회)와 정부 지원 모멘텀(추미애 장관 평택 방문)이 지지력을 제공하나, 거래량 급감 및 내부 갈등 리스크로 단기 상승 탄력이 제한적입니다. 현재 5일선 근처(219,500원)에서 거래량 동반 돌파 없이 소폭 하락 중이므로, 5일선 이탈 시 20일선(202,743원)까지 조정 가능성을 고려하여 217,000원(5일선 대비 약 0.9% 하락)에서 분할 매수로 접근합니다. 현금 비중 75%로 충분한 여력이 있으며, 평균단가(223,000원) 대비 낮은 가격에 추가 매수하여 단가를 낮추고 장기 보유 기반을 강화합니다. 헤드라인 스캔 결과 내부 갈등 뉴스가 부정적이나 정부 지원이 상쇄하여 중립-소폭 긍정 관점을 유지하며, 확신도 'medium' 수준에서 과도한 매수는 피하고 보수적 수량으로 제한합니다.","매수 수량 34주는 최대 매수 가능 수량(171주)의 20% 미만으로 보수적이며, 매수 금액(7,378,000원)은 가용 현금(75,234,624원)의 약 9.8%로 현금 비중을 65% 이상 유지합니다. 5일선(219,000원) 이탈 시 추가 하락 리스크에 대비하여 217,000원 지정가로 분할 매수하며, 손실 확대 시 20일선(202,743원) 근처에서 추가 매수 기회를 고려합니다. 미실현 손실(-388,500원)이 작고 현금 비중이 높아 전체 포트폴리오 리스크는 제한적입니다.",
simulation_20260625_194731,2026-04-28,3,A025,2026-04-28,2026-04-27,2026-04-27,2026-04-28,prior_close,0,3,0,0,,,,mixed,buy,30,limit,223000.0,True,ETF 수급 호재와 기술적 강세가 지지력을 제공하나 FOMC 경계감과 숨 고르기 신호가 단기 상승 탄력을 제한하여 중립-소폭 긍정 관점 유지. 추가 추세 확인 전까지 현금 비중 고려한 신중한 대응 필요.,"이전과 유사하게 중립-소폭 긍정 유지하나, FOMC 대기 심리를 더 반영하여 단기 변동성 확대 가능성 인지.","ETF 자금 유입과 기술적 지지(5일선 상회)로 단기 상승 추세 유지 중이며, 거래량 증가(16.5%)가 긍정적. 현재 현금 비중 67.6%로 추가 매수 여력 충분하고, 소폭 수익 상태에서 분할 매수로 평단을 낮추며 상승 모멘텀에 참여. FOMC 경계감으로 변동성 확대 가능성을 고려해 보수적 수량(30주)으로 제한. 핵심 근거: 기술적 지표(5일선 상회)와 ETF 뉴스 호재.","매수 후 현금 비중 약 57% 유지하여 추가 하락 시 대응 여력 확보. 5일선(221,000원) 이탈 시 보유 주식 손절 검토, 손실 확대 시 추가 매수로 평단 낮추는 전략 고려. 단기 변동성(4.2%)을 감안하여 지정가 223,000원으로 분할 매수하여 급등 시 추격 매수 리스크 회피.",
simulation_20260625_194731,2026-04-29,4,A025,2026-04-29,2026-04-28,2026-04-28,2026-04-29,prior_close,0,3,0,0,,,,mixed,buy,45,limit,221600.0,True,"기술적 지지(5일선 상회)와 ETF 수급 호재가 하방을 지지하나, 노조 리스크와 FOMC 경계감이 단기 상승을 제한해 중립-소폭 긍정 관점 유지. 현금 비중을 고려한 분할 대응이 바람직.","이전 대비 노조 리스크가 새롭게 부각되어 단기 불확실성이 증가했으나, AI 반도체 테마와 가전 구조조정 뉴스가 긍정적 신호를 유지해 전반적인 관점은 중립-소폭 긍정으로 동일.","기술적 지표(5일선 221,600원 지지 유지)와 ETF 개인 순매수 1,000억 돌파 등 수급 호재가 하방을 지지하고 있어, 분할 매수 기회로 판단. 현재 포트폴리오 현금 비중 61%로 충분하며, 평균 단가(221,834원)와 유사한 가격에서 추가 매수 시 리스크 분산 가능. 노조 리스크와 FOMC 경계감으로 상승 동력이 약하나, 5일선 이탈 시 손절 대비가 가능한 보수적 수량으로 설정.","매수 후 5일선(221,600원) 이탈 시 추가 하락 리스크를 고려하여 손절 기준을 220,000원으로 설정. 현금 비중을 50% 이상 유지하며, 총 매수 금액은 max_single_trade_cash(30,579,795원) 이내로 제한. 거래량 감소와 뉴스 혼조로 인한 변동성 확대에 대비해 분할 매수 전략 유지.",
simulation_20260625_194731,2026-04-30,5,A025,2026-04-30,2026-04-29,2026-04-29,2026-04-30,prior_close,0,4,0,0,,,,mixed,buy,135,limit,223500.0,True,"기술적 지지(5일선 상회)와 ETF 수급 호재가 하방을 지지하나, 노조 리스크와 FOMC 경계감이 단기 상승을 제한해 중립-소폭 긍정 관점 유지. 현금 비중을 고려한 분할 대응이 바람직.","이전과 동일하게 중립-소폭 긍정 관점을 유지하며, 노사 갈등 뉴스가 추가 악재로 작용할 가능성을 경계하나 AI·히트펌프 호재가 상쇄해 관점 변화 없음.","기술적 지지선(5일선 223,300원) 근방에서 분할 매수 기회로 판단. 개인 및 ETF 수급 유입, AI·히트펌프 신사업 호재가 하방 지지. 현금 비중이 61%로 충분하며, 평단 221,834원 대비 낮은 가격에 추가 매수 시 평단 상승 부담이 크지 않음. 단, 노조 리스크와 FOMC 경계감을 고려해 max_buy_quantity(135주)를 전량 매수하며, 추가 하락 시 대응 가능한 현금을 유지.","매수 후 보유 주식 310주, 평단 약 223,000원 예상. 220,000원 이탈 시 손실 확대 가능성 있으나 현금 28백만원을 보유해 하락 시 추가 대응 가능. 노사 갈등 악화 뉴스 출현 시 220,000원 손절 라인 설정. 변동성 3% 내외로 단기 추가 하락 리스크는 제한적.",
simulation_20260625_194731,2026-05-04,6,A025,2026-05-04,2026-04-30,2026-04-30,2026-05-04,prior_close,0,5,0,0,,,,mixed,sell,62,limit,222500.0,True,"실적 호재와 정책 수급이 지지력을 제공하나, 파업 리스크가 단기 하방 압력으로 작용해 중립-소폭 부정 관점. 5일선과 20일선 사이 박스권 대응을 염두에 두며, 급락 시 저가 매수 기회를 고려하지만 당일은 관망 기조 유지.",이전 중립-소폭 긍정에서 중립-소폭 부정으로 약간 하향 조정. '파업' 관련 헤드라인 비중이 실적 호재를 상쇄하며 단기 리스크를 더 반영함.,"5일선(222,500원) 이탈 상태로 단기 추세 약화 신호. 파업 리스크 부담으로 중립-소폭 부정 관점 하향 조정. 헤드라인 혼조로 당일 관망 우세 속에서 급락 가능성 경계. 보유 주식 중 20%를 5일선 가격에 매도 대기하여 리스크를 축소하고 현금 비중을 확보. 실적 호재는 중장기 지지력이지만 단기적으로는 관망 기조 유지.","손실 구간이지만 급락 시 분할 매수 기회를 위해 현금 비중 31.5%에서 추가 확보. 매도 완료 시 현금 약 14,430천원 증가(수수료 차감 후)하여 총 현금 약 45.8백만원(45.9% 비중). 파업 리스크가 현실화될 경우 추가 손실을 방어하기 위해 5일선 회복 전까지 추가 매수 자제.",
simulation_20260625_194731,2026-05-06,7,A025,2026-05-06,2026-05-04,2026-05-04,2026-05-06,prior_close,0,2,0,0,,,,mixed,sell,50,limit,233000.0,True,"기술적으로는 5일선 지지와 실적 호재가 하방을 막고 있으나, 금리 인상 가능성과 TV업종 우려, 헤드라인 혼조로 단기 방향성이 불확실하다. 현 보유 수량과 현금 비중을 유지하며 박스권 상단 돌파나 급락 시 저가 매수를 염두에 둔 관망이 적절하다.","이전(중립-소폭 부정, 5일선 매도 대기)에서 변화 없음. 매도 체결 후 현금 비중이 늘었고, 5일선 위 안착 확인 중이나 뚜렷한 추세 전환 신호 부재로 관망 유지.","기술적 지표(MA5 상회, 거래량 증가)는 긍정적이나, 현재 주가가 박스권 상단(약 232K)에 근접해 단기 차익 실현 욕구가 있음. 헤드라인 혼조(부정적 뉴스와 금리 인상 우려)로 방향성이 불확실하고, 확신도가 낮아 보유 비중을 소폭 줄여 리스크를 관리하려 함. 미실현 이익(+3.44%) 상태에서 처분효과 성향에 따라 일부 이익을 확보하며 현금 비중을 높이는 것이 적절하다고 판단.","매도 후 현금 비중이 약 55%로 증가하여 하락 시 추가 매수 여력 확보. 매도 수량 50주는 전체 보유(248주)의 20% 수준으로 과도한 비중 축소가 아님. 233,000원은 현재가(232,500원) 대비 소폭 상단 지정가로, 체결되지 않을 경우 보유를 유지하며 관망. 금리 인상 발언과 부정적 헤드라인이 현실화될 경우 추가 하락 리스크에 대비.",
simulation_20260625_194731,2026-05-07,8,A025,2026-05-07,2026-05-06,2026-05-06,2026-05-07,prior_close,0,4,0,0,,,,mixed,buy,30,limit,264000.0,True,"기술적 지표와 수급은 우호적이나, 유가와 물가 리스크가 단기 상승폭을 제한할 수 있음. 현재 보유 비중과 현금을 유지하며 박스권 상단 돌파 여부를 확인하는 관망 전략이 합리적.","이전보다 뉴스에서 긍정 시그널이 강해져 확신도가 소폭 상승했으나, 혼재된 매크로 리스크로 인해 방향성에 대한 확신은 여전히 중간 수준. 박스권 돌파 시 추가 매수를 고려하되 현재는 관망 유지.","헤드라인 스캔 결과 '연금계좌에 삼전닉스 더 담아라', 'AMD 호실적' 등 긍정 뉴스 우세로 투자 심리 지지. 기술적 지표상 5일·20일 이동평균 상회 및 거래량 급증(전일 대비 +61.3%)으로 박스권 상단 돌파 시도 중. 현금 비중 53%로 충분하며, 평단 221,253원 대비 현재가 266K로 미실현 이익이 크지만 손실 시 추가 매수 성향을 고려해 박스권 돌파 전 일부 저가 매수로 평단을 낮추고 상승 리스크도 분산. 단, 유가와 물가 리스크로 추격 매수는 자제하고 264K 지정가로 보수적 진입.","매수 수량 30주(약 7,920,000원)로 가용 현금의 13.4%만 사용해 현금 비중 50% 이상 유지. 유가 상승으로 인한 단기 조정 가능성에 대비, 박스권 하단(230K) 돌파 시 추가 매수 여력 확보. 손실 발생 시 평단 하락을 감안한 추가 매수 전략 유지, 단기 과열 신호(거래량 급감, 270K 돌파 실패) 시 즉시 차익 실현 고려.",
simulation_20260625_194731,2026-05-08,9,A025,2026-05-08,2026-05-07,2026-05-07,2026-05-08,prior_close,0,5,0,0,,,,mixed,sell,49,limit,272000.0,True,"파업 갈등과 반도체 업황 우려가 단기 하방 압력이나, 기술적 지표(이평선 상회, 거래량 증가)와 신공장 호재가 지지. 현 보유 비중과 현금을 유지하며 박스권 상단 돌파 및 재료 확인이 필요.","이전 관망 전략 유지하나, 파업 장기화 뉴스로 단기 리스크 인식 상승. 평택 공장 호재가 버팀목이지만 방향성 확신은 낮아져 보다 보수적 스탠스 강화.","기술적 지표는 긍정적이나 전일 거래량 감소와 파업 장기화·반도체 업황 우려로 단기 상승 동력 약화. 현재 주가가 5일·20일 이동평균 대비 고평가 영역이고, 미실현 이익이 충분히 확보되어 있어 일부 이익을 실현하며 현금 비중을 늘려 리스크를 축소함. 평택 신공장 호재와 정책 호재가 중장기 긍정 요인이지만, 파업 갈등과 불확실성이 단기 변동성을 키울 것으로 판단.","매도 후 현금 비중이 약 67%로 증가하여 하락 시 분할 매수 여력 확보. 현재 평단 대비 22.7% 이익 상태로, 49주 매도로 5.4%의 지분 축소를 통해 급락 시 포트폴리오 손실을 제한. 추후 5일선(243,300원) 부근에서 분할 매수 재개 검토.",
simulation_20260625_194731,2026-05-11,10,A025,2026-05-11,2026-05-08,2026-05-08,2026-05-11,prior_close,0,3,0,0,,,,mixed,sell,20,limit,268000.0,True,"기술적 지표(이평선 상회)와 PER 저평가 분석은 긍정적이나, 거래량 감소·파업·업황 우려·혼재 뉴스가 단기 상승을 제한합니다. 현재 보유 비중(198주)과 현금을 유지하며 박스권 흐름에 대응하는 것이 적절하며, 추가 매수보다는 리스크 관리에 집중해야 합니다.","이전 Belief('현 보유 비중과 현금을 유지하며 박스권 상단 돌파 및 재료 확인 필요')에서 관점 변화는 없습니다. 다만, 전일 거래량 감소와 뉴스 혼조로 인해 상단 돌파 기대가 약화되었고, 리스크 관리 우선 순위가 높아졌습니다. 이익실현 후 현금 비중 확대 결정이 정당화되었습니다.",현재 주가가 단기 고점 부근이고 뉴스 혼조로 추가 상승 확신이 낮아 일부 이익실현하여 리스크 관리 강화,"손실 가능성 대비 현금 비중을 높이고, 추가 하락 시 매수 기회를 위해 현금 확보",
simulation_20260625_194731,2026-05-12,11,A025,2026-05-12,2026-05-11,2026-05-11,2026-05-12,prior_close,0,6,0,0,,,,negative,sell,50,limit,286000.0,True,"파업 리스크가 단기 주가를 억누르는 가운데, 코스피 상승과 구형 반도체 수요 회복이 하단을 지지합니다. 보유 물량은 유지하되 추가 매수는 파업 해소 신호를 확인한 후 결정하는 신중한 관망이 필요합니다.","이전에는 기술적 지표와 PER 저평가에 기반해 중립적 관망이었으나, 파업 리스크가 구체화되면서 단기 부정적 전망이 강화되었습니다. 수익률 15%를 기록한 상황에서 리스크 관리 우선으로 기울었습니다.","파업 리스크가 구체화되며 단기 하방 압력이 확대되었고, 부정적 헤드라인이 압도적입니다. 현재 수익률 15.6%로 이익실현 구간에 진입했으며, 기술적 지표상 5일선(264,800원) 이탈 시 추가 하락 가능성이 있어 리스크 관리 차원에서 일부 매도합니다. 보유 물량 178주 중 50주를 매도하여 현금 비중을 늘리고, 파업 해소 신호 확인 후 재매수 기회를 노립니다.","파업 장기화 시 주가 하락 가능성에 대비해 현금 비중을 확보합니다. 매도 후 현금 약 79,085,493원, 보유 128주로 리스크를 분산하며, 5일선(264,800원) 이탈 시 추가 매도 검토. 손실 확대를 방지하기 위해 수익이 난 구간에서 일부 이익실현을 우선시합니다.",
simulation_20260625_194731,2026-05-13,12,A025,2026-05-13,2026-05-12,2026-05-12,2026-05-13,prior_close,0,4,0,0,,,,mixed,sell,50,limit,280000.0,True,"파업과 성과급 논란이 단기 노이즈이나, 기술적 지지선(5일선)이 유지되는 한 추가 하락보다 중립적 관망이 적절합니다. 거시 호재와 변동성 확대가 공존하므로 보유 물량 유지하며 신호 확인 후 대응이 필요합니다.","이전 belief에서 파업 해소 신호 확인 전 관망 기조를 유지했으나, 이번 뉴스에서 성과급 논란 사설과 코스피 신고가 돌파를 모두 확인하면서 단기 추세 유지 가능성에 무게를 두고 보다 중립적인 관점으로 전환했습니다. 리스크 관리 차원의 부분 매도 의도는 유지하나, 추가 하락 확인 전까지는 현재 포지션을 그대로 가져갑니다.","성과급 논란 사설과 파업 리스크가 단기 노이즈이나, 전일 2.28% 하락과 거래량 증가(14.4%)는 하방 압력 실현 신호. 5일선(274,100원) 이상 유지 중이나, 혼재된 뉴스 속 불확실성 해소 전 일부 차익 실현으로 리스크 축소가 합리적. 26% 수익률(평균 단가 221,253원 vs 현재가 279,000원) 구간에서 과거 수익 조기 실현 패턴을 반영, 보유 비중(약 43%)을 낮춰 현금 비중 확보.","매도 후 현금 78.7백만 원, 보유 128주로 비중 축소(약 36%). 5일선 이탈 시 추가 하락 리스크 대비 현금 확보, 손실 패턴 반복 방지. 매도 지정가 280,000원(전고점 부근)으로 설정, 급락 시 미체결 가능성 감안하되 현재가 대비 소폭 상회하여 체결 가능성 높임. 추가 하락 시 5일선(274,100원) 지지 여부 확인 후 재매수 고려.",
simulation_20260625_194731,2026-05-14,13,A025,2026-05-14,2026-05-13,2026-05-13,2026-05-14,prior_close,0,5,0,0,,,,mixed,buy,1,limit,284000.0,True,"파업 리스크와 외국인 수급 호재가 혼재된 가운데, 기술적 지지선(5일선) 유지 여부가 핵심. 단기 변동성 확대가 예상되므로 보유 물량 유지하며 추가 신호 확인 후 대응 필요.","이전 중립적 관망에서 파업 일정 구체화로 단기 하방 리스크를 더 반영. 기술적 지표는 여전히 긍정적이나, 변동성 확대 구간임을 인지하고 신중한 접근으로 전환.","파업 리스크(21일 구체화)와 외국인 수급 호재가 상충하며 변동성 확대 구간. 현재 주가(284,000원)가 5일선(277,700원) 위에 있어 단기 추세는 유지되나, 거래량 감소와 과열구간(20일선 대비 괴리율 20%)으로 추격 매수 자제. 보유 물량(128주, 미실현이익 28%)은 유지하되, 5일선 이탈 시 손절 대비 필요. 포트폴리오 현금 비중 68%로 안정적이며, 추가 신호(5일선 지지 확인 또는 파업 불확실성 해소) 확인 후 대응 예정.","단기 변동성 확대로 신규 매수 및 추가 매수 자제, 보유 물량 유지. 5일선(277,700원) 하향 이탈 시 손절(일부 매도) 준비. 현금 비중 68% 유지하며 하방 리스크 대비.","hold->buy, price<=0->current_price"
simulation_20260625_194731,2026-05-15,14,A025,2026-05-15,2026-05-14,2026-05-14,2026-05-15,prior_close,0,4,0,0,,,,mixed,sell,10,limit,296000.0,True,"단기 과열 신호(괴리율 23%)와 거래량 둔화가 부담이나, 5일선 지지, 반도체 업황 훈풍, 미국 증시 강세가 하방을 방어. 보유 물량 유지하며 5일선 이탈 시 손절 대비, 추가 상승 신호 확인 후 대응이 적절.","이전에는 파업 리스크와 외국인 수급 혼재로 관망 위주였으나, 이번 헤드라인에서 AI·반도체 긍정 뉴스와 미국 증시 강세를 확인하며 단기 전망을 기존 중립에서 소폭 긍정으로 조정. 다만 과열 구간이어서 추가 매수보다는 보유 유지에 무게.","기술적 과열 신호(20일선 대비 괴리율 23%)와 거래량 증가세 둔화로 단기 조정 리스크 인지. 미실현 이익이 9.5백만원(16.87%)에 달해 일부 차익실현으로 리스크를 관리하고 현금 비중을 확보. 보유 물량 대부분은 유지하되, 5일선(282,600원) 지지 여부를 확인하며 추가 대응 예정. 뉴스는 혼조세로 확신도 중간 수준이므로 과도한 매매보다 소량 매도로 포지션 조정.","손실 가능성에 대비하여 5일선 이탈 시 추가 매도 검토. 현금 비중을 68% 이상 유지하며, 과열 구간에서 추가 매수 자제. 보유 주식 118주로 하방 리스크를 제한하고, 추세 전환 시 신속히 대응.",
simulation_20260625_194731,2026-05-18,15,A025,2026-05-18,2026-05-15,2026-05-15,2026-05-18,prior_close,0,3,0,0,,,,negative,sell,30,limit,270500.0,True,"단기적으로는 5일선 이탈과 파업 악재로 하방 압력이 우세하나, AI 반도체 업황과 중기 추세는 긍정적. 현재 270,500원 지지 여부가 단기 방향성 결정. 보유 물량 유지하며 지지선 확인 후 대응 필요.","이전 belief에서 '5일선 지지, 반도체 업황 훈풍'으로 하방 방어를 기대했으나, 현재 뉴스에서 파업·감산 부정 신호가 강화되고 5일선 이탈 직전까지 와서 단기 관점을 보수적으로 조정.","5일선(283,000원) 이탈 및 파업·감산 부정 뉴스로 단기 하방 압력 우세. 270,000원 지지선 테스트 중으로 추가 하락 시 손실 확대 가능. 보유 물량 중 일부(약 23%)를 익절하여 현금 비중을 높이고 리스크 축소. 평단 대비 수익률 22%로 수익 실현 구간.","현금 비중 69.5%에서 매도 후 78% 이상으로 확대, 추가 하락 시 저가 매수 여력 확보. 270,000원 지지선 붕괴 시 추가 매도 검토. 손실 시 추가 매수 성향을 자제하고 지지선 확인 후 대응.",
