outputs/logs/simulation_20260625_194731/agent_turns.csv
run_id,date,turn,agent_id,decision_date,market_features_date,news_max_date,execution_date,information_mode,news_depth,selected_news_count,read_news_count,search_read_count,depth2_search_keywords,depth2_search_result_count,depth2_view_change,news_sentiment,action,quantity,order_type,price,submitted_order,belief_summary,view_change,decision_reason,risk_control,order_corrections
simulation_20260625_194731,2026-04-24,1,A006,2026-04-24,2026-04-23,2026-04-23,2026-04-24,prior_close,0,4,0,0,,,,mixed,buy,222,limit,224500.0,True,"기술적 지표는 강한 매수 신호(5일·20일선 정배열, 상승 추세, 거래량 동반)이나, 뉴스는 부정·긍정이 혼재되어 신중한 낙관이 필요. 반도체 업황 호황과 GDP 성장이 펀더멘털을 뒷받침하므로 단기 상승을 기대하며 전략적 진입을 고려함.",이전 중립적 관점에서 소폭 긍정적으로 전환. 반도체 업황 호재와 기술적 강세가 부정적 뉴스를 압도한다고 판단.,"기술적 지표(5일·20일선 정배열, 거래량 증가, 상승 추세)가 강한 매수 신호를 보이고, 1분기 GDP 호조와 SK하이닉스 실적 호재가 반도체 섹터에 긍정적 심리를 확산시켜 단기 상승이 기대됨. 헤드라인 스캔 결과 긍정 신호가 부정적 뉴스를 압도한다고 판단. 포트폴리오가 현금 100%로 진입 기회이며, 과거 낮은 성과 경험을 고려해 최대 허용 금액(5,000만 원) 내에서 보수적으로 매수하여 리스크를 제한함.","매수 금액을 가용 현금의 50%(5,000만 원)로 제한하여 손실 시 추가 매수 여력 확보. 현재 주가가 20일선 대비 11% 이상 상승해 단기 조정 가능성을 인지하고, 손절 기준을 5일선(218,300원) 이하로 설정할 계획. 파업·기술 유출 리스크를 모니터링하며, 부정적 뉴스 강화 시 즉시 매도 대응 준비.",
simulation_20260625_194731,2026-04-27,2,A006,2026-04-27,2026-04-24,2026-04-24,2026-04-27,prior_close,0,8,0,0,,,,mixed,buy,22,limit,217000.0,True,"기술적 상승 추세는 유지되나 단기 약세와 혼재된 뉴스로 신중한 입장. 반도체 테마 모멘텀을 고려 시 반등 가능성 있으나, 과거 성과 부진으로 관망하며 추세 확인 후 대응 예정.",이전 낙관적 진입에서 손실 발생 후 신중한 관망으로 전환. 추가 매수보다는 추세 확인에 주력.,"기술적 상승 추세(20일선 위) 유지 중이나 거래량 급감으로 단기 조정 가능성이 있어, 추가 하락 시 분할 매수 전략으로 접근. 반도체 테마 긍정적 모멘텀과 정치권 지원이 중장기 호재이나, 과거 성과 부진 및 손실 상태에서 신중한 관망 필요. 현재 평균 단가(224,500원) 대비 낮은 가격에서 소량 매수해 평균 단가를 낮추고, 현금 비중(50.7%)을 유지하며 리스크 관리.","매수 수량을 최대 허용량(114주)의 약 19%로 제한해 추가 하락 시 현금 확보. 손실 폭이 확대되면 추가 매수보다 관망하며, 20일선(202,742원) 이탈 시 손절 고려. 현금 비중 50% 이상 유지해 변동성 대비.",
simulation_20260625_194731,2026-04-28,3,A006,2026-04-28,2026-04-27,2026-04-27,2026-04-28,prior_close,0,4,0,0,,,,neutral,buy,20,limit,223000.0,True,"기술적 상승 추세는 유지되나 단기 불확실성(거시·FOMC)과 거래량 감소로 관망세가 우세. ETF 수급과 AI 협력은 중장기 호재이나, 과거 성과 부진을 고려해 현재 포지션을 유지하며 추가 신호를 기다리는 것이 적절.","이전에는 '기술적 상승 추세 유지, 단기 약세 혼재로 신중'했으나, 이번에는 ETF 수급 유입과 AI 협력 뉴스를 긍정적으로 반영하면서도 FOMC 불확실성을 더 강조해 관망 성향이 강화됨.","기술적 상승 추세(5일선 위) 유지 중이며, ETF 수급 유입과 AI 협력 긍정적 뉴스가 심리적 지지. 평균 매수 단가와 유사한 수준에서 추가 매수 시 평단 분산 효과 기대. FOMC 불확실성으로 인해 과도한 매수는 자제하고, 현재가 대비 소폭 낮은 지정가로 보수적 매수 진행.","매수 수량 20주로 제한하여 총 현금 대비 약 9.8%만 사용, 과도한 리스크 회피. FOMC 경계감과 거래량 부진을 고려해 추가 하락 시 평단 하락을 감수할 수 있는 범위 내에서만 매수. 미실현 이익이 미미하므로 현금 비중 45% 이상 유지하여 유동성 확보.",
simulation_20260625_194731,2026-04-29,4,A006,2026-04-29,2026-04-28,2026-04-28,2026-04-29,prior_close,0,4,0,0,,,,mixed,buy,30,limit,218500.0,True,"단기적으로 파업 리스크와 AI 호재가 혼재, 기술적 지표는 중립. 추가 하락 가능성에 대비해 현금 비중 유지하며 관망. 중장기 AI 테마는 긍정적이나 단기 변동성에 주의.","이전 belief는 기술적 상승 추세 유지 관망이었으나, 파업 뉴스와 거래량 감소로 단기 하락 리스크 인지. 관점을 중립적에서 약세 가능성 포함으로 변경.","기술적 지표상 ma20(207,892원) 지지선 유지 시 215,000~225,000 박스권 하단에서 매수 기회로 판단. 파업 리스크와 AI 호재 혼재로 확신도는 낮지만, 현금 비중 40.9%를 고려해 추가 하락 시 평단을 낮추기 위한 분할 매수. 현재 손실 상태에서 소극적으로 리스크 관리하면서 기회 포착. 뉴스: 파업 부정적 vs AI 긍정적 혼재, 헤드라인 스캔 결과 중립적 접근.","매수 수량 30주는 최대 허용 수량(92주)의 32.6%로 보수적. 매수 후 현금 비중 약 32.4% 유지. 지정가 218,500원은 현재가 대비 1.6% 낮아 하락 시 진입. 손실이 확대되면 추가 매수보다 관망 우선. 파업 리스크로 추가 하락 가능성 대비, 총 보유 주식 294주(평단 223,330원 예상) 한도 내에서 분할 매수 전략 유지. 총 자산 대비 손실 1% 초과 시 추가 매수 중단 검토.",
simulation_20260625_194731,2026-04-30,5,A006,2026-04-30,2026-04-29,2026-04-29,2026-04-30,prior_close,0,5,0,0,,,,mixed,sell,30,limit,228000.0,True,"단기적으로 노사 리스크와 AI 호재가 혼재하나, 기술적 지표(ma5·ma20 상회)와 긍정적 뉴스가 우세해 중립에서 약간 긍정으로 전환. 현금 비중 40%를 유지하며 추가 상승 시 분할 매도, 하락 시 분할 매수 대비.","이전 관망·추가 하락 대비에서, 주가 상승과 AI·가전 호재로 단기 긍정적 관점 추가. 여전히 확신 낮아 신중한 태도 유지.","현재가 226,000원이 ma20 대비 높고, 추가 상승 시 밸류에이션 부담 증가 우려. 뉴스 혼조 속 확신도 낮아, 일부 차익 실현을 통해 현금 비중을 45%까지 높여 리스크를 낮추려 함. 기술적 지표는 긍정적이나, 개인 성향상 수익 시 빠른 매도를 선호하고 과거 성과가 낮아 보수적 접근.","매도 후 현금 약 47,697,464원(약 47.4%)으로 리스크 완화. 추가 상승 시 잔여 물량 보유로 수익 참여, 하락 시 분할 매수 대비. 노사 갈등과 법적 리스크가 단기 변동성 확대 가능성 있어 현금 비중 확보가 중요.",
simulation_20260625_194731,2026-05-04,6,A006,2026-05-04,2026-04-30,2026-04-30,2026-05-04,prior_close,0,5,0,0,,,,mixed,sell,50,limit,221500.0,True,대통령 발언과 청와대 파업 보고서 등 강한 악재에도 불구하고 압도적인 실적 호재가 지지선을 형성해 중립~약보합 흐름을 예상. 기술적 지표는 긍정적이나 혼재된 뉴스와 낮은 확신도로 인해 현금 비중을 유지하며 관망하는 것이 바람직함.,"이전에는 '중립에서 약간 긍정, 추가 상승 시 분할 매도'를 고려했으나, 이번 뉴스에서 노조 리스크가 정치권·청와대 수준으로 확대된 점을 반영해 중립 쪽으로 무게중심이 이동함. 실적 호재가 강력하지만 악재의 파급력이 더 크게 느껴져 관점이 소폭 하향 조정됨.","뉴스에서 대통령 발언과 청와대 파업 보고서 등 노조 리스크가 정치권 최상위 레벨로 확대된 점이 단기 하방 압력으로 작용할 것으로 판단. 기술적 지표(ma5 하회)와 혼조된 시장 심리, 낮은 확신도(medium)를 고려해 보유 물량 중 일부를 차익 실현 및 리스크 축소 목적으로 매도. 평균 매수 단가(223,761원) 대비 소폭 손실이나, 추가 하락 시 손실 확대를 방지하기 위해 221,500원(현재가 대비 +0.45%)에 지정가 매도하여 현금 비중을 높이고 관망 전환.","손실 가능성을 고려하여 보유 주식(264주)의 약 19%만 매도해 현금 비중을 41%에서 52%로 확대. 추가 악재 발생 시 21만원 초반 이탈 가능성에 대비해 현금을 확보하고, 반등 시 추가 매도 기회를 모색. 과거 수익 시 조기 매도 성향을 감안해 소량 매도로 리스크를 관리하며, 확신도가 낮은 상황에서 무리한 베팅을 자제.",
simulation_20260625_194731,2026-05-06,7,A006,2026-05-06,2026-05-04,2026-05-04,2026-05-06,prior_close,0,3,0,0,,,,negative,sell,100,limit,232500.0,True,"기술적 지표는 긍정적이나, 금리 인상 가능성, TV 사업 위기, 부정적 투자 심리 등 악재가 우세해 향후 1개월은 약세를 예상한다. 현재 밸류에이션 매력이 낮고 시장 심리도 위축되어 있어, 추가 하락 리스크를 관리하는 방향이 바람직하다.","이전에는 중립~약보합을 예상하며 관망했으나, 이번 뉴스에서 금리 인상과 TV 사업 위기가 구체화되면서 부정적 관점으로 전환했다. 확신도는 여전히 medium 수준이나, 하방 리스크를 더 크게 본다.","금리 인상 가능성, TV 사업 위기, 부정적 투자 심리 등 악재 우세로 향후 1개월 부정적 전망. 미실현 이익(1,870,068원)을 확보하고 하방 리스크를 줄이기 위해 보유 물량의 일부(약 47%)를 매도. 기술적 지표는 긍정적이나 뉴스와 거시 악재가 단기 추세를 꺾을 위험이 크다고 판단.","손실 시 추가 매수 성향을 자제하고, 현금 비중을 늘려 리스크 관리. 매도 후 현금 약 75,766,651원, 보유 114주로 총 자산 변동성 완화. 추가 하락 시 재매수 기회를 확보.",
simulation_20260625_194731,2026-05-07,8,A006,2026-05-07,2026-05-06,2026-05-06,2026-05-07,prior_close,0,4,0,0,,,,positive,buy,10,limit,266000.0,True,"기술적 강세와 반도체 업황 모멘텀이 뉴스 및 시장 심리와 맞물려 긍정적 흐름을 지지하나, 거시 불확실성과 밸류에이션 부담이 상승폭을 제한할 수 있어 신중한 낙관이 필요하다.","이전에는 금리 인상, TV 사업 위기 등 악재를 우려해 단기 약세를 예상했으나, 실제 주가 급등과 긍정적 뉴스(반도체 회복, 기관 수급)로 인해 단기 전망을 상향 조정. 리스크 관리 기조는 유지하나 추세에 편승하는 방향으로 전환.","기술적 강세(이평 정배열, 거래량 증가)와 긍정적 뉴스(AMD 호실적, HBM 테마, 기관 수급)가 반도체 업황 회복 기대를 강화. Belief가 단기 전망 상향 조정되어 추세 편승 전략에 부합. 포트폴리오는 미실현 이익 상태이나, 추가 상승 가능성을 고려하여 소량 매수로 리스크를 관리하며 상승 모멘텀에 참여.","매수 규모를 소량(10주)으로 제한하여 현금 비중 유지(약 76% 현금). 손실 시 추가 매수보다는 손절매 기준 설정 필요. 단기 급등에 따른 조정 리스크를 인지하고, 20일 이동평균선(약 217,775원) 이하 하락 시 포지션 축소 고려.",
simulation_20260625_194731,2026-05-08,9,A006,2026-05-08,2026-05-07,2026-05-07,2026-05-08,prior_close,0,5,0,0,,,,negative,sell,30,limit,271500.0,True,"기술적 강세(이평 정배열, 상승 추세)가 유지되고 있지만, 파업·성과급 갈등과 원화 강세 등 부정적 뉴스가 단기 변동성을 키울 수 있어 신중한 관점 필요. 평택 신공장 호재는 중장기적으로 긍정적이나 당장 주가에 반영되기엔 시간 필요.",기존 '신중한 낙관'에서 '단기 중립·관망'으로 조정. 긍정적 기술 신호에도 불구하고 뉴스 부정성이 확대되어 추가 매수보다 보유 비중 유지에 초점.,"기술적 이평 정배열은 유지 중이나, 파업·성과급 갈등 등 부정적 뉴스와 거래량 감소로 단기 조정 가능성이 존재. 현재 21.3%의 미실현 이익이 있는 상태에서 일부 차익 실현을 통해 리스크를 관리하고 현금 비중을 확보하는 것이 합리적. 과거 낮은 성과와 악재 민감성을 고려할 때, 보유 비중을 줄이는 방향이 적절.","손실 가능성에 대비하여 현금 비중을 70% 이상 유지. 추가 하락 시 5일선(243,300원) 부근에서 분할 매수 기회를 모색하되, 당장은 변동성 확대에 대비한 현금 확보가 우선. 매도 후에도 84주 보유로 추세 추종 기조는 유지.",
simulation_20260625_194731,2026-05-11,10,A006,2026-05-11,2026-05-08,2026-05-08,2026-05-11,prior_close,0,3,0,0,,,,mixed,sell,20,limit,268500.0,True,기술적 강세는 유지되나 거래량 감소와 혼조 뉴스로 단기 변동성 확대. PER 저평가 논리는 중장기 긍정적이나 부정적 헤드라인이 불안감을 키워 신중한 관점 유지. 현재 수익 상태에서 추가 매수보다는 현상 유지 또는 일부 차익 실현 고려.,"이전에는 기술적 강세 속 부정적 뉴스로 신중했으나, 이번에는 거래량 감소와 '성급히 매도하지 마라'는 뉴스가 더해져 단기 조정 가능성에 무게를 둠. 추가 매수 의지 약화.","거래량 급감(전일 대비 -37.5%)과 혼조 뉴스(부정적 헤드라인 우세)로 단기 조정 가능성이 높아졌고, 확신도가 낮아 추가 매수보다 리스크 관리가 우선. 현재 수익률 9.71% 구간에서 일부 차익 실현을 통해 현금 비중을 늘리고, 향후 하락 시 매수 기회를 확보하기 위해 20주 매도 결정.","손실 가능성에 대비해 현금 비중을 현재 72%에서 소폭 확대(약 74%로 증가)하여 변동성 리스크 완화. 보유 주식 수를 114주에서 94주로 줄여 단기 조정 시 포트폴리오 손실을 제한. 추가 하락 시 260,000원 부근 지지 여부를 확인 후 분할 매수 계획.",
simulation_20260625_194731,2026-05-12,11,A006,2026-05-12,2026-05-11,2026-05-11,2026-05-12,prior_close,0,7,0,0,,,,negative,sell,30,limit,285500.0,True,"파업 리스크가 단기 주가에 부담이나, 기술적 강세와 거시적 호재가 혼재된 상황. 중장기 저평가 논리는 유효하나 단기 변동성이 커 신중한 관망이 필요하며, 현재 수익 상태에서 무리한 추가 매수보다 리스크 관리에 집중.","이전에는 기술적 강세와 저평가 논리를 바탕으로 신중한 현상 유지 관점이었으나, 오늘 파업 관련 부정적 뉴스가 집중되면서 단기 리스크 인식이 강화됨. 확신도가 낮아져 추가 매수 의지는 약화되고, 차익 실현 또는 현금 비중 확대 쪽으로 기울어짐.","파업 리스크 부정적 헤드라인('공멸', '최후협상') 집중으로 단기 불확실성 확대. 기술적 강세에도 거래량 증가율(0.39)이 낮아 추가 상승 동력 약함. 수익률 11.65% 상태에서 차익 실현으로 현금 비중 확대가 리스크 관리에 유리. 보유 94주 중 30주만 부분 매도해 리스크 완화와 상승 가능성 일부 유지.","파업 현실화 시 추가 하락 가능성을 고려해 수익 일부 실현 후 현금 비중(현재 약 76%)을 80% 이상으로 확대. 나머지 64주는 중장기 저평가 논리 보유하나, 추가 부정적 뉴스 시 추가 매도 검토. 손실 발생 시 감정적 추가 매수 성향 자제.",
simulation_20260625_194731,2026-05-13,12,A006,2026-05-13,2026-05-12,2026-05-12,2026-05-13,prior_close,0,1,0,0,,,,mixed,sell,30,limit,280000.0,True,단기 기술적 강세와 거시 호재가 공존하나 삼성전자 내부 이슈와 상승 탄력 둔화로 추가 상승보다 횡보·조정 가능성에 무게. 현재 수익률 11%에서 리스크 관리가 우선.,"이전보다 단기 상승 기대를 낮추고, 파업 리스크보다 내부 성과급 논쟁과 거래량 둔화를 더 경계. 관망 성향 유지.",단기 기술적 강세(5일선 위) 유지 중이나 전일 음봉 마감과 거래량 대비 상승 탄력 둔화로 추가 상승보다 횡보·조정 가능성에 무게. 내부 성과급 논쟁 부정적 헤드라인과 개인 차익실현 욕구 혼재. 현재 수익률 11%에서 일부 차익실현으로 리스크 관리 우선. 미실현 이익 보호와 현금 비중 확대를 위해 보유분의 약 32% 매도 결정.,"현금 비중 76.4%에서 매도 후 약 82%로 확대, 하락 시 추가 매수 여력 확보. 손실 가능성 대비 보유 물량 축소로 변동성 리스크 완화. 단기 추세 반전 시 잔여 64주 보유로 추가 대응 가능.",
simulation_20260625_194731,2026-05-14,13,A006,2026-05-14,2026-05-13,2026-05-13,2026-05-14,prior_close,0,5,0,0,,,,negative,sell,10,limit,284000.0,True,"단기 기술적 강세는 유지 중이나 노조 파업 리스크와 반도체 업황 경고로 추가 상승보다 조정 가능성이 커졌습니다. 현재 수익률 11%에서 리스크 관리가 우선이며, 보유 비중 축소가 바람직합니다.","이전에는 단기 강세와 거시 호재를 고려했으나, 오늘 부정적 뉴스 헤드라인(파업·소송·업황 경고)이 다수 확인되어 단기 전망을 하향 조정합니다. 상승 탄력 둔화와 리스크 요인에 더 무게를 둡니다.","단기 기술적 강세는 유지되나 거래량 감소(전일 대비 -13.76%)와 노조 파업·마이크론 경고 등 부정적 뉴스 헤드라인이 다수 확인되어 조정 가능성이 높아졌습니다. 현재 수익률 11.50%에서 리스크 관리가 우선이라고 판단, 보유 비중을 축소하여 현금 비중을 높이는 것이 바람직합니다. 5일선(277,700원) 이탈 시 추가 하락 리스크를 대비합니다.","손실 회피 성향을 반영하여 현재 수익률 구간에서 일부 차익을 실현하고 현금 비중을 확대합니다. 파업 및 업황 경고로 단기 변동성이 확대될 가능성에 대비하며, 보유 잔여 수량(54주)의 평단가(223,761원) 대비 충분한 마진을 확보한 상태에서 관망합니다.",
simulation_20260625_194731,2026-05-15,14,A006,2026-05-15,2026-05-14,2026-05-14,2026-05-15,prior_close,0,4,0,0,,,,positive,sell,10,limit,296000.0,True,단기 상승세는 유지되나 거래량 감소와 외부 리스크(노조·업황 경고)로 추가 상승보다 조정 가능성에 무게. 밸류에이션 부담과 확신 부족으로 현 보유 비중 유지 또는 소폭 축소가 바람직.,"이전에는 단기 강세 유지 속 조정 가능성을 고려한 축소 전략이었으나, 오늘 뉴스(반도체 훈풍, 증시 강세)로 긍정 요인이 더해져 보유 비중 유지 쪽으로 무게 이동. 그러나 확신은 여전히 medium 수준.","단기 상승세 유지 중이나 거래량 감소로 모멘텀 약화, 300,000원 박스권 상단 근접 및 밸류에이션 부담으로 추가 상승 확신 부족. 뉴스는 긍정적이나 직접 호재 부족, 노조 파업 리스크와 개인투자자 이익실현 욕구가 상승 제한 가능성. 포트폴리오 현금 비중 85.8%로 높지만, 과거 성과가 낮아 리스크 관리 차원에서 소폭 이익실현하며 현금 비중 유지. 헤드라인 스캔형 정보 해석 깊이 부족으로 보수적 접근.","이익실현 규모를 보유 수량의 약 18.5%(10주)로 제한하여 상승 시 추가 이익 기회 유지. 손실 가능성(5일선 이탈 시 280,000원 조정)에 대비해 현금 비중을 높게 유지하며, 매도 후 현금 99,644,756원(약 88.8%)으로 안정적 포지션 확보.",
simulation_20260625_194731,2026-05-18,15,A006,2026-05-18,2026-05-15,2026-05-15,2026-05-18,prior_close,0,4,0,0,,,,negative,sell,27,limit,270500.0,True,"단기 상승 모멘텀이 약화되고 파업·감산 리스크가 부각되며 조정 가능성이 높아졌다. 밸류에이션 부담과 뉴스 부정적 해석, 개인 성향상 확신 부족으로 추가 매수보다 현금 비중 유지가 바람직하다.","이전에는 ‘단기 상승세 유지되나 거래량 감소로 소폭 축소’ 관점이었으나, 이번에는 ‘파업 리스크 현실화와 지지선 하향 언급’으로 부정적 전망이 강화되어 추가 하락 조정 가능성에 무게를 둔다. 관점이 다소 약세로 전환되었다.","파업 리스크 현실화, 거래량 감소, 5일선 하향 돌파 등 기술적 약화 신호와 밸류에이션 부담으로 단기 추가 하락 가능성이 높아졌습니다. 현재 미실현 이익 10.89% 상태에서 수익 시 조기 매도 성향에 따라 일부 이익실현하여 현금 비중을 확대하는 것이 리스크 관리에 적합하다고 판단했습니다. 보유 주식의 절반(27주)을 매도함으로써 추가 하락 시 손실을 제한하고, 향후 지지선 부근에서 재매수할 여력을 확보합니다.","파업 리스크가 해소되고 거래량 회복 등 긍정적 신호가 확인되기 전까지 현금 비중을 90% 이상 유지합니다. 손실 시 추가 매수 성향을 자제하고, 매도 후 주가가 더 하락할 경우 260,000원 부근에서 분할 매수 기회를 모색할 계획입니다. 단기 변동성에 대비하여 과도한 매매를 피하고 보수적 운용을 지속합니다.",
