outputs/logs/simulation_20260625_194731/agent_turns.csv
run_id,date,turn,agent_id,decision_date,market_features_date,news_max_date,execution_date,information_mode,news_depth,selected_news_count,read_news_count,search_read_count,depth2_search_keywords,depth2_search_result_count,depth2_view_change,news_sentiment,action,quantity,order_type,price,submitted_order,belief_summary,view_change,decision_reason,risk_control,order_corrections
simulation_20260625_194731,2026-04-24,1,A019,2026-04-24,2026-04-23,2026-04-23,2026-04-24,prior_close,1,6,10,0,,,,mixed,buy,89,limit,218300.0,True,"단기적으로 노조 갈등과 기술 유출 리스크가 주가에 부담을 주겠지만, 반도체 업황 호조와 거시경제 지표 개선이 하방을 지지할 것이다. 현재 밸류에이션은 중립적이나 내부 이슈 해결 여부가 관건이며, 중장기 혁신 기술 모멘텀은 긍정적으로 평가한다.","초기 중립적 관점에서 단기 부정 요인이 우세해 소폭 약세 전망으로 조정했으나, 업황 훼손이 아닌 일시적 리스크로 판단해 전반적인 신뢰는 유지한다.","현재 주가(224,500원)가 5일선(218,300원) 대비 2.8% 높아 단기 조정 가능성을 고려, 5일선 지지 구간에서 저가 매수 기회를 포착. 반도체 업황 호조와 GDP 성장이라는 거시 펀더멘털이 견고하나, 노조 리스크와 기술 유출 악재로 단기 하방 압력이 예상되어 추가 하락 시 분할 매수 전략이 적합. 보유 현금 100% 상태에서 첫 진입으로 보수적 수량(최대 매수 가능 222주의 40% 수준)을 설정하여 리스크를 제한.","단기 악재(노조 갈등, 기술 유출)가 주가에 추가 하락 압력을 줄 수 있으므로, 5일선(218,300원) 이하로 하락 시 추가 분할 매수 계획. 매수 후 현금 비중을 80% 이상 유지하여 추가 하락 시 대응 여력 확보. 손실 발생 시 처분효과에 따른 추가 매수 성향을 자제하고, 20일선(200,772원)까지 하락 시 저평가 매력이 부각되면 추가 진입 검토.",
simulation_20260625_194731,2026-04-27,2,A019,2026-04-27,2026-04-24,2026-04-24,2026-04-27,prior_close,1,5,10,0,,,,mixed,buy,10,limit,219000.0,True,"단기적으로 노사 리스크가 혼란을 주지만, 1분기 실적 호조와 정책 지원이 주가 하단을 지지할 것. 밸류에이션은 여전히 매력적이며, 5일선(219,000원) 지지 여부가 단기 방향을 결정할 핵심 변수다. 중장기적으로 AI·HBM 경쟁력과 반도체 클러스터 확장을 긍정적으로 본다.","이전 belief에서 단기 노조 갈등과 기술 유출 우려를 강조했으나, 이번 뉴스를 통해 1분기 실적 서프라이즈 규모(57조원)와 정부의 반도체 산단 지원 의지를 재확인하여 긍정적 요소의 비중을 높임. 변동성 구간에서도 하단 지지력이 더 강하다고 판단.","5일선 지지 확인 및 저평가 매력 유지, 소액 분할 매수로 포지션 강화","손실 시 추가 매수 가능, 현금 비중 80% 유지로 리스크 제한",
simulation_20260625_194731,2026-04-28,3,A019,2026-04-28,2026-04-27,2026-04-27,2026-04-28,prior_close,1,6,10,0,,,,mixed,buy,55,limit,224000.0,True,"단기적으로 반도체 호실적과 정책 지원이 주가를 지지하며 추가 상승이 기대되나, ETF 쏠림과 FOMC 변수는 변동성을 키울 수 있다. 밸류에이션은 여전히 저평가 상태로, 분할 매수를 통해 장기 보유 관점을 유지한다.","이전에는 노조 리스크를 단기 혼란 요인으로 보며 하단 지지에 초점을 뒀으나, 오늘 뉴스에서 ETF·반도체 수요 호조가 더 강조돼 상승 쪽으로 무게가 기울었다. 변동성 대비는 유지한다.","밸류에이션이 여전히 저평가 구간이며, 반도체 호실적과 정책 지원이 주가를 지지하고 있습니다. 20일 변동성이 안정적이고 거래량이 증가하며 매수세가 유입되고 있어 단기 상승 흐름이 기대됩니다. 현금 비중이 78%로 높아 분할 매수 기회로 활용하며, 저가 매수 기회를 잡기 위해 현재가보다 소폭 낮은 지정가로 주문합니다.","단기 변동성에 대비해 분할 매수로 리스크를 분산하며, 최대 단일 매수 금액(39,185,245원) 이내로 제한합니다. ETF 쏠림과 FOMC 리스크로 인한 급락 시 추가 매수 여력을 유지하기 위해 현금 비중을 60% 이상으로 관리합니다. 현재 수익률이 0.6%로 낮아 조기 매도보다는 장기 보유 관점을 유지합니다.",
simulation_20260625_194731,2026-04-29,4,A019,2026-04-29,2026-04-28,2026-04-28,2026-04-29,prior_close,1,5,10,0,,,,mixed,sell,77,limit,224000.0,True,"AI 반도체 수요와 가전 구조조정은 내재가치 상승 요인이나, 파업 리스크와 단기 차익실현 욕구가 혼재된 박스권 장세. 저평가 상태를 유지하므로 추가 하락 시 분할 매수로 대응하며, 중장기 긍정 전망을 유지하되 단기 변동성에 대비해 현금 비중을 안정적으로 운용할 필요가 있음.","기존의 '반도체 호실적과 정책 지원이 추가 상승 견인' 관점에서 '박스권 등락 전망'으로 단기 전망을 하향 조정. 노조 파업 리스크와 ETF 쏠림 부담이 변동성을 키울 것으로 보아, 추가 매수 속도를 늦추고 20일선 부근에서 기회를 포착하는 쪽으로 전략을 미세 조정함.","시장 분석 결과 단기 박스권(220K~230K) 등락 전망과 거래량 감소로 상승 동력 약화가 예상됨. 전일 종가 222,000원 대비 소폭 상승한 224,000원을 목표가로 설정하여 절반(77주) 차익실현. 보유 수익률 0.25%로 처분효과에 따라 수익 구간에서 일부 매도하며, 현금 비중을 약 66%에서 83%로 확대해 노조 파업 리스크와 변동성에 대비. 중장기 저평가 매력은 인정하나, 단기 혼조세 속 리스크 관리 우선.","매도 후 현금 비중 83% 유지로 하락 시 저가 매수 여력 확보. 노조 파업 장기화나 220K 이탈 시 추가 매수 기회로 활용. 분할매수 전략 유지하되, 20일선(208K) 부근까지 조정 시 재진입 계획. 현재 주가 222,000원 대비 괴리율 6.8%로 단기 과열 가능성 존재하여 보수적 대응.",
simulation_20260625_194731,2026-04-30,5,A019,2026-04-30,2026-04-29,2026-04-29,2026-04-30,prior_close,1,6,10,0,,,,mixed,buy,20,limit,224000.0,True,"중장기 저평가 매력과 AI 성장성은 유효하나, 노사 리스크와 단기 차익실현 욕구로 단기 박스권 예상. 추가 하락 시 분할 매수 기회로 활용하며, 현금 비중 안정적 유지.","이전보다 단기 상승 가능성 소폭 상향(주가 반등 및 기술적 지지), 노사 갈등 지속은 동일. 신사업 뉴스 긍정적 반영.","Belief 상 1개월 박스권(220K~230K) 예상과 저평가 매력, 기술적 지지(5일선 상회)에 기반. 추가 하락 시 분할 매수 기회로 판단하여 224,000원(5일선 근처)에 소량 매수. 뉴스는 중립~긍정, 포트폴리오 현금 비중 82.7%로 충분한 여력 보유.","노사 갈등과 오픈AI 우려로 단기 변동성 리스크 존재. 추가 하락 시(220K 이하) 추가 분할 매수 가능, 현금 비중 70% 이상 유지. 매수 규모는 현금의 5.4% 수준으로 보수적 실행.",
simulation_20260625_194731,2026-05-04,6,A019,2026-05-04,2026-04-30,2026-04-30,2026-05-04,prior_close,1,5,10,0,,,,mixed,buy,10,limit,218500.0,True,"1분기 사상 최대 실적과 메모리 초호황은 중장기 저평가 매력을 강화하나, 노조 파업 리스크와 정부 우려가 단기 주가를 박스권에 묶어둘 전망. 현금 비중이 충분하므로 추가 하락 시 분할 매수 기회로 활용하며, 차익실현 욕구보다는 신중한 대응이 필요.","이전 Belief에서 '단기 박스권 예상, 추가 하락 시 분할 매수' 기조는 유지하나, 어제 실제 1분기 실적 확정치(영업이익 57조)와 메모리 이익률 73%를 확인하며 저평가 확신이 강화됨. 반면 파업 리스크가 정부 차원의 보고서로 현실화되면서 단기 변동성 리스크를 더 무겁게 인식하게 되어, 매수 속도를 더욱 보수적으로 조정함.","현재 주가 220,500원은 1분기 확정 호실적(영업이익 57조, 메모리 이익률 73%) 대비 역사적 저평가 구간(PER 6~7배)이나, 노조 파업 리스크와 정부 우려로 단기 변동성이 확대되어 추가 하락 가능성이 있음. 215K~220K 구간에서 분할 매수 전략에 따라 218,500원에 소량 매수하여 평균단가를 낮추고 장기 저평가 기회를 활용. 현금 비중 79%로 충분한 여력이 있어 한 번에 큰 금액을 매수하지 않고 보수적으로 접근.","파업 리스크가 현실화될 경우 추가 하락 가능성을 고려하여, 이번 매수는 분할 매수의 첫 단계로 소량(10주)만 실행. 매수 후에도 현금 비중을 70% 이상 유지하여 변동성에 대비하며, 추가 하락 시 215K, 210K 구간에서 추가 분할 매수를 계획. 미실현손실이 발생하더라도 과거 투자 성과와 내재가치 확신에 기반하여 손절 없이 보유 및 추가 매수 원칙을 유지.",
simulation_20260625_194731,2026-05-06,7,A019,2026-05-06,2026-05-04,2026-05-04,2026-05-06,prior_close,1,4,10,0,,,,mixed,buy,5,limit,232500.0,True,"1분기 호실적과 저평가 매력이 중장기 기회이나, 금리 인상 우려와 노조 리스크로 단기 박스권 예상. 현금 비중 충분하므로 추가 하락 시 분할 매수 기회를 모색하며 현재 보유 비중 유지.","이전 대비 주가 상승으로 단기 차익실현 욕구가 생길 수 있으나, 저평가 매력과 현금 비중을 고려해 보유 유지. 금리 인상 리스크를 새로 인지하며 신중한 관점 유지.","저평가 매력과 충분한 현금 비중을 고려, 소량 매수로 장기 포트폴리오 강화. 현재가가 5일선 및 20일선 위에 있어 단기 추세는 우호적이나, 거래량 감소와 금리 리스크로 인해 적극적 매수는 자제하고 소량만 매수.",추가 하락 시 220K 이하에서 분할 매수 계획 유지. 현금 비중 78%로 충분하여 소량 매수에도 리스크 부담 적음. 손실 시 추가 매수 원칙 준수.,
simulation_20260625_194731,2026-05-07,8,A019,2026-05-07,2026-05-06,2026-05-06,2026-05-07,prior_close,1,6,10,0,,,,mixed,buy,30,limit,260000.0,True,"단기 박스권 전망 속에서 저평가 매력과 반도체 업황 호조는 중장기 기회이나, 노조 리스크와 물가 상승이 단기 변동성을 높임. 현금 비중을 유지하며 조정 시 분할 매수 기회를 모색하는 전략이 적합.","이전과 유사하게 단기 박스권 전망을 유지하나, 주가 상승으로 인해 추가 매수 시점을 더 신중하게 판단하게 됨. 노조 리스크와 물가 상승이 예상보다 부정적 영향을 줄 가능성을 고려하여 보다 보수적인 관점으로 전환.","현재 주가 266,000원은 내재가치 대비 저평가된 측면이 있고, 중장기 AI 반도체 수요와 HBM 성장이 실적 개선을 뒷받침할 것으로 판단. 단기 박스권 하단(260,000원)에서 분할 매수 기회를 모색하기 위해 지정가 매수 주문. 보유 현금이 충분하고(79백만원), 매수 후에도 현금 비중이 70% 이상 유지되어 리스크 관리에 무리가 없음. 다만 노조 리스크와 물가 상승으로 인한 변동성 확대 가능성을 고려하여 보수적인 수량(30주, 약 7.8백만원)으로 제한.","매수 후 현금 비중 약 67% 유지, 보유 주식 수 127주로 증가하나 총 자산 대비 주식 비중 32%로 안정적 분산 유지. 260,000원 이하로 하락 시 추가 분할 매수 계획, 손실 시 추가 매수 원칙에 따라 대응. 노조 파업 리스크와 물가 상승이 예상보다 부정적일 경우 추가 매수 중단 및 현금 보유 확대.",
simulation_20260625_194731,2026-05-08,9,A019,2026-05-08,2026-05-07,2026-05-07,2026-05-08,prior_close,1,6,10,0,,,,mixed,buy,35,limit,260000.0,True,"단기적으로 노조 리스크와 거시 비용 상승이 주가 상단을 제한하는 박스권 장세가 예상되나, 중장기 저평가 매력과 AI·반도체 수요 호조는 유효. 현재는 관망하며 조정 시 분할 매수 기회를 모색하는 전략이 적합하며, 이전 관점(단기 박스권 + 저평가 기회)을 유지하되 변동성 확대 가능성을 더 반영함.","이전 belief('단기 박스권 전망 속에서 저평가 매력과 반도체 업황 호조, 현금 비중 유지하며 조정 시 분할 매수')를 기본 유지하되, 노조 파업 장기화와 전기비 급등 리스크를 추가 반영해 단기 전망을 더 보수적으로 조정. 커뮤니티 의견(차익실현·관망)과 뉴스(원화 강세·LNG 가격 압력)를 반영해 변동성 확대 가능성을 높게 평가.","Belief와 시장 분석에서 단기 박스권 하단(260,000원) 근처에서 저평가 매력과 분할 매수 기회를 강조. 현재 23% 수익 중이며 현금 비중이 75%로 높아 조정 시 매수 여력 충분. 노조 리스크와 거시 악재가 상단을 제한하나 중장기 저평가 및 AI 수요 호조를 감안해 박스권 하단에서 분할 매수로 리스크 분산. 핵심 근거: 저평가 지표(12M Fwd PER 7.7배)와 포트폴리오 현금 비중.","지정가 260,000원으로 매수하여 하방 리스크 제한. 추가 하락 시 분할 매수 계획 유지, 단기 변동성 확대에 대비해 현금 비중 60% 이상 유지. 손실 가능성 대비 평균 단가 관리와 거래량 감소에 따른 과열 해소 리스크 고려.",
simulation_20260625_194731,2026-05-11,10,A019,2026-05-11,2026-05-08,2026-05-08,2026-05-11,prior_close,1,4,10,0,,,,mixed,sell,20,limit,268500.0,True,"단기 박스권 장세 속 저평가 매력과 AI 모멘텀은 유효하나, DX 부문 리스크와 노조 변수가 상단을 제한. 현금 비중을 활용한 분할 매수 기회를 모색하며 중장기 관점 유지.","기존 단기 박스권 + 저평가 기회 관점 유지하나, DX 부문 부진과 중국 경쟁 심화를 더 반영하여 신중함 강화. 저평가 뉴스가 장기 보유 신념을 강화.","단기 박스권 상단(268,500원)에서 일부 이익 실현. 거래량 감소와 DX 부문 리스크로 단기 상승 제한 예상. 저평가 장기 관점은 유지하나, 현금 비중을 높여 추가 하락 시 매수 기회 확보. 수익 시 빠른 매도 성향 반영.","20주 매도로 보유 비중 80% 유지, 손실 시 추가 매수 여력 확보. 손실 확대 시 260,000원 이하에서 분할 매수 계획.",
simulation_20260625_194731,2026-05-12,11,A019,2026-05-12,2026-05-11,2026-05-11,2026-05-12,prior_close,1,7,10,0,,,,mixed,sell,10,limit,285500.0,True,"단기적으로 노조 파업 리스크와 급등 피로감이 주가를 260,000~280,000원 박스권에 묶을 것이나, 반도체 업황 호조와 정부의 저평가 인식이 중장기 상승 동력을 유지. 저평가 매력은 여전하나, 노사 협상 결과를 확인하며 분할 매수 기회를 저울질하는 보수적 접근이 바람직.","이전에는 단기 박스권 속 저평가 매수 기회를 모색하겠다는 입장이었으나, 오늘 뉴스에서 파업이 21일로 구체화되고 노사 간극이 좁혀지지 않은 점을 반영해 단기 리스크를 더 무겁게 평가. '분할 매수'보다 '관망 후 확인 매수'로 전환하여 보수적 관점 강화.","단기 노조 파업 리스크(21일)와 급등 피로감으로 박스권 상단(285,000~290,000원)에서 조정 압력 예상. 현재 29.5% 수익 중인 포지션 일부 차익 실현하여 리스크 축소. 매도 후 현금 비중 증가(약 82%)로 파업 리스크 해소 시 저가 매수 기회 대비. 뉴스의 노조 리스크와 기술적 과열 신호가 핵심 근거.","매도 수량 10주(보유의 13%)로 보수적 차익 실현. 추가 하락 시 260,000원 부근 분할 매수 계획. 현금 비중 82%로 유동성 충분히 확보, 노사 협상 결과 모니터링 후 재진입 검토.",
simulation_20260625_194731,2026-05-13,12,A019,2026-05-13,2026-05-12,2026-05-12,2026-05-13,prior_close,1,6,10,0,,,,mixed,buy,36,limit,274000.0,True,"단기적으로 노조 리스크와 급등 피로감이 주가를 박스권에 묶겠지만, 역사적 저평가와 반도체 업황 호조가 중장기 상승 동력을 유지. 2%대 하락은 분할 매수 기회로 활용하되, 노사 협상 결과를 확인하며 보수적 접근이 바람직.","이전 Belief 대비 단기 하락 압력을 더 현실적으로 반영. 노조 파업 리스크가 실제 주가 하락(2.28%)으로 이어졌고, 커뮤니티 의견을 통해 저평가 매력과 단기 경계심을 균형 있게 조정. 중장기 긍정 전망은 유지하나, 단기 변동성에 더 민감해짐.","2%대 하락 시 분할 매수 기회로 판단, 5일선(274,100원) 부근에서 저가 매수 시 평균 단가 낮출 수 있음. 역사적 저평가(PER 10.5배, PBR 저점)와 반도체 업황 호조가 중장기 상승 동력 유지. 개인 순매수와 씨티그룹 목표주가 상향이 하방 지지. 현금 비중 79.8%로 충분한 대응 여력 보유. 단기 변동성 리스크 고려해 분할 접근.","단기 노조 파업 리스크와 외국인 매도 지속 시 추가 하락 가능성 대비해 분할 매수 전략 유지. 36주 매수 시 보유 비중 약 28%로 안정적 수준 유지. 5일선 이탈 시 추가 하락(270,000원) 가능성에 대비해 현금 68% 이상 유지. 노사 협상 결과 확인 전 과도한 매수 자제.",
simulation_20260625_194731,2026-05-14,13,A019,2026-05-14,2026-05-13,2026-05-13,2026-05-14,prior_close,1,6,10,0,,,,mixed,buy,53,limit,278000.0,True,"단기적으로 노조 파업 리스크가 주가를 박스권에 묶겠지만, 역사적 저평가와 반도체 슈퍼사이클, 외국인 수급 개선이 중장기 상승 동력을 유지. 2%대 조정 시 분할 매수 기회로 활용하며, 파업 결과와 정부 개입 여부를 주시하며 보수적 접근 유지.","이전 대비 노조 파업이 현실화되며 단기 리스크가 구체화되었으나, 정부 긴급조정권 가능성과 외국인통합계좌 도입이라는 새로운 호재가 추가되어 관점이 '혼조 속 저가 매수 기회'로 미세 조정됨.","현재 PER 10.5배, PBR 저점 수준의 역사적 저평가 구간에서 반도체 슈퍼사이클과 사상 최대 실적 전망이 펀더멘털을 지지합니다. 단기적으로 5/21 노조 파업 리스크가 하방 압력을 가하나, 정부 긴급조정권 가능성과 외국인 수급 유입 기대가 270,000~290,000원 박스권 하단을 지지할 것으로 예상됩니다. 2%대 조정 시 분할 매수 전략에 따라, 현재가(284,000원) 대비 약 2.1% 낮은 278,000원에 지정가 매수 주문을 제출하여 저가 매수 기회를 활용하고자 합니다. 매수 수량은 최대 허용 현금(42,366,285원) 범위 내에서 보수적으로 53주(14,734,000원)로 제한하여 현금 비중(약 65.6%)을 유지하며 추가 하락 시 대응 여력을 확보합니다.","파업이 현실화되어 주가가 270,000원 이하로 하락할 경우 추가 분할 매수(270,000원, 260,000원 등)를 고려하되, 현재 미실현 이익(28.8%)이 일부 손실을 상쇄할 수 있는 안전 마진을 제공합니다. 전체 현금 비중을 60% 이상 유지하여 예상치 못한 악재(파업 장기화, 업황 피크 우려 현실화)에 대비하며, 보유 주식의 평균 단가를 낮추는 동시에 포트폴리오 리스크를 분산 관리합니다.",
simulation_20260625_194731,2026-05-15,14,A019,2026-05-15,2026-05-14,2026-05-14,2026-05-15,prior_close,1,4,10,0,,,,mixed,buy,28,limit,280000.0,True,"단기 파업 리스크와 PBR 1배 돌파로 저평가 종료 시그널이 혼재하며 박스권 하단(270~280k)에서 분할 매수 기회를 노리지만, 현재는 현금 비중을 유지하며 관망하는 것이 적절. 중장기 반도체 사이클과 갤럭시 워치 성장성은 보유 확신을 지지하나 AI 2라운드 삼성전자 포지션이 불명확해 추가 매수는 신중히 접근.","이전에는 '역사적 저평가+반도체 사이클'에 기반한 분할 매수 의지가 강했으나(PER 10.5배, 278k 지정가), 오늘 뉴스에서 PBR 1배 돌파, AI 2라운드 소부장 이동, 성과급 갈등 고착화를 인지하며 저평가 논리가 약화되고 장기 리스크가 부각됨. 결과적으로 추가 매수 속도를 늦추고 관망 우선으로 전환.","오늘의 Belief에서 PBR 1배 돌파로 저평가 종료 논란이 있으나, PER 10.5배는 글로벌 반도체 업종 대비 여전히 저평가이며, 반도체 사이클 유효성과 갤럭시 워치 성장성은 중장기 보유 확신을 지지함. 시장 분석에서 270k~280k 구간이 지지선으로 형성 가능하고, 추가 하락 시 분할 매수 기회로 판단. 현재 현금 비중 79%로 안정적이며, 누적 수익률 7.52%로 양호하여 저가 매수 기회를 활용해 보유 수량을 늘리는 것이 적절. 단기 파업 리스크와 저평가 종료 시그널로 인해 과도한 매수는 피하고, 박스권 하단에서 보수적으로 접근.","지정가 280,000원에 28주 매수(약 7,840,000원)로, 가용 현금 84,732,570원 대비 9.3%만 사용하여 현금 비중을 70% 이상 유지. 추가 하락 시(270k 이하) 추가 매수 여력 확보. 손실 가능성에 대비해 분할 매수 원칙을 고수하며, 단기 파업 리스크로 인한 변동성 확대 시에도 포트폴리오 손실을 제한.",
simulation_20260625_194731,2026-05-18,15,A019,2026-05-18,2026-05-15,2026-05-15,2026-05-18,prior_close,1,5,10,0,,,,negative,buy,10,limit,270000.0,True,"단기 급락과 파업 리스크로 시장 심리는 극도로 위축됐으나, PER 8~10배 수준의 저평가와 AI 반도체 성장 스토리는 유효하다. 박스권 하단(270k)에서 추가 하락 시 분할 매수 기회로 판단하며, 불확실성이 해소될 때까지 현금 비중을 유지하며 관망한다.","이전에는 박스권 하단(270~280k) 분할 매수 기회와 관망을 병행했으나, 이번 급락으로 실제 매수 구간에 진입했다고 판단. 이전 belief에서 '중장기 보유 확신'을 유지하면서도 '추가 매수 신중' 입장이었으나, 이제는 과매도 구간으로 인식해 분할 매수 의지가 강화됨. 다만 파업 불확실성이 여전해 한 번에 많은 매수보다는 소량 분할 접근 유지.","급락으로 PER 8배 수준의 저평가 매력이 재부각되었고, 과매도 구간으로 판단하여 소량 분할 매수. 파업 리스크는 여전하나, 확신도가 medium이므로 보수적으로 10주만 매수. 현재 현금 비중 73%로 충분한 유동성 보유.",추가 하락 시 250k까지 가능하므로 분할 매수 원칙에 따라 소량만 매수. 미실현 이익이 있으므로 손실 시에도 평균 단가 하락 효과 기대. 현금 비중 70% 이상 유지하며 불확실성 해소 시 추가 매수 검토.,
