outputs/logs/simulation_20260625_194731/agent_turns.csv
run_id,date,turn,agent_id,decision_date,market_features_date,news_max_date,execution_date,information_mode,news_depth,selected_news_count,read_news_count,search_read_count,depth2_search_keywords,depth2_search_result_count,depth2_view_change,news_sentiment,action,quantity,order_type,price,submitted_order,belief_summary,view_change,decision_reason,risk_control,order_corrections
simulation_20260625_194731,2026-04-24,1,A009,2026-04-24,2026-04-23,2026-04-23,2026-04-24,prior_close,0,5,0,0,,,,mixed,buy,222,limit,224500.0,True,"반도체 업황 호조(하이닉스·GDP)가 긍정적 모멘텀이나, 삼성전자 고유 리스크(파업·기술유출)가 혼재해 단기 변동성에 대비해야 한다. 기술적 지표(MA5·MA20 상회, 거래량 증가)는 상승 추세를 지지하므로, 중립보다 약간 긍정적인 관점으로 손절선을 설정하고 추세를 따라갈 계획이다.","초기 중립에서 약간 긍정적으로 전환. 하이닉스 실적과 거시지표가 업황 자신감을 높였으나, 악재 뉴스가 확신도를 중간 수준으로 제한.","매수 결정: 기술적 지표(MA5 218,300·MA20 200,772 상회, 거래량 증가)가 상승 추세를 지지하고, SK하이닉스 어닝 서프라이즈와 GDP 호조로 반도체 업황 모멘텀이 강함. 노조·기술유출 악재가 혼재하나 헤드라인 충격은 제한적이라 판단. 초기 현금 100% 보유 상태에서 추세 추종 전략에 따라 분할 매수로 진입하며, max_single_trade_cash(5,000만원) 이내로 보수적 비중 설정.","신규 매수 222주(약 5,000만원, 현금 대비 50%)로 분할 진입. 손절 기준은 MA5(218,300) 이탈 시 전량 매도로 설정. 추가 하락 시 추가 매수 대신 손절 우선 원칙 준수. 잔여 현금 5,000만원 보유로 유동성 확보.",
simulation_20260625_194731,2026-04-27,2,A009,2026-04-27,2026-04-24,2026-04-24,2026-04-27,prior_close,0,6,0,0,,,,mixed,sell,22,limit,220000.0,True,"반도체 업황 모멘텀과 정부 지원이 존재하나, 삼성전자 고유 노동 리스크와 단기 조정 신호(거래량 감소, 주가 하락)가 혼재. 현재 포지션(222주 보유)에서 손절선(예: MA20 부근)을 염두에 두고 추세 안정성을 추가 확인해야 한다. 이전보다 신중한 관점.","이전 belief에서 '약간 긍정적'에서 '중립-신중'으로 전환. 실제 체결 후 단기 손실이 발생했고, 거래량 감소가 상승 추세 약화를 시사. 추가 매수보다는 현 보유 물량 관리에 무게.","단기 조정 신호(거래량 43% 감소, 전일 -2.2% 하락)와 노동 리스크 혼재로 추세 확신 부족. 미실현 손실(-1.1%) 상태에서 보유 비중을 줄여 리스크 관리. MA5(219,000원) 지지 여부를 확인하며, 반등 시 일부 차익 실현 목적. 헤드라인 뉴스 혼조로 방향성 불확실.","손절선(MA20 202,743원) 이탈 시 추가 매도 검토. 현금 비중 확보(약 52%→57%)로 하락 리스크 대비. 과거 손실 경험상 무리한 보유보다 부분 익절/손절로 리스크 분산.",
simulation_20260625_194731,2026-04-28,3,A009,2026-04-28,2026-04-27,2026-04-27,2026-04-28,prior_close,0,3,0,0,,,,positive,sell,20,limit,226000.0,True,"반도체 업황과 AI 협력 등 긍정 요인이 있으나, 단기 조정 신호와 거시 불확실성이 혼재되어 있어 신중한 관점 유지. 기술적 지지선(MA5)과 손절 기준을 의식하며, 자산 보호를 최우선으로 함. 과거 성과 부진을 반성하며 무리한 베팅 자제.","이전 Belief에서 'MA20 부근 손절선 염두'와 '신중한 관점'은 유지하나, 당일 주가 반등(전일비 +2.28%)과 거래량 소폭 회복으로 단기 충격 완화됨. 뉴스에서 ETF 수급 긍정 신호를 추가 확인했으나 여전히 확신 부족. 전체 관점은 '조정 가능성 대비'에서 '관망 및 지지선 확인'으로 미세 조정됨.","시장 분석 결과 현재 주가가 단기 반등했으나 거래량 회복 폭이 크지 않고 밸류에이션 부담이 존재하며, FOMC 및 빅테크 실적 등 거시 불확실성이 혼재되어 있어 추가 상승을 확신하기 어려움. 또한 MA5(221,000원) 이탈 시 추가 하락 리스크를 고려하여, 보유 주식 중 일부(약 10%)를 매도해 현금 비중을 높이고 리스크를 축소함. 뉴스(ETF 수급, AI 협력)는 긍정적이나 확신도가 낮아 단기 매수 신호로 활용하기 어려움.","현재 주식 비중이 약 45%로 적정 수준이나, 과거 손실 경험을 반영해 무리한 보유를 지양하고 현금 비중을 확보함. 매도 후 현금 비중이 약 60%로 증가하여 하락 시 추가 매수 여력을 확보하고, MA5 이탈 시 나머지 포지션도 손절할 준비를 유지함. 지정가 226,000원은 현재가 대비 소폭 상단에 설정하여 체결 가능성을 높이면서도 단기 반등 구간을 활용한 매도 전략.",
simulation_20260625_194731,2026-04-29,4,A009,2026-04-29,2026-04-28,2026-04-28,2026-04-29,prior_close,0,0,0,0,,,,insufficient,sell,90,limit,222000.0,True,"단기 기술적 지지선 근처에서 혼조, 거시 불확실성 및 뉴스 부재로 추가 상승 동력 불투명. 손절 기준(MA5 이탈)을 의식하며 현금 비중 유지 관점.",이전 대비 유사. 매도 후 현금 비중 확대 상태에서 보수적 관점 지속. 뉴스와 기술 신호 모두 명확한 매수 트리거 부재.,"기술적 지지선(MA5 221,600원) 근접 및 거래량 감소로 반등 동력 부족. FOMC 대기와 파업 불확실성으로 추가 하락 리스크 존재. 미실현 손실 소폭이나 확대 가능성 대비해 보유 물량 절반을 손절 직전에 매도, 현금 비중 확대로 리스크 축소. 뉴스 부재와 거시 불확실성이 핵심 근거.","현재 포트폴리오 대비 주식 비중 40.2%에서 20.1%로 축소, 현금 비중 70% 이상 확보. MA5 이탈 시 추가 하락 대비 손절 기준을 사전에 실행. 과거 성과 부족을 고려해 확신 없는 구간에서 무리한 보유를 피하고, 추후 반등 신호(거래량 동반 MA5 돌파) 확인 시 재진입 가능.",
simulation_20260625_194731,2026-04-30,5,A009,2026-04-30,2026-04-29,2026-04-29,2026-04-30,prior_close,0,4,0,0,,,,mixed,buy,35,limit,223500.0,True,기술적 지표상 단기 지지선(MA5) 근처에서 방향 탐색 중. 노사 갈등과 거시 불확실성이 상단을 제한하고 있어 현금 비중 유지하며 지수 방향성 확인 필요. 중립적 시각 유지.,"이전 Belief('단기 기술적 지지선 근처에서 혼조, 현금 비중 유지')에서 크게 벗어나지 않음. 다만 노사 갈등 뉴스가 추가 하락 리스크를 높여 손절 기준을 더 엄격히 적용해야 한다는 인식이 강화됨.","MA5(223,300) 근처 지지선 확인 시 분할 매수 기회. 현재 MA5 대비 7.8% 프리미엄으로 과도하지 않음. 거래량 증가와 정배열 유지 중이나 노사 갈등 리스크로 인해 보수적 수량 설정. 헤드라인 스캔 결과 중립적이나 기술적 지표 기반 매수 신호 우선.","손절 기준 MA5(223,300) 이탈 시 223,000원으로 설정. 현금 비중 79.7% 유지 중으로 추가 매수 여력 확보. 신규 매수분은 전체 자산 대비 7.8%로 제한하여 리스크 분산.",
simulation_20260625_194731,2026-05-04,6,A009,2026-05-04,2026-04-30,2026-04-30,2026-05-04,prior_close,0,5,0,0,,,,mixed,buy,1,limit,220500.0,True,기술적 지표는 정배열이나 단기 방향성이 불확실한 가운데 실적 호재와 노사 갈등이 혼재. 보유 주식은 그대로 유지하고 신규 진입은 현금 비중을 감안해 보수적으로 접근할 필요. 과거 손실 경험을 반영해 충동적인 베팅을 자제해야 함.,"이전에는 MA5 근처 지지선 확인 시 분할 매수 기회를 고려했으나, 파업 이슈가 청와대까지 확대되면서 단기 불확실성이 더 커진 점을 반영해 매수보다는 현금 비중 유지에 무게를 둠. '중립적 시각'을 유지하되, 매수 신호보다 리스크 관리에 초점을 전환함.","헤드라인 혼조(실적 호재 vs 파업 악재), MA5(222,500원) 하회 및 단기 방향성 불확실, 청와대 개입에도 협상 타결 지연 시 하방 리스크 존재, 과거 낮은 성과를 고려해 현금 비중(72%) 유지 관망이 적절","손실 가능성을 고려해 신규 매수 자제, 현금 보호 우선, 주가가 MA20(211,815원) 지지선 근처에서 반등 신호 확인 시 분할 매수 검토, 현재 포트폴리오 손실 규모(-360,000원) 미미하므로 즉시 손절 불필요","hold->buy, price<=0->current_price"
simulation_20260625_194731,2026-05-06,7,A009,2026-05-06,2026-05-04,2026-05-04,2026-05-06,prior_close,0,3,0,0,,,,negative,sell,30,limit,234500.0,True,기술적 정배열은 유지되나 금리 인상 우려와 부정적 뉴스가 혼재. 단기 방향성 불확실로 현금 비중을 유지하며 추가 하락 시 손절 준비가 필요.,"이전에는 실적 호재와 노사 갈등 혼조 속 관망했으나, 이번에는 금리 인상 리스크와 TV 사업 부진이 더 부각되어 단기 전망을 더 보수적으로 조정.","기술적 정배열은 유지되나 금리 인상 우려와 TV 사업 부진 등 부정적 뉴스 혼재로 단기 방향성 불확실. 현재가 232,500원은 MA20 대비 8.6% 프리미엄으로 단기 고평가 구간이며, 232,500원 저항선 부근 조정 가능성. 헤드라인 스캔 결과 유명 투자자 부정적 발언과 기관 차익실현 논의가 투자 심리 위축. 단기 차익실현을 통해 현금 비중을 확대하고 추가 하락 시 재매수 기회를 확보하는 것이 적절하다고 판단. 포트폴리오 수익 상태(미실현 이익 1,140,000원)에서 일부 이익실현.","손실 가능성 대비 현금 비중을 72%에서 79%로 확대하여 시장 불확실성에 대응. 매도 후에도 보유 주식(95주)는 평균 단가 대비 견고한 수익 구간 유지. 추가 하락 시 손절 라인(MA20 214,130원)까지 하락 폭을 감안하여 리스크 관리. 충동 매매 자제 및 과거 낮은 성과를 반성하며 보수적 운용 지속.",
simulation_20260625_194731,2026-05-07,8,A009,2026-05-07,2026-05-06,2026-05-06,2026-05-07,prior_close,0,4,0,0,,,,mixed,sell,30,limit,268000.0,True,"기술적 정배열과 반도체 업황 회복 기대감으로 상승 추세는 유지되나, 단기 고평가와 물가 불확실성으로 변동성에 대비해야 함. 현재 보유 중인 포지션을 유지하며 추가 상승 시 차익실현을 고려할 필요.","이전에는 단기 불확실성으로 현금 비중 유지했으나, 주가 상승과 반도체 호재 뉴스로 인해 상승 추세에 대한 신뢰가 높아짐. 여전히 조정 가능성은 인지하나, 보유 관점에서 긍정적 신호에 더 무게를 둠.","현재 주가 266,000원은 5일 이동평균(233,400원) 대비 높은 프리미엄으로 단기 고평가 영역이며, 중동 물가 상승 뉴스가 금리 인하 기대를 약화시켜 변동성 확대 가능성이 있음. 미실현 이익이 19%에 달해 일부 차익실현으로 리스크를 관리하고, 현금 비중을 늘려 조정 시 매수 기회를 확보하려 함. 기술적 정배열과 반도체 호재는 긍정적이나, 과거 낮은 성과를 고려해 보수적으로 접근.","30주 매도 후 보유 수량 65주, 현금 약 88,075,882원으로 현금 비중 약 83.6%로 증가. 추가 하락 시 20일 이동평균(217,775원) 근처에서 재매수 고려. 손실 가능성에 대비해 현금 비중을 충분히 확보하고, 단기 급등에 따른 조정 리스크를 관리.",
simulation_20260625_194731,2026-05-08,9,A009,2026-05-08,2026-05-07,2026-05-07,2026-05-08,prior_close,0,3,0,0,,,,mixed,sell,20,limit,272000.0,True,"기술적 정배열과 평택 신공장 호재로 상승 추세는 유지되나, 단기 고평가 부담과 파업·갈등 리스크, 거시 불확실성으로 변동성 확대가 예상됨. 과거 낮은 성과를 반성하며 보수적 관점에서 현금 비중을 유지하고 추가 상승 시 차익실현을 고려해야 함.","이전 대비 파업·갈등 뉴스의 부정적 영향과 거시 불확실성을 더 반영하여 단기 전망을 하향 조정. 평택 신공장 호재는 긍정적이나, 단기 리스크 관리에 더 무게를 둠.","단기 고평가 부담(5일선 대비 11.6% 프리미엄), 거래량 감소(-22%), 파업 갈등 부정적 헤드라인, 원화 강세 등 거시 불확실성으로 단기 조정 가능성이 커짐. 보유 주식 65주 중 일부(20주)를 차익실현하여 현금 비중을 높이고 리스크를 관리하는 것이 적절. 현재 미실현 이익 5.86%를 확정하며 보수적 접근을 취함.","손실 확대 가능성에 대비해 보유 주식 일부를 매도하여 현금 비중을 약 88%로 유지. 추가 하락 시 5일선(243,300원) 근처에서 재매수 기회를 모색. 과거 낮은 성과 경험을 반영하여 무리한 보유보다는 차익실현을 우선시.",
simulation_20260625_194731,2026-05-11,10,A009,2026-05-11,2026-05-08,2026-05-08,2026-05-11,prior_close,0,3,0,0,,,,mixed,sell,13,limit,269000.0,True,"기술적 정배열과 저평가 매력이 하단을 지지하나, 단기 조정·거래량 감소·파업 리스크로 추세 확신 부족. 보유 주식을 유지하며 추가 하락 시 분할 매수 기회를 탐색, 현금 비중 83.5%로 리스크 관리.","이전에는 보유 주식 일부 차익실현(20주 매도)을 추진했으나 미체결. 오늘은 단기 조정 가능성보다 저평가론과 정배열 지지력에 무게를 두어 보유 유지, 추가 매도보다 관찰로 전환.","전일 -1.1% 하락 및 거래량 37.5% 급감으로 단기 조정 가능성과 파업 리스크 존재. ma5 대비 6.6% 프리미엄 상태에서 추가 상승 동력 부족. 보유 65주 중 20% (13주)를 차익실현하여 현금 비중을 확보하고, 하락 시 분할 매수 기회를 대비. 미실현손익 2,932,800원 (20.2% 수익) 상태에서 일부 이익 확정이 합리적.","매도 후 현금 비중 약 87.1%로 증가, 리스크 관리 강화. 추가 하락 시 260K 부근에서 분할 매수 계획. 파업·거시 불확실성에 대비해 과도한 보유 비중 축소, 1회 매도로 리스크 분산.",
simulation_20260625_194731,2026-05-12,11,A009,2026-05-12,2026-05-11,2026-05-11,2026-05-12,prior_close,0,6,0,0,,,,negative,sell,22,limit,288000.0,True,"기술적 정배열과 거래량 증가가 상승 추세를 지지하나, 파업 리스크와 단기 과매도(ma5 대비 프리미엄)로 추가 상승은 제한적. 보유 비중을 줄이고 현금을 확보한 상태로, 하락 시 분할 매수 기회를 기다림.","이전에는 보유 유지 및 하락 매수 대기였으나, 현재는 차익실현으로 비중 축소 후 관망 전환. 단기 기술적 부담과 뉴스 악재를 더 반영한 보수적 관점.",단기 과매수(MA5 대비 7.8% 프리미엄)와 파업 부정 헤드라인 우세로 추가 상승 제한적. 이미 27.8% 수익 구간에서 일부 차익실현을 통해 현금 비중을 더 높여 조정 시 분할 매수 자금 확보. 기술적 정배열 및 거래량 증가는 긍정적이나 단기 조정 리스크에 대비한 보수적 판단.,"현금 비중 86.1%에서 90% 초반으로 확대하여 하락 시 MA5(264,800) 부근 분할 매수 기회 확보. 손절 원칙 유지, 추가 하락 시 52주 잔여분은 270,000원 손절라인 설정. 단일 매도 수량이 max_sell_quantity(52) 이내이며 현금 확보로 변동성 대응 가능.",
simulation_20260625_194731,2026-05-13,12,A009,2026-05-13,2026-05-12,2026-05-12,2026-05-13,prior_close,0,4,0,0,,,,mixed,buy,1,limit,279000.0,True,"기술적 정배열과 거시 호재가 상승 추세를 지지하나, 성과급 논쟁과 단기 과열 구간(MA20 대비 20% 프리미엄)이 변동성 요인. 보유 비중을 유지하며 조정 시 분할 매수 기회를 기다리는 전략 유지.","이전에는 단기 과매수와 파업 리스크로 추가 상승 제한적이라 판단해 비중 축소를 시도했으나, 오늘 코스피 강세와 거시 호재 확인으로 상승 추세 지속 가능성에 무게를 둠. 단기 변동성은 여전하나, 보유 비중 유지 및 추가 매수 기회 모색 쪽으로 관점 전환.","기술적 정배열과 거시 호재(코스피 7900 돌파, 한국 성장률 1위)가 상승 추세를 지지하나, 현재가 279,000원은 MA20 대비 20% 프리미엄으로 과열 구간입니다. 전일 하락(-2.27%)과 성과급 논쟁 등 단기 변동성 리스크가 존재하며, 믿음에서 단기 조정 시 분할 매수 기회를 기다리는 전략을 유지하기로 했습니다. 포트폴리오는 현금 비중이 높아 추가 매수 여력이 있으나, 확신이 중간 수준이고 단기 과열 상태에서 무리한 추격 매수보다는 보유 비중을 유지하며 신중히 접근합니다.","보유 비중 13.6%로 집중도가 낮아 과도한 리스크는 없으나, 단기 과열 구간에서 추가 매수는 자제하고 조정 시 MA5(274K) 근처에서 분할 매수 계획. 손절 기준은 MA20(232K) 하회 시, 미실현 이익이 일부 있어도 이성적 손절을 원칙으로 함.","hold->buy, price<=0->current_price"
simulation_20260625_194731,2026-05-14,13,A009,2026-05-14,2026-05-13,2026-05-13,2026-05-14,prior_close,0,5,0,0,,,,negative,sell,10,limit,284000.0,True,"기술적 과열과 부정적 뉴스로 단기 조정 리스크 증가, 보유 비중 유지하며 추가 매수는 자제, 조정 시 분할 매수 기회를 기다리는 신중한 관점 유지.","이전 belief 대비, 노조 파업 및 반도체 경고 등 부정적 뉴스 영향으로 단기 리스크 인식 강화, 매수 타이밍을 더 늦추고 보유 비중 유지에 집중하는 방향으로 변경.","기술적 과열(MA20 대비 20% 프리미엄)과 노조 파업 리스크(5월 21일 예고) 및 마이크론 경고 등 부정적 뉴스로 단기 조정 가능성이 높아짐. 거래량 감소(전일 대비 13.76%)는 관망세 반영. 현재 수익률 6.69%로 양호하나, 과거 낮은 성과 경험상 과열 구간에서 일부 차익 실현하여 리스크를 줄이는 것이 합리적. 보유 비중을 52주에서 42주로 축소하여 현금 비중을 늘리고, 조정 시 분할 매수 기회를 확보.","손절 기준은 MA5(277,700원) 하향 이탈 시 추가 매도 검토. 현금 비중을 86%에서 90%로 확대하여 변동성 대비. 매도 수량은 전체 보유의 약 19%로 보수적이며, 추가 하락 시 236,300원(MA20) 근처에서 분할 매수 계획.",
simulation_20260625_194731,2026-05-15,14,A009,2026-05-15,2026-05-14,2026-05-14,2026-05-15,prior_close,0,4,0,0,,,,mixed,buy,10,limit,286000.0,True,"기술적 과열과 노조 리스크로 단기 조정 압력이 존재하나, 견조한 거시 환경과 반도체 업황 호조가 하방을 제한한다. 현재 보유 비중(42주)을 유지하며 조정 시 분할 매수 기회를 기다리는 신중한 관점을 유지한다.","이전 대비 큰 변화 없음. 전일 4.2% 급등으로 과열 우려가 다소 완화되었으나, 노조 파업(5/21)이라는 확정된 리스크가 남아 있어 기존 신중 스탠스를 유지하며, 비중 확대보다는 현금 비중(약 88%)을 활용한 단계적 대응에 무게.","기술적 과열(MA20 대비 23% 프리미엄)과 노조 파업 리스크로 단기 조정 가능성이 있으나, 전일 급등(4.2%)과 거래량 증가(10.6%)로 상승 모멘텀이 확인됨. 미국 증시 강세와 반도체 업황 호조가 하방을 지지하며, MA5(282,600원) 부근에서 지지 예상. 현재 보유 비중이 낮고(42주, 현금 88%), 조정 시 분할 매수 기회를 활용하기 위해 286,000원(MA5 근처)에서 소량 매수하여 평단을 낮추고 추가 상승 시 수익을 확대하려 함. 핵심 근거: 기술적 지표(MA5 지지)와 포트폴리오 현금 비중.","매수 수량 10주로 보수적 설정, 총 매수 금액 2,860,000원으로 가용 현금(94,884,974원) 대비 3% 미만. 손절 기준은 MA20(약 240,000원) 이탈 시 전량 매도 예정. 노조 파업(5/21) 리스크를 고려하여 추가 매수는 조정 시에만 진행하며, 현금 비중 85% 이상 유지하여 변동성 대비.",
simulation_20260625_194731,2026-05-18,15,A009,2026-05-18,2026-05-15,2026-05-15,2026-05-18,prior_close,0,3,0,0,,,,negative,sell,26,limit,270000.0,True,"기술적 과열과 파업 리스크로 단기 조정이 예상되나, 반도체 업황 호조와 견조한 거시 환경이 하방을 지지합니다. 현재 보유 비중(52주)을 유지하며 추가 하락 시 분할 매수 기회를 노리는 신중한 관점을 유지합니다.","이전 belief 대비 노조 리스크가 실제 감산으로 이어지고 있다는 뉴스가 추가되어 단기 하락 압력을 더 크게 인지합니다. 그러나 7000원 지지선이 언급된 점을 고려해 과도한 하락보다는 제한된 조정 범위 내에서의 움직임을 예상합니다. 전반적인 관점은 유지하되, 하방 리스크를 더 주의 깊게 보게 되었습니다.","파업 리스크와 단기 급등 피로로 조정 가능성이 높아졌고, 현재 270,500원은 MA20 대비 11% 프리미엄으로 밸류에이션 부담이 있습니다. 헤드라인에서 부정적 심리와 7000원 지지선 언급이 확인되어 단기 하락 압력을 인지하고, 보유 비중(52주)을 절반으로 줄여 현금 비중을 높여 리스크를 낮추는 것이 적절하다고 판단했습니다. 매도로 확보한 현금은 추가 하락 시 분할 매수 기회를 위해 사용할 계획입니다.","26주 매도로 보유 비중을 13.2%에서 6.6%로 낮춰 하방 리스크를 축소합니다. 현금 비중이 86.8%에서 93.4%로 증가해 추가 하락 시 대응 여력을 확보합니다. MA20(243,750원) 이탈 시 추가 매도 또는 전면 재검토를 고려하며, 손절 규칙을 유지해 과거 손실 경험을 반복하지 않도록 합니다.",
