outputs/logs/simulation_20260625_194731/agent_turns.csv
run_id,date,turn,agent_id,decision_date,market_features_date,news_max_date,execution_date,information_mode,news_depth,selected_news_count,read_news_count,search_read_count,depth2_search_keywords,depth2_search_result_count,depth2_view_change,news_sentiment,action,quantity,order_type,price,submitted_order,belief_summary,view_change,decision_reason,risk_control,order_corrections
simulation_20260625_194731,2026-04-24,1,A084,2026-04-24,2026-04-23,2026-04-23,2026-04-24,prior_close,1,5,10,0,,,,mixed,buy,89,limit,220000.0,True,"반도체 호황이라는 거시적 긍정 요인과 삼성전자 내부 리스크(노조, 기술 유출)가 공존해 방향성 판단이 어렵습니다. 저는 안정성을 중시하는 투자자로서, 현재는 관점을 유지하며 추가 확인이 필요하다고 봅니다.","초기 중립적 관점에서, 악재(노조·기술 유출)와 호재(반도체 호황·GDP)가 팽팽히 맞서는 혼조 국면으로 인식이 전환되었습니다. 명확한 방향성이 없다고 판단해 여전히 중립을 유지하되, 더 신중해졌습니다.","현재 주가(224,500원)가 20일선(200,772원)과 5일선(218,300원) 위에 있어 단기 상승 추세를 유지하고 있으며, 반도체 업황 호조와 GDP 서프라이즈가 긍정적 모멘텀을 제공합니다. 다만 노조 리스크와 기술 유출 악재가 혼재되어 확신도가 낮아, 과도한 매수를 피하고 max_single_trade_cash(50,000,000원)의 절반 수준인 19,580,000원(89주 × 220,000원)으로 보수적으로 진입합니다. 지정가 220,000원은 현재가 대비 2% 낮은 수준으로, 단기 조정 가능성을 감안한 매수 기회를 포착하면서 리스크를 제한합니다. 핵심 근거: 뉴스(반도체 호황, SK하이닉스 실적) 및 기술적 지표(20일선·5일선 지지)를 기반으로 하되, 포트폴리오가 현금 100%인 점을 고려한 첫 진입입니다.","매수 금액(19,580,000원)을 총 현금(100,000,000원)의 약 19.6%로 제한하여 손실 시 충격을 최소화합니다. 노조 파업 리스크(45조원 규모 요구)로 인한 급락 가능성에 대비해, 5% 이상 하락 시 손절 기준을 설정하고 추가 하락 시 매수 기회를 재평가할 계획입니다. 향후 현금 비중을 70% 이상 유지하며, 불확실성 해소 전까지 추가 매수는 자제합니다.",
simulation_20260625_194731,2026-04-27,2,A084,2026-04-27,2026-04-24,2026-04-24,2026-04-27,prior_close,1,3,10,0,,,,positive,buy,10,limit,219500.0,True,"단기 조정 가능성을 염두에 두되, 1분기 실적 서프라이즈와 반도체 업황 호조가 중장기 긍정 요인입니다. 현재 포지션(89주)을 유지하며, 추가 하락 시 분할 매수 기회를 고려합니다.","이전에는 방향성 판단이 어렵다고 보았으나, 실적 서프라이즈와 정부 지원 뉴스로 인해 긍정적으로 전환했습니다. 단기 리스크는 여전하나, 중장기 전망에 대한 확신이 높아졌습니다.","1분기 실적 서프라이즈와 정부 반도체 지원 정책 등 거시적 호재가 우세하며, 현재 주가가 실적 대비 저평가 구간이라 판단됨. 보유 현금 비중이 높아 추가 매수 여력이 충분하나, 단기 조정 가능성을 고려하여 소량 매수로 대응.","지정가 주문으로 체결 리스크 관리, 매수 후 현금 비중 약 78% 유지, 추가 하락 시 분할 매수 계획, 손절 기준은 20일선 이탈 시 재평가.",
simulation_20260625_194731,2026-04-28,3,A084,2026-04-28,2026-04-27,2026-04-27,2026-04-28,prior_close,1,5,10,0,,,,mixed,buy,87,limit,220000.0,True,"단기 변동성 확대 가능성에 대비하되, 중장기 펀더멘털은 긍정적입니다. 현재 포지션을 유지하며, 추가 하락 시 분할 매수 기회를 고려하되, FOMC와 빅테크 실적 결과를 확인한 후 적극적으로 대응할 계획입니다.","이전에는 단기 조정 가능성만 염두에 두었으나, 오늘 뉴스를 통해 ETF 시장 급성장에 따른 변동성 리스크와 FOMC·빅테크 실적 발표의 중요성을 인지하게 되었습니다. 이에 따라 단기 방향성에 대한 불확실성이 더 커졌으며, 보다 신중한 관망 자세를 취할 필요성을 느꼈습니다.","현재 PER이 역사적 저점 수준으로 저평가 구간이며, 1분기 실적 서프라이즈를 고려할 때 중장기 보유 관점에서 추가 하락 시 분할 매수 기회가 있다고 판단. 기술적으로 5일 이동평균선(약 221,000원) 부근에서 지지가 예상되며, 220,000원은 심리적 지지 구간으로 분할 매수에 적합. 보유 현금이 충분하고(약 7,821만 원), 과거 낮은 성과를 반성하여 신중하게 접근하되, 저평가 구간에서 현금 비중을 줄이는 전략. 단기 변동성(FOMC, 빅테크 실적, ETF 쏠림)을 고려하여 무리한 매수는 자제하고, 220,000원 지정가로 분할 매수하여 평단가를 낮추고 리스크를 분산. 매수 수량은 max_single_trade_cash(약 3,910만 원)와 max_buy_quantity(174주)를 초과하지 않도록 87주(약 1,914만 원)로 보수적으로 설정.","손실 가능성에 대비하여 220,000원 지정가 주문이 체결되지 않을 경우 추가 하락 시 215,000원 구간에서 추가 분할 매수 계획. 현재 포트폴리오의 현금 비중이 약 78%로 높아, 매수 후에도 현금 비중이 58% 이상 유지되어 충분한 유동성 확보. FOMC와 빅테크 실적 발표 결과에 따라 추가 대응하며, 단기 급등 시에는 추가 매수 자제. 과거 낮은 성과를 반성하여 무리한 레버리지나 집중 매수는 피하고, 분할 매수 원칙을 철저히 준수.",
simulation_20260625_194731,2026-04-29,4,A084,2026-04-29,2026-04-28,2026-04-28,2026-04-29,prior_close,1,5,10,0,,,,mixed,buy,20,limit,219000.0,True,"중장기 펀더멘털은 AI 협력과 구조조정으로 긍정적이나, 단기적으로 노조 리스크와 시장 변동성이 혼재된 상황. 저평가 매력은 유효하나, 박스권 등락을 예상하며 추가 매수보다 현재 포지션 유지 및 관망이 적절하다고 판단.","이전에는 추가 하락 시 분할 매수를 고려했으나, 노조 파업 이슈와 위원장 논란으로 단기 불확실성이 커짐에 따라 당분간 관망으로 전환. 중장기 긍정 시각은 유지하되, 매수 타이밍을 더 신중히 조정.","현재 주가 222,000원은 5일선(221,600원) 근방에서 등락 중이나, PER/PBR이 역사적 저점 수준으로 저평가 구간입니다. 1분기 실적 서프라이즈와 AI 반도체 수요, 구글 협력 등 중장기 펀더멘털은 긍정적입니다. 단기 노조 파업 리스크와 FOMC 대기로 추가 하락 가능성을 고려하여 219,000원(220,000원 지지선 이하) 제시가로 소량 분할 매수합니다. 매수 규모를 보수적으로 제한(20주, 약 438만 원)하여 현금 비중(약 59%)을 충분히 유지하며 리스크를 통제합니다.","손절 기준은 평단 대비 -5%로 설정하여 추가 하락 시 손실을 제한합니다. 보유 현금 약 5,906만 원 중 소액만 사용하여 현금 비중을 55% 이상 유지하며, 노조 파업 및 FOMC 불확실성이 해소될 때까지 추가 매수는 자제합니다. 과거 낮은 성과를 반성하여 무리한 베팅을 피하고, 분할 매수 전략을 통해 평균 단가를 낮추는 데 중점을 둡니다.",
simulation_20260625_194731,2026-04-30,5,A084,2026-04-30,2026-04-29,2026-04-29,2026-04-30,prior_close,1,4,10,0,,,,mixed,buy,10,limit,225500.0,True,"단기 노조 리스크와 변동성 있으나, 저평가 매력과 중장기 성장성 유효. 현재 포지션 유지하며 추가 하락 시 분할 매수 고려.","이전에는 관망 위주였으나, 오늘 주가 상승(1.8%)과 DS부문 호실적, AI 인재 육성 뉴스로 중장기 긍정 관점 강화. 단기 리스크 인식은 유지하나, 저평가 매력에 더 무게.","Belief 변화에서 중장기 긍정 관점 강화 및 저평가 매력 유효. DS부문 호실적과 AI 인재 육성 뉴스로 상승 모멘텀 확인. 단기 리스크(노조, 빅테크)는 여전하나, 분할 매수 전략에 따라 소량 매수하여 포지션 확대. 현재 포트폴리오 주식 비중 42%로 안정적 범위 내.",소량 매수로 리스크 통제. 현금 비중(약 58%) 유지하며 추가 하락 시 추가 매수 준비. 손실 시 5% 이상 하락 시 손절 검토.,
simulation_20260625_194731,2026-05-04,6,A084,2026-05-04,2026-04-30,2026-04-30,2026-05-04,prior_close,1,4,10,0,,,,mixed,buy,45,limit,219000.0,True,"삼성전자는 사상 최대 실적으로 중장기 성장성이 여전히 유효하나, 노조 파업 리스크와 정부의 우려로 단기 변동성 확대가 예상됩니다. 저평가 매력은 인정되나 불확실성이 해소될 때까지 신중한 관망 및 분할 매수 기회를 모색하는 입장을 유지합니다.","이전에는 분할 매수를 통해 포지션을 확대했으나, 이번에는 노조 리스크가 더 부각되어 단기 전망을 더 보수적으로 조정. 중장기 긍정 관점은 유지하나 실행 속도를 늦출 필요성을 느낌.","사상 최대 실적(메모리 이익률 73%)과 PER/PBR 역사적 저평가 매력은 중장기 긍정 요인이나, 노조 파업 리스크로 단기 변동성이 확대되어 22만원 지지선 근처에서 분할 매수 기회를 모색함. 현재 22만원 지지선이 유지되고 있어 추가 하락 시 저가 매수 전략이 유효하다고 판단. 포트폴리오 현금 비중이 56.8%로 충분하며, 미실현손익이 미미하여 손절 부담이 적음. 단, 불확실성을 고려해 분할 매수 속도를 늦추고 219,000원(22만원 이하) 지정가 주문으로 보수적 진입.","손절 기준을 215,000원(약 -2.3%)으로 설정하여 하방 리스크를 제한. 현금 비중을 50% 이상 유지하며 추가 하락 시 추가 매수 여력 확보. 노조 파업 관련 뉴스 악화 시 추가 매수 중단 및 보유 물량 손절 검토.",
simulation_20260625_194731,2026-05-06,7,A084,2026-05-06,2026-05-04,2026-05-04,2026-05-06,prior_close,1,4,10,0,,,,mixed,buy,30,limit,225000.0,True,"삼성전자는 역사적 저평가와 사상 최대 실적이라는 확실한 매력에도 불구하고, TV 사업 경쟁력 위기, 금리 인상 가능성, 노조 리스크 등 단기 불확실성이 산적해 있습니다. 저평가 매력은 인정하나, 신중한 관망으로 불확실성이 해소된 후 분할 매수 기회를 다시 평가하겠습니다.","이전에는 '22만원 지지선 근처 분할 매수 기회 모색' 입장이었으나, TV 사업 구조적 위협과 금리 인상 전환 신호라는 새로운 악재를 확인하며 더 보수적으로 전환했습니다. 당장 매수 실행보다는 불확실성 해소와 주가 안정화를 확인한 후 접근하는 쪽으로 무게중심이 이동했습니다.","현재 PER·PBR이 역사적 저점 수준으로 저평가 매력이 크고, 반도체 업황 호조가 하방을 지지합니다. 단기 불확실성(금리 인상, TV 사업 위기)이 존재하나, 22만원 지지선 근처에서 분할 매수 기회를 모색하기 위해 보수적으로 30주 매수를 결정했습니다. 뉴스와 시장 심리는 부정적이나, 장기 가치 투자 관점에서 저가 분할 매수 전략을 유지합니다.","매수 가격을 225,000원으로 제한하여 추가 하락 리스크를 관리하고, 현금 비중을 50% 이상 유지합니다. 손실 시 이성적으로 손절하며, 불확실성이 해소될 때까지 추가 매수는 자제합니다.",
simulation_20260625_194731,2026-05-07,8,A084,2026-05-07,2026-05-06,2026-05-06,2026-05-07,prior_close,1,5,10,0,,,,mixed,sell,50,limit,270000.0,True,"삼성전자는 저평가 매력과 반도체 호황으로 장기 긍정적, 단기 물가·노조 리스크로 변동성 확대. 현재 보유 중이며 추가 매수는 조정 시 고려.","이전 관망에서 현재는 저평가 매력과 상승 모멘텀을 인정, 단기 변동성 대비 보유 전략 유지.","시장 분석 결과 단기 변동성 확대(물가쇼크·노조 리스크)와 과열 가능성을 고려하여 일부 이익을 실현함. 현재 수익률 8.99%로 양호하며, 현금 비중을 늘려 조정 시 매수 여력을 확보. 뉴스 혼조와 확신도 medium을 반영하여 과도한 보유 집중을 완화.","손실 가능성에 대비해 현금 비중 유지(현재 약 52%→매도 후 약 60%로 증가). 분할 매도로 단기 급락 리스크에 대응하며, 추가 상승 시 남은 146주로 수익 추구. 평단(220,000원) 대비 안전마진 확보.",
simulation_20260625_194731,2026-05-08,9,A084,2026-05-08,2026-05-07,2026-05-07,2026-05-08,prior_close,1,5,10,0,,,,mixed,sell,30,limit,275000.0,True,"단기적으로 노사 갈등이 변동성을 키우겠지만, 저평가와 반도체 투자 모멘텀이 하방을 방어하며 박스권 흐름을 예상합니다. 중장기 긍정 시각을 유지하되, 현금 비중을 확보해 조정 시 매수 기회를 노리는 전략이 적절합니다.","이전에는 '추가 매수는 조정 시 고려'하며 중립적이었으나, 이번 뉴스와 커뮤니티 의견을 반영해 노조 리스크를 더 경계하게 되었습니다. 단기 변동성 확대 가능성을 인지했지만, 저평가 신뢰는 유지하여 '현금 확보 후 기회 포착' 쪽으로 관점이 미세 조정되었습니다.","노사 갈등 심화(파업 위기, 성과급 갈등)와 거래량 감소로 단기 변동성 확대 가능성이 커졌습니다. 현재 미실현 이익이 10%를 넘어 일부 차익실현을 통해 현금 비중을 확보하고, 조정 시 저가 매수 기회를 노리는 전략이 적절합니다. 보유 주식 146주 중 30주(약 20%)만 매도하여 리스크를 관리하면서도 중장기 저평가 매력은 유지합니다.","매도 후 현금 비중이 약 70%로 증가하여 노조 리스크 및 시장 변동성에 대비할 수 있습니다. 손실 가능성을 고려해 추가 매도는 26만원 이하 하락 시 재평가하며, 현금 비중을 60% 이상 유지하는 원칙을 지킵니다.",
simulation_20260625_194731,2026-05-11,10,A084,2026-05-11,2026-05-08,2026-05-08,2026-05-11,prior_close,1,4,10,0,,,,mixed,buy,48,limit,262000.0,True,단기 박스권과 혼재된 뉴스 속에서도 역사적 저평가와 반도체 성장 모멘텀을 신뢰해 중장기 긍정 시각을 유지합니다. DX 부문 리스크와 거래량 감소를 고려해 신중한 접근이 필요합니다.,"이전에는 단기 변동성을 예상하며 현금 비중 확보와 조정 시 매수 전략을 강조했습니다. 이번에도 기본 시각은 유지하나, DX 부문 악화 뉴스(뉴스_0055)를 반영해 단기 전망을 더 보수적으로 조정했습니다.","역사적 저평가(PER)와 반도체 모멘텀을 신뢰하나 DX 부문 리스크와 단기 박스권 흐름(260,000~275,000원)을 고려해 보수적 접근. 현재 현금 비중이 64%로 높아 분할 매수로 평단을 낮추고 수익률(9.6%)을 유지하며 리스크 관리. 262,000원은 박스권 하단 근처로 조정 시 매수 기회로 판단, 거래량 감소와 혼재된 뉴스에도 저평가 매력이 유효하다고 판단해 48주(약 12,576,000원, 가용 현금의 17.9%)만 매수. 추가 하락 시 250,000원 손절선 설정 예정.","손실 가능성을 감안해 250,000원 손절선 설정, 추가 매수 시 260,000원 이하에서 단계적 분할 매수 원칙 유지. 현재 현금 비중 약 64%를 고려해 매수 후에도 약 50% 이상 현금 보유, DX 부문 악화 뉴스(뉴스_0055)와 중국 업체 위협(뉴스_0049)을 모니터링하며 추가 리스크 발생 시 조기 대응.",
simulation_20260625_194731,2026-05-12,11,A084,2026-05-12,2026-05-11,2026-05-11,2026-05-12,prior_close,1,10,10,0,,,,mixed,sell,10,limit,285500.0,True,"역사적 저평가와 반도체 업황 호조가 중장기 긍정 요인이나, 노사 갈등과 파업 리스크가 단기 변동성을 키우는 혼재 국면. 커뮤니티 관망 분위기 속에서도 저평가 매력을 신뢰해 기존 보유를 유지하며 협상 결과를 기다리는 것이 적절함.","이전에도 중장기 긍정 시각을 유지했으나, 오늘 뉴스와 커뮤니티 분석을 통해 노조 리스크가 단기 하방 압력을 강화할 수 있다는 점을 더 명확히 인지. 이에 따라 추가 매수보다는 현상 유지와 협상 결과 관망 쪽으로 무게중심 이동.","노사 갈등 리스크로 단기 변동성 확대 가능성이 있어, 일부 이익을 실현하여 리스크를 관리합니다. 중장기 저평가 매력은 여전히 유효하나, 강제 거래 상황에서 보유 비중을 소폭 축소하는 것이 적절하다고 판단했습니다.","매도 후 현금 비중이 증가하여 추가 하락 시 매수 기회를 확보할 수 있습니다. 손실 가능성에 대비하여 보유 주식 수를 줄이고, 현금 비중을 높여 리스크를 분산합니다. 향후 노사 협상 결과를 주시하며 추가 대응할 계획입니다.",
simulation_20260625_194731,2026-05-13,12,A084,2026-05-13,2026-05-12,2026-05-12,2026-05-13,prior_close,1,5,10,0,,,,neutral,buy,50,limit,270000.0,True,"단기 변동성과 노사 리스크가 존재하나, 역사적 저평가와 반도체 업황 호조가 중장기 긍정 요인. 거시 경제와 시장 심리는 혼조. 저평가 매력을 신뢰하며 보유 유지, 조정 시 추가 매수 기회를 모색하는 전략이 적절.",이전과 유사하게 저평가 매력과 노사 리스크 공존 인식 유지. 다만 주가 하락과 반도체 약세로 단기 전망을 더 보수적으로 조정. 매도 주문 미체결로 보유 지속 중.,"역사적 저평가(PER 10.5배, PBR 저점)와 긍정적 장기 전망에 기반하여 추가 매수 기회 포착. 단기 하락(2.28%)과 반도체 업종 약세는 일시적 조정으로 판단, 저가 매수 구간으로 활용. 평균 단가(22만원) 대비 현재가(27.9만원)의 이익이 확보된 상태에서 보유 현금 비중(63%)이 높아 현금 활용 필요. 보수적으로 50주만 지정가 27만원에 매수하여 하방 리스크 관리.","매수 후 총 보유 주식 196주, 현금 약 5,690만원 유지(51% 비중). 추가 하락 시 26만원선에서 추가 매수 고려 가능. 손절 기준: 주가가 25만원(평단 22만원 대비 +13% 수익) 이하로 하락 시 일부 매도 검토. 노사 갈등 및 거시 불확실성 리스크 반영, 분할 매수로 리스크 분산.",
simulation_20260625_194731,2026-05-14,13,A084,2026-05-14,2026-05-13,2026-05-13,2026-05-14,prior_close,1,6,10,0,,,,mixed,buy,35,limit,272000.0,True,"역사적 저평가와 반도체 호황이라는 중장기 긍정 요인은 유효하나, 5월 말 파업 리스크로 인한 단기 변동성 확대가 불가피합니다. 커뮤니티 의견과 뉴스 해석을 종합할 때, 현금 비중을 충분히 확보하고 270,000원 이하 분할 매수 기회를 저울질하는 신중한 전략이 타당합니다.",,"PER 10.5배, PBR 저점 수준의 역사적 저평가와 반도체 슈퍼사이클 실적 기대(600조 합산 영업이익)가 중장기 매수 근거입니다. 270,000~284,000원 박스권에서 파업 리스크로 인한 단기 하락 시 분할 매수 전략을 구사합니다. 현재 37% 주식 비중은 안정적이나, 저평가 매력과 외국인 통합계좌 도입 긍정 신호를 고려해 272,000원(5일선 277,700원 이하)에서 제한적 현금 활용 매수를 결정했습니다. max_single_trade_cash 35,213,326원 이내에서 35주 × 272,000원 = 9,520,000원으로 실행 가능합니다.","파업 리스크(21일)로 단기 변동성 확대가 예상되므로 270,000원 손절 기준을 설정하고, 총 주식 비중을 50% 미만으로 유지합니다. 매수 후 현금 비중 54%를 확보해 하방 충격에 대비하며, 추가 하락 시 260,000원 이하에서 분할 매수 기회를 다시 평가합니다.",
simulation_20260625_194731,2026-05-15,14,A084,2026-05-15,2026-05-14,2026-05-14,2026-05-15,prior_close,1,4,10,0,,,,mixed,buy,34,limit,270000.0,True,"단기 파업 리스크와 저평가 매력 감소로 신규 매수는 신중. 보유 물량은 중장기 반도체 호황 감안 유지. 현금 비중 확보하며 270,000원 이하 분할 매수 기회 대기.","이전에는 역사적 저평가와 반도체 호황을 긍정적으로 보며 분할 매수를 고려했으나, 저평가 논리 약화와 성과급 리스크 부각으로 더 보수적으로 전환. 신규 매수 기준을 낮추고 관망 위주로 변경.","단기 파업 리스크(5/21)로 270,000~290,000원 박스권 하단 테스트 가능성이 있어, 270,000원 이하 분할 매수 기회를 대기 중. 현재 주가 296,000원은 고점 부근이나, 중장기 반도체 호황과 AI 투자 확대는 긍정적 거시 환경을 유지. 보유 현금 7,042만원 중 50% 이내(3,521만원)에서 분할 매수 1차분으로 34주(약 918만원)를 지정가 매수하여 평균 단가를 낮추고, 현금 비중(약 62%)을 유지하며 리스크 관리. 과거 낮은 성과로 고점 매수 경계심이 있으나, 저가 매수 기회를 활용해 중장기 수익률 개선 도모.","손절 기준을 260,000원(-3.7%)으로 설정하여 급락 시 손실 제한. 현금 비중 62% 유지로 추가 하락 시 추가 매수 여력 확보. 단기 파업 리스크로 변동성 확대 시 270,000원 이하에서만 매수 실행하며, 290,000원 이상에서는 추가 매수 보류.",
simulation_20260625_194731,2026-05-18,15,A084,2026-05-18,2026-05-15,2026-05-15,2026-05-18,prior_close,1,5,10,0,,,,negative,sell,46,limit,271000.0,True,"단기 파업 리스크로 주가 추가 하락 가능성이 있으나, PER 8배 수준의 저평가와 AI 반도체 구조적 성장은 중장기 긍정 요인. 현금 비중 유지하며 270,000원 이하 분할 매수 기회를 대기. 과거 낮은 성과를 반성하며 신중하게 접근.","이전 대비 관점 변화 없음. 신규 매수는 신중, 보유 물량 유지, 270,000원 이하 분할 매수 대기 기조 동일.","오늘의 Belief와 거래 전 시장 분석에서 단기 파업 리스크(5/21)와 외국인 매도세로 추가 하락 가능성이 높다고 판단했습니다. 현 주가 270,500원은 PBR 1배 부근으로 저평가 매력이 있지만, 단기 악재가 뚜렷하고 270,000원 지지선 이탈 시 240,000원대까지 하락 위험이 있습니다. 과거 낮은 성과 경험을 바탕으로 신중하게 접근하며, 보유 물량 중 일부(46주)를 271,000원 지정가에 매도해 현금 비중을 확대(약 74%)하고 리스크를 축소합니다. 매도 후에도 100주를 보유하며 추가 하락 시 분할 매수 기회를 확보합니다.","파업 리스크 해소 전까지 현금 비중을 60% 이상 유지하여 하방 리스크에 대비합니다. 매도로 확보한 현금은 260,000원 이하로 하락 시 분할 매수에 활용할 계획이며, 보유 물량의 평균 단가(220,000원) 대비 현재가가 높아 손절 압력은 낮지만 추가 하락 시 손실 확대를 방지하기 위해 일부 차익실현했습니다.",
