outputs/logs/simulation_20260625_194731/agent_turns.csv
run_id,date,turn,agent_id,decision_date,market_features_date,news_max_date,execution_date,information_mode,news_depth,selected_news_count,read_news_count,search_read_count,depth2_search_keywords,depth2_search_result_count,depth2_view_change,news_sentiment,action,quantity,order_type,price,submitted_order,belief_summary,view_change,decision_reason,risk_control,order_corrections
simulation_20260625_194731,2026-04-24,1,A090,2026-04-24,2026-04-23,2026-04-23,2026-04-24,prior_close,0,4,0,0,,,,mixed,buy,100,limit,224500.0,True,"반도체 호황과 GDP 성장은 긍정적이나 파업·기술 유출 리스크가 혼재되어 단기 변동성이 예상된다. 기술적 지표(ma5 > ma20, 거래량 증가)는 상승 추세를 지지하나, 뉴스 불확실성으로 인해 중립에 가까운 긍정 관점을 유지한다.","초기 중립 관점에서 반도체 업황 호조와 기술적 강세를 반영하여 소폭 긍정적으로 전환했으나, 부정적 뉴스로 인해 여전히 신중한 입장.","기술적 지표(ma5 > ma20, 거래량 증가)는 상승 추세를 지지하나, 주가가 이동평균 대비 높고 뉴스가 혼재되어 단기 변동성이 예상됨. 과열 구간에서의 추격 매수를 피하고 분할 매수로 리스크를 분산하기 위해 보수적으로 100주 매수 결정.","단일 매수 금액을 총 현금의 22.45%로 제한하여 하방 리스크 관리. 추가 하락 시 현금 여력 확보, 상승 시 일부 차익 실현 고려.",
simulation_20260625_194731,2026-04-27,2,A090,2026-04-27,2026-04-24,2026-04-24,2026-04-27,prior_close,0,3,0,0,,,,mixed,sell,10,limit,221000.0,True,기술적 지표는 상승 추세를 지지하나 거래량 감소와 혼재된 뉴스로 단기 변동성이 예상됨. 정치적 지원은 긍정적이나 내부 노동 이슈가 리스크로 작용. 현재 보유 물량을 유지하며 관망하는 것이 적절.,"이전에는 기술적 지표 긍정에 중립적 긍정 관점이었으나, 거래량 감소와 뉴스 혼재로 인해 단기 상승 확신이 낮아져 중립 관점으로 전환.","기술적 지표는 상승 추세(ma5>ma20)를 유지하나 거래량이 43% 급감하고 단기 변동성(4.3%)이 확대되어 박스권 등락 예상. 정치적 지원이라는 호재와 노동 이슈라는 악재가 혼재되어 확신도가 낮고, 보유 평균 단가(224,500원) 대비 소폭 손실 상태. 처분효과 성향(수익시 조기 매도)과 안정성 선호 성향, 그리고 66세 투자자로서 리스크 회피 성향을 고려, 보유 물량 중 일부(10%)를 목표 반등 가격(221,000원, ma5 부근)에서 매도하여 현금 비중을 높이고 손실 가능성을 제한. 신규 매수 대신 관망하며 추가 하락 시 현금을 활용한 분할 매수 기회를 확보.","현재 주가가 평균 단가 대비 2.2% 하락 상태로 전체 손실은 -500,000원(0.51%)에 불과하나, 거래량 감소와 혼재된 뉴스로 하방 리스크가 존재. 매도 후 보유 현금 약 8천만 원(80%+)으로 추가 하락 대비 현금 확보. 매도 수량을 10주(10%)로 제한하여 포트폴리오 충격 최소화. 목표가(221,000원) 도달 시 매도 체결되면 평균 단가 하락 및 손실 축소 효과 기대. 미체결 시 보유 물량 유지하며 상황 재평가.",
simulation_20260625_194731,2026-04-28,3,A090,2026-04-28,2026-04-27,2026-04-27,2026-04-28,prior_close,0,5,0,0,,,,mixed,sell,45,limit,224500.0,True,"기술적 상승 추세는 유지 중이나 거래량 감소와 거시 리스크(디폴트 우려, FOMC)로 단기 변동성이 예상됨. 뉴스 혼재로 방향 확신도 낮아 현 보유 물량 유지하며 관망하는 것이 적절.","이전 관점(기술적 상승 지지·혼재된 뉴스로 관망)을 유지. 거래량 급감과 거시 불확실성 재확인으로 더 신중해졌으며, 추가 매도보다 현 보유 물량 유지에 무게.",기술적 상승 추세(ma5>ma20)는 유지 중이나 거래량 증가 부진(16.5%)과 변동성 확대(4.24%)로 단기 돌파 신호 부재. FOMC·빅테크 실적·디폴트 우려 등 거시 불확실성이 혼재된 뉴스로 방향 확신 낮음. 현재 포트폴리오 손익 제로이나 안정성 선호 성향에 따라 리스크를 줄이기 위해 현금 비중을 확대하고자 보유 물량의 절반(45주)을 현재가(5일선 부근)로 매도.,"매도 후 현금 약 89,747,170원(보유 45주, 총자산 99,952,670원 대비 현금비중 89.8%)으로 현금 비중을 높여 거시 악재(금리인상·디폴트·실적쇼크)에 대비. 손실 확정은 없으나 추가 하락 시 보유 물량 손실 최소화. 매수는 뚜렷한 추세 전환 신호(거래량 동반 5일선 재돌파) 확인 시 분할 진입 고려.",
simulation_20260625_194731,2026-04-29,4,A090,2026-04-29,2026-04-28,2026-04-28,2026-04-29,prior_close,0,4,0,0,,,,mixed,sell,22,limit,224000.0,True,기술적 상승 추세는 유지되나 거래량 부진과 혼재된 뉴스로 단기 방향성이 불확실함. 노조 리스크와 AI 기대감이 공존해 현금 비중을 유지하며 관망하는 것이 적절.,"이전에는 보유 물량 절반을 매도하며 리스크 축소에 방점을 두었으나, 현재는 추가 하락 시 저가 매수 기회를 고려할 수 있다는 점에서 소극적 관망에서 중립적 관망으로 전환.","기술적 지표는 상승 추세를 유지 중이나 거래량 감소와 변동성 확대로 단기 돌파 신호가 부재하고, 노조 파업 리스크와 거시 불확실성이 혼재되어 방향성 확신이 낮음. 현재 포트폴리오는 현금 비중이 90%로 안정적이나, 미실현 손실이 소폭 발생한 상태에서 추가 하락 가능성을 고려해 보유 물량의 절반(22주)을 5일선(221,600원) 이상인 224,000원에 지정가 매도하여 리스크를 축소하고 현금 비중을 더욱 확보함. 이는 처분효과(수익 시 빠른 매도 성향)와 안정적 자산 선호 경향에 부합하며, 향후 20일선(207,892원) 근처 저가 매수 기회를 대비하기 위함.","매도 후 현금 비중이 약 95%로 증가하여 시장 변동성에 대비한 안정성 확보. 손실 폭이 작은 상태에서 일부 차익 실현으로 리스크를 분산하며, 추가 하락 시 20일선 지지 여부를 확인한 후 저가 매수 기회를 모색할 계획. 노조 리스크와 거시 불확실성이 가시화될 경우 추가 매도 가능성을 열어둠.",
simulation_20260625_194731,2026-04-30,5,A090,2026-04-30,2026-04-29,2026-04-29,2026-04-30,prior_close,0,5,0,0,,,,mixed,sell,23,limit,226000.0,True,"기술적 상승 추세는 유지되나 노사 갈등·법원 결정·거래량 부진 등 불확실성이 혼재되어 단기 방향성을 확신하기 어려움. 현금 비중이 90% 이상으로 안정적이므로, 추가 하락 시 20일선 근처 저가 매수 기회를 노리며 관망하는 전략이 적절.","이전에는 '기술적 상승 추세 유지, 거래량 부진과 혼재된 뉴스로 관망'이었으나, 이번에는 노사 갈등 심화와 법원 결정 지연 가능성으로 불확실성이 더 커졌다고 판단. 긍정 재료(AI·히트펌프)는 장기적 관점에서 긍정적이나 단기 트레이딩 신호로 활용하기에는 부족해 관망 기조를 유지함.","현재 미실현이익 소폭(+34,500원)이며, 기술적 지표상 단기 조정 가능성과 노사 갈등 등 불확실성이 혼재되어 방향성 확신이 낮음. 과거 수익 시 조기 매도 경향에 따라 이익을 확정하고, 추가 하락 시 20일선 부근 저가 매수 기회를 위해 현금 비중을 높게 유지하고자 매도 결정.","매도 후 현금 비중 100%로 안정적 포지션 유지. 손실 가능성을 사전에 차단하고, 향후 하락 시 20일선(약 209,710원) 근처에서 재진입을 모색할 계획.",
simulation_20260625_194731,2026-05-04,6,A090,2026-05-04,2026-04-30,2026-04-30,2026-05-04,prior_close,0,5,0,0,,,,mixed,buy,1,limit,211800.0,True,"실적 호조와 노사 갈등이 혼재된 상황으로 단기 방향성을 확신하기 어려움. 20일선 지지 여부를 확인하며 관망하는 전략이 적절하며, 추가 하락 시 저가 매수 기회를 고려할 수 있음.",이전 Belief 대비 노사 갈등 관련 뉴스가 더 구체화되고 대통령·청와대까지 개입된 점이 새롭게 반영되어 불확실성이 더 커졌음. 실적 호전 재료가 있지만 단기적으로는 부정적 리스크에 더 무게를 두게 됨.,"실적 호전(1분에 265억 순이익, 메모리 이익률 73%)이라는 펀더멘털은 견고하며, 현재 주가가 20일선(211,815원) 근처에서 지지 여부를 테스트할 가능성이 높습니다. 20일선은 단기 추세의 핵심 지지선으로, 해당 가격대에서 매수 시 기술적 반등을 노릴 수 있습니다. 현금 비중이 95%로 매우 높아 소액 분할 매수로 리스크를 제한하며, 노사 갈등 불확실성에도 불구하고 지지선 방어 시 저가 매수 기회로 활용하고자 합니다.","매수 수량을 1주로 최소화하여 리스크를 제한합니다. 20일선 이탈 시 추가 하락 가능성을 인지하고, 손실 확대 시 추가 매수보다는 관망하며 현금 비중을 유지합니다. 전체 포트폴리오 대비 삼성전자 비중을 5% 내외로 낮게 유지하여 노사 리스크에 대비합니다.",
simulation_20260625_194731,2026-05-06,7,A090,2026-05-06,2026-05-04,2026-05-04,2026-05-06,prior_close,0,3,0,0,,,,negative,buy,21,limit,214130.0,True,"견고한 실적과 저평가에도 불구, 금리 인상 우려와 부정적 뉴스가 단기 상승을 제한. 20일선 지지 여부를 확인하며 관망하는 전략이 적절하며, 추가 하락 시 저가 매수 기회를 고려할 수 있음.",이전 Belief 대비 큰 변화 없음. 다만 부정적 뉴스와 금리 인상 가능성으로 인해 단기 상승 기대감이 소폭 하향 조정됨.,"현 주가 232,500원은 20일선(214,130원) 위에 있어 안정적이나, 부정적 뉴스와 금리 인상 우려로 단기 조정 가능성이 있습니다. PER 10배의 저평가 매력과 20일선 지지 시 저가 매수 기회를 고려하여, 20일선 근처에서 매수 지정가를 설정했습니다. 헤드라인 스캔형 투자자로서 과민 반응을 자제하면서도, 추가 하락 시 안정적 대형주로서의 회복력을 기대합니다. 보유 현금 94.8백만 원 중 21주 매수(약 4.5백만 원)로 현금 비중을 유지하며 리스크를 관리합니다.","매수 지정가를 20일선(214,130원)으로 설정하여 추가 하락 시에도 손실 폭을 제한합니다. 단일 매수 금액은 최대 허용 현금(47.4백만 원) 이하로 제한하며, 보유 현금 비중 90% 이상을 유지하여 유동성 리스크를 관리합니다. 부정적 뉴스 지속 시 추가 매수 없이 현금 보유를 우선하고, 손실 시 반대매매 없이 보유 전환을 고려합니다.",
simulation_20260625_194731,2026-05-07,8,A090,2026-05-07,2026-05-06,2026-05-06,2026-05-07,prior_close,0,5,0,0,,,,mixed,buy,1,limit,262000.0,True,"견고한 실적과 저평가, 반도체 회복 기대는 중장기 긍정 요인이나, 단기적으로는 유가 상승, 양극화 우려, 기술적 부담이 혼재되어 변동성 장세에 대비한 관망 및 기술적 지표(20일선, 거래량) 확인이 필요한 시점.","이전에는 20일선 지지 여부 확인과 추가 하락 시 저가 매수 기회를 고려했으나, 현재 주가가 20일선을 크게 상회(266,000원)하고 시장 변동성이 확대됨에 따라 당분간 현금 비중 유지와 추가 상승 시 차익 실현 가능성을 더 염두에 두는 방향으로 미세 조정.","기술적 지표상 20일선(217,775원) 위에서 강한 상승 추세 유지, 거래량 급증으로 추세 강화 신호 확인. PER 10배 저평가 매력 및 반도체 회복 기대 긍정적. 포트폴리오 현금 비중 94%로 충분히 안정적이며, 수익 발생 시 차익 실현 성향이 있으나 현금 과다로 소량 추가 매수를 통해 기회를 제한적으로 활용. 헤드라인 중 긍정 신호(연금 매수, 반도체 회복)를 참고하되, 과열 구간 인식(20일선 괴리율 22%)과 물가 리스크 감안하여 소량·보수적 접근.","매수 수량 1주(266,000원 기준 약 266,000원)로 현금 비중 94% 유지하며 과도한 추격 매수 지양. 리스크 요인(단기 과열, 유가 상승, 양극화 우려) 인지하고, 만약 주가가 20일선(217,775원) 이탈 시 추가 매수보다는 현금 보호 우선. 미실현 손실 발생 시 추가 매수하지 않고, 수익 중일 때 차익 실현도 함께 고려.",
simulation_20260625_194731,2026-05-08,9,A090,2026-05-08,2026-05-07,2026-05-07,2026-05-08,prior_close,0,3,0,0,,,,mixed,sell,5,limit,272000.0,True,"기술적 상승 추세와 저평가 매력은 긍정적이나, 단기 과열과 노사 갈등 리스크로 변동성 확대 가능. 현금 비중이 높아 안정적이나, 추가 매수보다는 보유 및 차익 실현 시점을 고민해야 하는 구간.","이전에는 관망 및 기술적 지표 확인 필요성을 강조했으나, 현재는 주가 상승 후 과열 인식이 강화되고 노사 갈등 리스크가 부각되어 추가 매수보다는 보유 전환을 고려. 중장기 긍정 관점은 유지하나 단기 조정 가능성에 더 주목.","20일선 괴리율 22% 단기 과열, 거래량 감소(-22%)로 추세 약화 신호. 노사 갈등 뉴스 단기 악재. PER10배 저평가이지만 현재 현금비중 94.8%로 충분히 안정적. 소폭 차익실현으로 리스크 축소 후 조정 시 저가 매수 기회 확보.","손실 가능성 대비 현금 비중 유지: 매도 후에도 현금 86% 이상. 과열 구간 추가 매수 지양, 일부 수익 실현으로 포트폴리오 리스크 분산. 변동성 확대 시 추가 매도 가능.",
simulation_20260625_194731,2026-05-11,10,A090,2026-05-11,2026-05-08,2026-05-08,2026-05-11,prior_close,0,4,0,0,,,,mixed,sell,11,limit,272000.0,True,"단기 과열 신호와 혼재된 뉴스로 추가 매수보다 관망이 적절. PER 저평가와 상승 추세는 중장기 긍정 요인이나, 거래량 감소와 노사 리스크로 단기 변동성 확대 가능. 현금 비중이 높아 조정 시 저가 매수 기회를 기다리는 전략이 합리적.","이전에는 단기 과열 인식으로 소폭 차익실현을 고려했으나, PER 저평가 뉴스와 추세 유지 확인으로 매도보다 보유 및 조정 시 매수 관점으로 전환. 다만 여전히 적극적 매수보다는 관망 우선.",기술적 지표상 20일선 괴리율 22%로 단기 과열 구간이며 거래량 급감(37.5%)으로 상승 동력 약화 신호. PER 저평가와 추세 유지는 긍정적이나 단기 조정 가능성이 커 일부 차익실현으로 리스크 관리. 미실현 이익 100만원 수준에서 보유 주식의 절반(11주)을 매도하여 현금 비중을 높이고 조정 시 매수 기회를 확보. 'PER 저평가' 뉴스는 긍정적이나 헤드라인 혼조와 확신도 낮아 적극적 보유보다 부분 익절이 합리적.,"현금 비중 94%에서 매도 후 97%로 확대하여 하락 리스크에 대비. 매도 가격 272,000원은 현재가 대비 1.3% 높은 지정가로, 추세 지속 시 추가 상승분도 일부 포착 가능. 손실 시 추가 매수 성향을 고려, 조정 시 매수할 현금 여력 유지. 단기 과열 해소 과정에서 변동성 확대 가능성에 대비해 과도한 매도는 피하고 절반만 차익실현.",
simulation_20260625_194731,2026-05-12,11,A090,2026-05-12,2026-05-11,2026-05-11,2026-05-12,prior_close,0,5,0,0,,,,mixed,buy,1,limit,282000.0,True,"단기적으로 파업 리스크와 과열 조정 가능성이 우려되나, 저평가와 거시 호재가 하방을 지지. 현재는 관망하며 조정 시 저가 매수 기회를 기다리는 전략이 적절.","이전 Belief 대비 파업 리스크가 더 부각되어 단기 전망을 소폭 하향 조정. 중장기 긍정 요인은 유지하나, 단기 변동성 확대에 대비해 현금 비중 유지 필요성 강화.","Belief에서 단기 파업 리스크와 과열 조정 가능성을 우려하나, PER 저평가와 거시 호재가 하방을 지지한다고 판단. 현재 포트폴리오는 현금 비중 96.5%로 매우 안정적이며, 미실현손익이 소폭 수익 구간에 있어 조정 시 저가 매수 기회를 활용하기 위해 1주만 보수적으로 매수. 기술적 지표상 20일 이동평균(228,500원) 대비 괴리율이 높아 단기 조정 가능성을 감안, 현재가(285,500원)보다 낮은 282,000원에 지정가 주문. 뉴스 헤드라인은 파업 부정적이지만 파운드리 호재가 상쇄 중이므로 과도한 반응 자제.","매수 수량을 최소 단위(1주)로 제한하여 파업 리스크와 단기 조정 가능성에 대비. 현금 비중을 96% 이상 유지하며, 추가 하락 시 더 낮은 가격에 매수할 여력 확보. 손실 발생 시 추가 매수 성향을 자제하고, 관망하며 리스크를 확인할 방침.",
simulation_20260625_194731,2026-05-13,12,A090,2026-05-13,2026-05-12,2026-05-12,2026-05-13,prior_close,0,4,0,0,,,,mixed,sell,13,limit,282000.0,True,"단기 조정 가능성과 내부 리스크가 존재하나, 저평가와 거시 호재가 하방을 지지. 현재 보유 주식은 소폭 수익 구간으로, 추가 매수보다는 관망하며 조정 시 저가 매수 기회를 기다리는 전략 유지.","이전 belief 대비 특별한 방향 전환 없음. 파업 리스크 대신 성과급 논쟁이 부각되었지만, 전체적인 관점(저평가+거시 호재 vs 단기 조정 리스크)은 유사하며, 관망 전략을 고수.","보유 주식이 2.8% 수익 구간에 있으며, 처분효과 성향상 수익이 나면 빠르게 매도하려는 경향이 강함. 단기 조정 압력(이동평균 괴리율 20% 이상, 거래량 증가 하락)과 성과급 논쟁 리스크를 고려할 때 추가 상승보다는 현금 회보가 안전하다고 판단. 헤드라인 뉴스와 기술적 신호 확신도가 낮아 과도한 보유보다는 소액 이익 실현 후 조정 시 재매수 기회를 노리는 전략이 적절.",매도 후 현금 비중이 100%에 가까워져 추가 하락 시 저가 매수 기회를 잡을 수 있음. 손실 가능성을 회피하고 현금 보유력을 높여 리스크를 최소화. 과거 평균적 성과에 비춰 보수적 운용이 무난함.,
simulation_20260625_194731,2026-05-14,13,A090,2026-05-14,2026-05-13,2026-05-13,2026-05-14,prior_close,0,7,0,0,,,,mixed,buy,50,limit,278000.0,True,"단기적으로 노조 파업과 기술적 과열이 조정 압력을 주지만, 반도체 업황 호조와 외국인 수요 확대가 하방을 지지합니다. 현재 현금 보유 상태에서 조정 시 저가 매수 기회를 기다리는 관망 전략을 유지합니다.","이전 Belief에서 소폭 수익 실현 후 관망하겠다는 입장을 유지했으나, 파업 리스크가 현실화되면서 단기 조정 가능성을 더 높게 보고 있습니다. 반도체 호재는 여전히 유효하나, 매수 타이밍을 더 신중히 판단할 필요가 있습니다.","단기 조정 가능성이 있으나 반도체 업황 호조와 외국인 수요 확대가 하방을 지지하며, 저가 매수 기회를 노리는 관망 전략에서 벗어나 소극적 매수로 전환. 현재 주가가 20일 이동평균 대비 높지만 중장기 성장성 고려 시 적정 수준에 근접했고, 조정 시 278,000원 부근이 지지선으로 판단되어 지정가 매수를 결정. 현금 비중이 높아(100%) 소액 매수로 리스크를 제한.","최대 5,000만 원 이내로 매수하여 현금 비중 유지, 손실 시 추가 매수보다는 현금 보유 비중을 70% 이상 유지하며 단기 변동성에 대응. 기술적 지표상 이동평균 괴리율이 높아 추가 하락 리스크를 고려해 매수 수량을 보수적으로 설정.",
simulation_20260625_194731,2026-05-15,14,A090,2026-05-15,2026-05-14,2026-05-14,2026-05-15,prior_close,0,5,0,0,,,,positive,buy,85,limit,290000.0,True,"단기 과열 신호가 있지만 반도체 업황 호조와 외국인 수요, 긍정적 거시 환경이 하방을 지지합니다. 현금 보유 상태에서 조정 시 저가 매수 기회를 노리며 관망 전략을 유지하되, 이전보다 시장 분위기가 우호적으로 변화하여 매수 타이밍을 더 적극적으로 모니터링할 필요가 있습니다.","이전에는 노조 파업과 기술적 과열을 우려한 관망 전략이었으나, 오늘 뉴스에서 확인된 반도체 업황 호조와 시장 전반의 긍정적 신호(뉴욕증시 상승, 국세수입 증가)로 인해 단기 조정 가능성보다 상승 모멘텀에 더 무게를 두게 되었습니다. 이에 따라 저가 매수 기회를 기다리는 소극적 관점에서, 적정 가격 도달 시 매수에 나설 준비를 하는 적극적 관망으로 전환했습니다.","오늘 뉴스에서 반도체 업황 호조, 외국인 수요 확대, 뉴욕증시 사상 최고치 등 긍정적 신호가 확인되어 상승 모멘텀에 무게를 둠. 단기 과열(20일 이격도 23%) 상태이므로 추격 매수보다는 5일 이동평균(282,600원) 부근인 290,000원에 지정가 매수하여 조정 시 저가 매수 기회를 활용. 현금 비중 100%로 매수 여력 충분하며, 분할 매수로 리스크 분산. 과거 수익 시 조기 매도 성향을 고려해 보수적 수량(85주, 약 24,650,000원)으로 제한.","단기 과열 구간이므로 추가 하락 시 280,000원 손절매 기준 설정. 매수 후 현금 비중 75% 이상 유지하여 추가 조정 시 대비. 분할 매수 원칙으로 1회 매수 금액을 총 현금의 25% 이내로 제한.",
simulation_20260625_194731,2026-05-18,15,A090,2026-05-18,2026-05-15,2026-05-15,2026-05-18,prior_close,0,4,0,0,,,,negative,sell,85,limit,275000.0,True,"단기 과열과 파업 리스크로 조정 가능성이 높아졌으나, 반도체 업황 호조와 외국인 수요가 하방을 지지합니다. 현 보유 주식과 현금 비중을 유지하며 지지선 257,000원을 확인한 후 추가 매수를 결정하는 관망 전략이 적합합니다.","이전에는 긍정적 모멘텀에 무게를 두고 매수 타이밍을 모색했으나, 부정적 뉴스 다수와 단기 과열 신호로 인해 조정 리스크를 더 중시하게 되었습니다. 따라서 적극적 매수보다 지지선 확인 후 분할 매수로 전환하는 보수적 관점으로 변경.","현재 270,500원에 거래 중이며 단기 과열 신호(20일 이격도 23%)와 파업·감산 부정적 헤드라인이 우세하여 추가 조정 가능성이 높습니다. 보유 주식 85주의 평단이 현재가와 같아 미실현손익이 0원이나, 조정 시 손실 위험을 피하기 위해 차익실현 관점에서 275,000원 지정가 매도를 통해 일부 현금화하고자 합니다. 지지선 257,000원 확인 후 재진입 기회를 모색하는 것이 보수적 운용에 부합합니다.","파업 리스크와 단기 과열 해소 과정에서 손실을 방지하기 위해 보유 주식을 전량 매도하여 현금 비중을 늘립니다. 이후 지지선 257,000원 이탈 여부와 외국인 매수세 추이를 확인한 후 분할 매수로 전환할 계획입니다. 현금 비중 100% 상태에서 안정성을 확보하며, 추가 하락 시 저가 매수 기회를 활용할 수 있습니다.",
