outputs/logs/simulation_20260625_194731/agent_turns.csv
run_id,date,turn,agent_id,decision_date,market_features_date,news_max_date,execution_date,information_mode,news_depth,selected_news_count,read_news_count,search_read_count,depth2_search_keywords,depth2_search_result_count,depth2_view_change,news_sentiment,action,quantity,order_type,price,submitted_order,belief_summary,view_change,decision_reason,risk_control,order_corrections
simulation_20260625_194731,2026-04-24,1,A075,2026-04-24,2026-04-23,2026-04-23,2026-04-24,prior_close,2,7,10,10,"삼성전자, HBM, SK하이닉스, 1분기 실적, 노조 파업, 기술 유출, 메모리 가격, 주가 동향",10,수정,mixed,buy,100,limit,224500.0,True,"단기적으로 노조 갈등과 기술 유출이 부담이나, 반도체 업황 장기 호황과 SK하이닉스 실적이 시사하는 업계 펀더멘털을 고려할 때 삼성전자는 저평가된 상태. 중장기 가치에 초점을 두며 현재 매수 기회로 판단.","초기 중립적 관점에서 긍정적으로 수정. 추가 검색을 통해 반도체 업황 호조와 장기 공급 부족 전망을 확인, 노조 리스크는 일시적 변동성으로 간주하기로 함.","반도체 업황 호조와 SK하이닉스 실적에 따른 업종 긍정적 전망, 삼성전자 저평가 매력을 고려해 매수 결정. 다만 노조 리스크와 기술 유출 우려로 인해 전량 매수보다 분할 매수로 접근, 초기 진입 규모를 보수적으로 설정.","현금 100% 보유 상태에서 22.45%만 매수하여 일부 현금을 유지, 추가 하락 시 분할 매수 기회 확보. 노조 관련 추가 뉴스 모니터링 및 손실 발생 시 최대 10% 손절 라인 설정 고려.",
simulation_20260625_194731,2026-04-27,2,A075,2026-04-27,2026-04-24,2026-04-24,2026-04-27,prior_close,2,8,10,10,"삼성전자, HBM, 1분기 실적, 성과급, 반도체 클러스터, AI, 파운드리, 메모리 가격",10,수정,mixed,buy,44,limit,215000.0,True,"삼성전자는 1분기 어닝 서프라이즈와 정부 지원이라는 강력한 펀더멘털을 보유했으나, 노조 총파업 리스크와 HBM 경쟁력 우려가 단기 불확실성을 키우고 있다. 현재 주가는 실적 대비 저평가 영역에 있어 장기 보유 관점에서 매력적이나, 단기 변동성에 대비해 분할 매수 전략을 유지하며 관망한다.","이전에는 반도체 업황 호조와 저평가 매력에 더 무게를 두고 적극적 매수 의지를 보였으나, 추가 뉴스 분석을 통해 노조 갈등의 심각성(총파업 예고, 45조 성과급 요구)과 SK하이닉스의 기술 경쟁력 우려를 확인하며 단기 전망을 '긍정적'에서 '혼조·신중'으로 하향 조정. 장기 가치는 여전히 긍정적이나, 단기 리스크 관리에 더 초점을 둠.","현재 주가 219,500원은 실적 대비 저평가 구간이며 1분기 어닝 서프라이즈(57.2조)와 내년 360조 전망이라는 강력한 펀더멘털이 하방을 지지합니다. 5일선(219,000원) 근처에서 지지 테스트 중이나, 노조 리스크로 단기 변동성이 확대될 가능성이 있어 20일선(202,742원)과의 중간 구간인 215,000원에 분할 매수 지정가를 설정하여 평균 단가를 낮추고 장기 가치 투자 관점에서 매수 기회를 활용합니다. 현재 현금 비중이 77.9%로 충분하며, 단기 리스크를 고려해 보수적인 수량(44주, 약 9,460,000원)으로 제한합니다.","매수 후 삼성전자 보유 비중이 약 33%로 증가하며 현금 비중은 약 67%로 유지되어 추가 하락 시 대응 여력이 충분합니다. 손실 확대 시 20일선(202,742원)을 손절 기준선으로 고려하며, 노조 총파업 관련 추가 악재 발생 시 추가 매수 재검토 및 현금 보존을 우선합니다. 분할 매수 원칙에 따라 이번 주문은 전체 계획 중 일부로, 5월 총파업 결과와 HBM 경쟁력 추이를 확인한 후 추가 매수 여부를 결정합니다.",
simulation_20260625_194731,2026-04-28,3,A075,2026-04-28,2026-04-27,2026-04-27,2026-04-28,prior_close,2,7,10,10,"삼성전자, HBM, 엔비디아, 메모리 가격, ETF, 외국인 매매, FOMC, 반도체 실적",10,수정,mixed,sell,1,limit,224500.0,True,"삼성전자는 단기 악재에도 펀더멘털과 저평가 매력이 유효하나, 노조 리스크와 HBM 경쟁력 우려로 변동성이 확대될 수 있어 추가 분할 매수 시점을 저가 구간에서 신중히 모색한다.","이전에는 저평가와 긍정적 모멘텀에 무게를 두었으나, 기술 유출·노조 집회·중국 철수 등 부정적 리스크가 확인되어 단기 하방 압력을 더 중시하게 됨. ETF 변동성 확대도 새롭게 반영.","단기 악재(기술 유출, 노조 파업 우려, 중국 철수)로 인한 하방 리스크가 부각되어, 현재 주가가 박스권 상단(225,000원)에 근접한 점을 고려해 소량 매도로 현금 비중을 확보합니다. 포트폴리오 현금 비중(68%)이 이미 높지만, 추가 하락 시 저가 매수 기회를 활용하기 위해 리스크를 줄이는 것이 합리적이라고 판단했습니다. 뉴스와 시장 분석에서 혼재된 신호와 중간 수준의 확신도를 반영하여 과도한 매매를 피하고 최소한의 거래로 대응합니다.","손실 가능성에 대비하여 현금 비중을 유지하며, 추가 하락 시 분할 매수로 평균 단가를 낮출 계획입니다. 현재 보유 주식(144주) 대비 1주 매도로 포트폴리오 변동성을 최소화하고, 향후 215,000~220,000원 구간에서 추가 매수 기회를 모색합니다.",
simulation_20260625_194731,2026-04-29,4,A075,2026-04-29,2026-04-28,2026-04-28,2026-04-29,prior_close,2,5,10,10,"삼성전자, HBM, 노조 파업, 허사비스, AI 반도체, 가전 구조조정, 주가 전망, 4월 실적",10,수정,mixed,buy,30,limit,218000.0,True,"삼성전자는 단기적으로 파업 리스크와 기술 유출 악재가 부각되어 하방 압력을 받겠지만, AI·HBM 협력 기대감과 저평가 매력이 중장기 지지 요인으로 작용할 것입니다. 따라서 추가 하락 시 분할 매수 기회를 저가 구간에서 신중히 모색하며, 현금 비중을 충분히 유지해 변동성에 대비하겠습니다.","이전에는 AI 호재와 저평가 매력에 더 무게를 두고 긍정적 시각을 유지했으나, 추가 검색을 통해 파업 리스크(최대 30조원 손실 가능성)와 기술 유출 사건의 심각성을 확인하며 단기 전망을 '상승'에서 '박스권 등락'으로 하향 조정했습니다. 중장기 긍정 요인은 유효하나, 단기 변동성 확대에 대비해 더 신중한 접근이 필요하다고 판단합니다.","현재 포트폴리오는 현금 비중 68%로 충분한 유동성을 확보하고 있으며, PER이 역사적 저점 수준으로 저평가 매력이 유효합니다. 오늘의 Belief와 시장 분석에서 파업 리스크와 기술 유출 악재가 단기 하방 압력을 주지만, AI·HBM 협력 기대감과 저평가가 중장기 지지 요인임을 확인했습니다. 다만 확신도가 medium으로 완전하지 않아, 현재가 222,000원 대비 1.8% 하락한 218,000원에 분할 매수하여 평균 단가를 낮추고 변동성에 대비합니다. 거래량 감소(-19.4%)와 관망세를 고려해 소량 매수로 리스크를 제한했습니다.","매수 금액은 6,540,000원으로 max_single_trade_cash(34,149,216원) 이내이며, 현금 비중을 62%로 유지하여 추가 하락 시 추가 매수 여력을 확보합니다. 파업 리스크(최대 30조원 손실)가 현실화되면 추가 매수 속도를 늦추고, 215,000원 이하로 하락 시 추가 분할 매수를 검토할 계획입니다.",
simulation_20260625_194731,2026-04-30,5,A075,2026-04-30,2026-04-29,2026-04-29,2026-04-30,prior_close,2,7,10,10,"삼성전자, 1분기 실적, DS부문, DX부문, 반도체 가격, 노사 갈등, PER, PBR",10,수정,mixed,buy,75,limit,222500.0,True,"단기적으로 노사 갈등과 파업 리스크가 주가에 하방 압력을 가하겠지만, DS부문 호실적과 역사적 저평가 매력이 중장기 지지 요인으로 작용할 것입니다. 따라서 추가 하락 시 분할 매수 기회를 저가 구간에서 신중히 모색하되, 법원 결정과 협상 진행 상황을 예의주시하며 현금 비중을 충분히 유지해 변동성에 대비하겠습니다.","이전 Belief 대비 노사 갈등의 구체적 일정(5월 21일 파업 예고, 가처분 심문 5월 중순)과 DX부문 구조조정(중국 철수·감원)의 심각성이 더 명확해져 단기 리스크를 더욱 무겁게 반영했습니다. 반면 DS부문 실적과 AI 인재 육성 등 중장기 긍정 요인은 유효하나, 확신도는 medium으로 유지하며 추가 정보(가치평가 지표·법원 결정)를 기다릴 필요성을 느낍니다.","DS부문 호실적과 역사적 저평가(PER·PBR 저점)가 중장기 지지 요인으로 판단되나, 노사 갈등(5월 21일 파업 예고)과 법원 가처분 결정(5월 중순)이라는 단기 리스크가 존재합니다. 보유 현금 비중이 67.9%로 충분하여, 220,000원 구간에서 분할 매수로 저가 매수 기회를 활용하되, 단기 변동성을 고려해 현재가(226,000원) 대비 1.5% 낮은 222,500원에 제한적 수량을 매수합니다. 이는 분할 접근 전략의 일환으로, 추가 하락 시 215,000원 이하에서 추가 매수할 여력을 남깁니다.","노사 리스크가 단기 하방 압력으로 작용할 수 있어, 매수 후에도 현금 비중을 45% 이상 유지하여 변동성에 대비합니다. 매수 단가 222,500원 기준 10% 이상 하락(200,250원) 시 손절을 고려하되, 내재가치 훼손 여부를 지속 모니터링하며 보유 비중을 200주 이내로 제한합니다.",
simulation_20260625_194731,2026-05-04,6,A075,2026-05-04,2026-04-30,2026-04-30,2026-05-04,prior_close,2,8,10,10,"삼성전자, 노조 파업, 메모리 가격, 1분기 실적, PER, 청와대, 반도체 공급",10,수정,mixed,buy,50,limit,215000.0,True,"삼성전자는 사상 최대 실적에 기반한 저평가 매력이 중장기 지지 요인이나, 5월 파업 리스크와 정부 개입이라는 단기 불확실성으로 1개월간 박스권 흐름이 예상됩니다. 추가 하락 시 분할 매수 기회를 염두에 두되, 현금 비중을 충분히 유지하며 노사 협상 결과를 확인한 후 본격적인 포지션 확대를 고려하겠습니다.",수정,"현재 PER·PBR이 역사적 저점 수준으로 저평가 구간이며, 사상 최대 실적(1분기 영업익 57.2조)이 하방을 지지합니다. 단기 파업 리스크(5/21)로 추가 하락 가능성이 있으나, 215,000원 부근은 기술적 지지선(20일선 211,815원 근접)이자 분할 매수 기회로 판단됩니다. 포트폴리오 현금 비중이 52%로 충분하며, 분할 매수 전략에 따라 50주(약 10,750,000원)를 보수적으로 매수하여 평균 단가를 낮추고 장기 보유 관점에서 저가 매수 기회를 활용합니다.","매수 후 현금 비중이 약 41%로 유지되어 추가 하락 시 대응 여력 확보. 손실 확대 시 210,000원 이하에서 추가 분할 매수 계획. 노사 협상 결과와 법원 가처분 결정을 확인하며 포지션 확대 속도 조절. 단기 변동성(2.65%)을 감안하여 지정가 주문으로 실행.",
simulation_20260625_194731,2026-05-06,7,A075,2026-05-06,2026-05-04,2026-05-04,2026-05-06,prior_close,2,0,10,10,"삼성전자, TV사업, 반도체, HBM, 메모리 가격, 국민연금, 금리",10,수정,neutral,buy,55,limit,220000.0,True,"삼성전자는 사상 최대 반도체 실적과 저평가가 중장기 지지 요인이나, 노조 리스크와 금리 인상 우려로 단기 변동성이 확대될 전망입니다. 노조 내부 균열로 파업 강도가 약화될 가능성에 주목하며, 215,000~220,000원 구간에서 분할 매수 기회를 활용할 계획입니다. 기존의 박스권 흐름 전망을 유지하되, 노조 리스크 완화 신호를 긍정적으로 반영했습니다.",유지,"밸류에이션 관점에서 PER·PBR이 역사적 저점 근처로 저평가 매력이 유효하고, 사상 최대 반도체 실적이 하방을 지지합니다. 노조 내부 균열로 파업 강도가 약화될 가능성이 리스크 완화 신호이며, 박스권 하단(220,000원) 근처에서 분할 매수하여 평균 단가를 낮추려 합니다. 거래량 증가와 단기 상승 흐름에도 불구하고, 박스권 상단 근접과 금리 인상 우려로 추격 매수는 피하고 지지선에서 보수적 접근합니다. 포트폴리오의 현금 비중(약 50%)을 유지하며 리스크를 관리합니다.","지정가 220,000원으로 매수 주문하여 박스권 하단에서만 체결되도록 합니다. 매수 후에도 현금 비중을 30% 이상 유지하여 추가 하락 시 대응할 수 있도록 합니다. 손실 가능성에 대비해 분할 매수 원칙을 고수하며, 총 매수 금액은 max_single_trade_cash(25,876,332원) 이내로 제한합니다.",
simulation_20260625_194731,2026-05-07,8,A075,2026-05-07,2026-05-06,2026-05-06,2026-05-07,prior_close,2,10,10,10,"삼성전자, HBM, 노조, 밸류에이션, 외국인 순매수, 메모리 가격, PE, PB",10,수정,mixed,buy,97,limit,220000.0,True,"삼성전자는 저평가 매력과 AI 반도체 성장성이 중장기 지지 요인이나, 노조 파업 리스크가 단기 변동성을 확대하고 있습니다. 현재 주가 266,000원은 박스권 상단에 근접해 추가 상승이 제한적이며, 220,000원 지지선까지 조정 시 분할 매수 기회를 고려합니다. 노조 리스크 해소 여부를 확인할 때까지 관망하며 현금 비중을 유지합니다.",노조 리스크에 대한 우려가 증가하여 단기 전망을 더 보수적으로 수정. 추가 매수보다 관망으로 전환.,"현재 주가 266,000원은 박스권 상단에 근접해 단기 추가 상승이 제한적이며, 노조 리스크로 인한 하방 리스크가 존재합니다. 그러나 역사적 저평가 구간과 AI 반도체 수요의 중장기 성장성을 고려할 때, 220,000원 지지선까지 조정 시 분할 매수 기회로 삼는 전략이 적절합니다. 거래 제약상 최대 매수 가능 수량(97주)과 최대 현금 사용액(25,876,332원)을 준수하며, 지정가 주문으로 리스크를 통제합니다. 뉴스에서 노조 리스크와 금리 인상 우려가 단기 부담이나, 연금자금 유입과 AI 수요가 하방을 지지하는 점을 근거로 매수 결정을 내렸습니다.","매수 주문은 220,000원의 지정가로 제출하여 시장가 매수를 피하고, 조정 시에만 체결되도록 합니다. 현재 보유 현금 51,752,664원 중 최대 25,876,332원(50%)만 사용하여 현금 비중을 유지하며, 추가 하락 시 추가 매수 여력을 확보합니다. 노조 리스크가 현실화될 경우 단기 손실 가능성을 인지하고, 분할 매수 원칙을 고수하여 리스크를 분산합니다.",
simulation_20260625_194731,2026-05-08,9,A075,2026-05-08,2026-05-07,2026-05-07,2026-05-08,prior_close,2,7,10,10,"삼성전자 파업 생산 차질, 평택 P5 팹2 조기 착공, 원화 강세 반도체 수출, LNG 가격 전력비, 삼성전자 노사 협상, 삼성전자 4분기 실적 전망, 반도체 메모리 공급 과잉",10,강화,mixed,buy,30,limit,271500.0,True,"단기 노사 갈등과 물가 부담은 변동성을 확대하나, 역사적 저평가, AI 반도체 성장성, 증권사 목표가 상향(50만원), 대규모 투자 등 중장기 펀더멘털이 하방을 강하게 지지합니다. 현재 보유 주식은 평균 단가 대비 22.7% 수익 중이나, 추가 상승 여력과 분할 매수 기회를 고려하여 장기 보유 기조를 유지합니다.","강화. 이전에는 노조 리스크로 관망하며 220,000원 조정 시 매수를 고려했으나, 뉴스 심층 분석 결과 파업 우려에도 불구하고 증권사 목표가 상향, 평택 신공장 투자, 코스피 목표치 상향 등 긍정 신호가 우세하여 중장기 보유 및 추가 조정 시 매수 의지를 강화했습니다.","역사적 저평가(PER 7~8배, PBR 1.2배)와 AI 반도체 성장성, 증권사 목표가 상향(50만원), 평택 80조 투자 등 긍정적 펀더멘털이 우세합니다. 단기 급등으로 인한 조정 가능성이 있으나, 분할 매수 전략을 유지하며 추가 상승 여력을 확보하기 위해 보수적으로 30주를 매수합니다. 포트폴리오의 현금 비중(46.6%)을 감안, 매수 후에도 충분한 현금을 유지하여 리스크를 관리합니다.","단기 과열 신호(거래량 감소, MA5 괴리율 +11.6%)와 노사 갈등 리스크에 대비하여 분할 매수로 진입하며, 손절 라인을 250,000원(약 -8%)으로 설정하여 하방 리스크를 제한합니다. 매수 후 현금 비중이 40% 이상 유지되도록 하여 변동성에 대응합니다.",
simulation_20260625_194731,2026-05-11,10,A075,2026-05-11,2026-05-08,2026-05-08,2026-05-11,prior_close,2,4,10,10,"삼성전자, HBM, AI 반도체, DX 부문, PER, 외국인 수급, 메모리 가격, 중국 경쟁",10,수정,mixed,sell,10,limit,268500.0,True,"단기적으로 노조 리스크가 주가 변동성을 키우나, 역사적 저평가와 AI 반도체 성장성은 중장기 하방을 지지합니다. 협상 결과에 따라 동향을 주시하며, 조정 시 분할 매수를 고려합니다.","수정. 이전에는 저평가 매력을 중시하며 장기 보유 기조를 유지했으나, 추가 검색을 통해 노조 리스크의 실질적 영향(JP모건 인건비 추정, 씨티 목표가 하향)을 확인함. 단기 전망이 더 부정적으로 바뀌었으며, 협상 타결 전까지 적극적 매수보다 관망이 적절함.","노조 협상(5/11~12) 리스크로 단기 변동성 확대가 예상되며, JP모건·씨티의 목표가 하향과 파업 가능성이 하방 압력으로 작용합니다. 역사적 저평가(PER 7~8배)는 중장기 지지 요인이지만, 단기 불확실성이 우세하여 관망이 바람직하나 hold가 불가능하므로 소량 매도를 통해 일부 이익을 실현하고 현금 비중을 확보합니다. 현재 미실현이익 +13.9%를 보호하고, 협상 타결 후 조정 시 매수 기회를 위해 현금을 준비합니다.","단기 노조 리스크로 인한 추가 하락 가능성에 대비하여 일부 포지션을 축소하고 현금 비중을 늘립니다. 현재 보유 248주 중 10주만 매도하여 집중도를 소폭 완화하며, 남은 238주는 장기 저평가 관점에서 유지합니다. 추가 하락 시 260,000원 지지선 근처에서 분할 매수를 고려할 수 있도록 현금 46,378,636원을 확보합니다.",
simulation_20260625_194731,2026-05-12,11,A075,2026-05-12,2026-05-11,2026-05-11,2026-05-12,prior_close,2,11,10,10,"삼성전자, PER, PBR, HBM, 노사 파업, 4분기 실적, 목표주가",10,수정,mixed,buy,10,limit,285000.0,True,"단기 노조 리스크(파업, 성과급 갈등)로 변동성은 불가피하나, 역사적 저평가(PER 10.5배)와 반도체 업황 호조가 중장기 하방을 견고히 지지합니다. 커뮤니티 관망 속에서도 장기 가치투자 관점을 유지하며, 협상 결과에 따라 분할 대응할 준비를 합니다.","이전에는 노조 리스크를 단기 하방 압력으로 보며 보유 현금 비중 확보에 중점을 두었으나, 추가 검색을 통해 역사적 저평가와 증권사 긍정 전망(목표가 상향)을 확인하며 장기 매수 기회로 인식하게 됨. 단기 변동성은 여전히 주시하나, 저평가 매력이 더 우세하다는 판단으로 미세 조정.","역사적 저평가(PER 10.5배, PBR 저점)와 반도체 슈퍼사이클, 증권사 목표가 상향 등 장기 가치 매력이 우세하여 소량 매수 결정. 단기 노조 파업 리스크(5/21)로 변동성이 예상되나, 분할 매수 전략으로 대응하며 현재 현금 비중(40%)을 유지. 전일 상승 마감 및 거래량 증가에도 과열 신호는 낮아 추가 매수 여력 활용.","매수 규모를 현금의 약 6%로 제한하여 단기 하락 리스크에 대비. 추가 하락 시(260,000원 이하) 추가 매수 기회로 활용할 계획. 손실 가능성은 제한적이며, 장기 보유 관점에서 평균단가 상승 부담을 최소화. 협상 결과와 파업 진행 상황을 지속 모니터링하여 필요 시 대응.",
simulation_20260625_194731,2026-05-13,12,A075,2026-05-13,2026-05-12,2026-05-12,2026-05-13,prior_close,2,8,10,10,"삼성전자, HBM, 반도체, 외국인 순매도, 2분기 실적, 노사 갈등, 관세 영향",10,유지,mixed,buy,33,limit,269000.0,True,"단기 노조 리스크와 코스피 변동성으로 주가 출렁이나, 역사적 저평가와 반도체 호황이 중장기 지지. 분할 매수 전략 유지하며 조정 시 추가 매수 기회로 활용할 예정.",이전 대비 변화 없음. 노조 리스크가 여전히 변수이나 저평가 매력이 우세하다는 기존 관점 유지.,"핵심 근거: 뉴스 분석에서 '韓기업 기대 순이익 美이어 세계 2위…이익대비 시총 아직 작다' 저평가 기사가 가치투자 관점을 강화했고, PER 10.5배 역사적 저평가 구간에서 분할 매수 기회로 판단함. 시장 데이터상 5일선(274,100원) 이탈 시 26만원대 초중반 지지 가능성과 기술적 반등 기대. 포트폴리오는 현금비중 38.7%로 충분한 유동성을 보유 중이며, 12.95% 수익률 상태에서 조정 시 추가 매수로 평단을 관리하려는 전략. 단기 노조 리스크(5/21 총파업)로 주가가 일시 하락할 가능성이 있으나, 저평가 매력이 우세하다는 기존 관점 유지. 지정가 269,000원은 26만~29만원 박스권 하단 부근으로 단기 지지 예상 구간에서 매수하여 변동성 리스크를 완화. 거래량 증가(전일 대비 14.4%)와 외국인 순매도 전환은 단기 불확실성을 반영하나, 기관 매수 지속과 씨티그룹 목표주가 상향이 하방 지지. 분할 매수 원칙에 따라 max_buy_quantity(78주)의 절반 이하 수준인 33주만 매수하여 리스크 통제.","매수 후 현금비중 약 29%로 하락하나, 예비 현금 32,878,807원 유지되어 추가 하락 시 대응 가능. 노조 리스크로 인한 단기 변동성(20일 기준 3.8%)을 고려해 지정가 269,000원(현재가 대비 약 3.6% 하락)으로 설정하여 추격 매수 자제. 보유 수익률 12.95%를 감안해 과도한 매수는 피하고 분할 접근 유지. 총파업(5/21) 전 불확실성이 해소될 때까지 추가 매수는 보류하며, 26만원 이하 하락 시 2차 매수 기회로 활용할 계획. 손실 가능성에 대비해 전체 포트폴리오 내 특정 종목 집중도를 70% 이내로 관리하는 원칙 준수(매수 후 005930 비중 약 71% 예상).",
simulation_20260625_194731,2026-05-14,13,A075,2026-05-14,2026-05-13,2026-05-13,2026-05-14,prior_close,2,8,10,10,"삼성전자 파업, 긴급조정권, HBM, AI 메모리 반도체, 외국인통합계좌, 반도체 업황, 공정위 조사국",10,강화,mixed,sell,30,limit,284000.0,True,"단기적으로 파업 리스크가 주가에 하방 압력을 가할 것이나, 역사적 저평가와 반도체 초호황은 중장기 지지 요인. 정부의 긴급조정권 발동 가능성과 외국인 자금 유입 기대도 존재. 불확실성이 큰 구간이므로, 추가 매수는 보류하고 5/21 파업 전후 상황을 지켜본 후 결정하는 것이 현명함.","강화. 이전에도 분할 매수 전략을 유지하며 조정 시 매수 기회를 보았으나, 오늘 뉴스에서 파업이 확실시되고 정부 개입도 불확실함을 확인함에 따라 단기 리스크가 더 부각되었음. 따라서 '관망 후 대응' 관점을 강화함.","파업 리스크(5/21 총파업)가 단기 하방 압력으로 부각되며, 오늘 종가 284,000원이 직전 고점 부근에서 거래량 감소로 조정 가능성이 있음. PER 10.5배 저평가와 반도체 호황이 중장기 지지이나, 단기 불확실성이 커 일부 차익실현으로 현금 비중을 높여 리스크 관리. 현재 수익률 14.19%에서 일부 이익을 확보하고, 파업 전후 저가 매수 기회를 대비함.","파업 장기화 시 30~40조 생산 차질 우려와 외국인 순매도 전환으로 추가 하락 가능성 대비. 보유 248주 중 30주(12%)만 매도하여 현금 비중을 43.7백만→52.2백만원으로 확대, 과도한 집중 리스크 완화. 이후 5/21 파업 결과와 정부 긴급조정권 발동 여부에 따라 추가 대응.",
simulation_20260625_194731,2026-05-15,14,A075,2026-05-15,2026-05-14,2026-05-14,2026-05-15,prior_close,2,6,10,10,"삼성전자, PBR, HBM, 엔비디아, 온디바이스 AI, 성과급, 1분기 실적",10,수정,mixed,sell,50,limit,298000.0,True,"단기 파업 리스크와 신고가 부담 속에서도 AI 반도체 장기 수혜는 유효하나, 현재 가격이 저평가 매력을 상당 부분 소진했고 불확실성이 커 추가 매수보다는 관망하며 파업 결과를 확인한 후 전략을 수립하는 것이 합리적.","유지. 이전 Belief와 유사하게 단기 파업 리스크를 경계하며 중장기 긍정적 요인을 인식하나, 주가가 30만원에 근접하며 밸류에이션 부담이 커져 신중한 접근이 필요하다는 관점을 유지.","시장 분석 결과 주가가 30만원에 근접하며 PBR 1배 돌파, 저평가 매력 소진. 5/21 총파업 리스크와 신고가 부담으로 단기 변동성 확대 가능성. 포트폴리오 미실현 이익 14,597,639원(수익률 29.2%) 상태에서 일부 차익실현으로 현금 비중 확보가 리스크 관리에 유리. 차익실현 후 파업 결과와 1분기 실적 확인 후 재매수 기회를 모색하는 전략이 합리적.","50주 매도로 전체 보유량의 22.9%를 차익실현, 현금 비중을 44.9%에서 57.7%로 확대하여 파업 리스크에 대비. 손실 가능성 대비 현금 비중 유지 원칙 적용. 298,000원 지정가로 30만원 부근 차익실현 기회 활용.",
simulation_20260625_194731,2026-05-18,15,A075,2026-05-18,2026-05-15,2026-05-15,2026-05-18,prior_close,2,8,10,10,"삼성전자, 파업, 반도체, HBM, 외국인 매도, PER, 노사 협상, AI 수요",10,수정,negative,sell,10,limit,270500.0,True,"단기 파업 리스크로 주가 하방 압력이 크나, 정부 개입 가능성과 역사적 저평가 구간이 지지. 중장기 AI 반도체 수혜는 유효하나, 파업 장기화 시 구조적 위험이 현실화될 수 있어 현재는 관망하며 파업 결과와 추가 하락 시 매수 기회를 모색하는 것이 바람직.","이전에는 저평가 매력 소진과 불확실성으로 관망했으나, 추가 뉴스 분석 결과 파업 리스크가 더 심각하고 장기화 가능성이 높아져 더 보수적으로 전환. 차익실현 필요성은 줄었으나, 추가 매수는 더 신중히 접근해야 함.","파업 리스크에 대비해 일부 차익 실현. 현재 미실현 이익 11.6%로 양호하나, 파업 장기화 시 추가 하락 가능성을 고려해 리스크 관리 차원에서 소량 매도. 오늘 8.61% 급락했으나 불확실성이 높아 현금 비중 확대가 바람직.","손실 확대 시 추가 매도 고려, 현금 비중 47% 유지 중. 매도 후 현금 비중 상승, 파업 결과에 따라 재진입 검토.",
