outputs/logs/simulation_20260625_194731/agent_turns.csv
run_id,date,turn,agent_id,decision_date,market_features_date,news_max_date,execution_date,information_mode,news_depth,selected_news_count,read_news_count,search_read_count,depth2_search_keywords,depth2_search_result_count,depth2_view_change,news_sentiment,action,quantity,order_type,price,submitted_order,belief_summary,view_change,decision_reason,risk_control,order_corrections
simulation_20260625_194731,2026-04-24,1,A095,2026-04-24,2026-04-23,2026-04-23,2026-04-24,prior_close,1,4,10,0,,,,mixed,buy,100,limit,220000.0,True,반도체 업황 호황이라는 긍정적 거시 환경 속에서도 삼성전자 내부 노사 갈등과 기술 유출 리스크가 부담으로 작용해 단기적으로 관망 또는 부분 차익 실현이 적절해 보입니다. 과거 낮은 성과를 감안해 무리한 베팅은 피해야 합니다.,"초기 중립적 관점에서 반도체 호황 뉴스와 GDP 호조로 긍정적 신호가 추가되었으나, 동시에 노사 갈등과 기술 유출 악재가 확인되어 전반적으로 '혼재된 가운데 신중한 중립'으로 관점이 미세 조정되었습니다.","반도체 업황 호황과 SK하이닉스 어닝 서프라이즈, GDP 호조 등 긍정적 거시 환경을 반영하여 일부 매수를 결정했습니다. 다만 주가가 20일 이동평균 대비 12% 높은 단기 고평가 부담과 노사 갈등·기술 유출 악재를 고려해 현재가보다 낮은 지정가 220,000원으로 분할 매수합니다. 보유 현금 1억 중 2,200만원(22%)만 투입하여 현금 비중을 충분히 유지하며 리스크를 제한합니다.","단일 매수 금액을 전체 현금의 50% 이내로 제한하고, 20일 이동평균(200,773원) 이하로 하락할 경우 추가 매수 대신 관망합니다. 과거 낮은 성과와 수익 시 빠른 매도 성향을 감안하여, 목표 수익률 5% 도달 시 일부 차익 실현을 계획합니다.",
simulation_20260625_194731,2026-04-27,2,A095,2026-04-27,2026-04-24,2026-04-24,2026-04-27,prior_close,1,3,10,0,,,,positive,buy,30,limit,217000.0,True,"어닝 서프라이즈와 정부 지원으로 긍정적 환경이지만, 단기 고평가 부담과 내부 리스크가 상존합니다. 신중한 입장을 유지하되, 추가 하락 시 저가 매수 기회를 염두에 둡니다.","이전에는 관망 또는 부분 차익 실현을 고려했으나, 긍정적 뉴스와 기술적 지표 강세를 반영하여 추가 매수 기회를 모색하는 방향으로 전환했습니다.","어닝 서프라이즈와 정부 반도체 지원으로 긍정적 환경이 지속되고, 기술적 지표(5일선 219,000원 및 20일선 202,742원 상회)가 상승 추세를 유지 중입니다. 다만 단기 고평가 부담과 거래량 급감을 고려해 20일선 부근(약 217,000원)에서 분할 매수하여 평균 단가를 낮추고자 합니다. 포트폴리오 현금 비중이 78%로 높아 추가 매수 여유가 충분하며, 과거 낮은 성과를 반성하여 신중하게 소량(30주)만 매수합니다.","매수 후 현금 비중이 약 74%로 유지되어 안정성 확보. 추가 하락 시 20일선(202,742원)에서 추가 매수 기회를 검토할 예정. 단기 고평가 부담과 거래량 감소를 감안해 지정가를 현재가 대비 1.1% 낮게 설정하여 가격 조정을 기다림. 보유 주식 100주의 미실현 손실이 소액이므로 전체 리스크는 제한적.",
simulation_20260625_194731,2026-04-28,3,A095,2026-04-28,2026-04-27,2026-04-27,2026-04-28,prior_close,1,5,10,0,,,,mixed,sell,30,limit,227000.0,True,"반도체 업황 호조와 ETF 자금 유입으로 단기 상승 모멘텀은 유효하나, FOMC·노조 리스크 등 대외 변수로 인해 숨 고르기 가능성이 높음. 현재 포지션(130주)을 유지하며, 추가 하락 시 20일선 부근에서 분할 매수 기회를 염두에 두되, 급등 시에는 차익 실현을 고려해야 함.","이전 대비 전반적인 긍정 시각은 유지하나, ETF 시장 변동성 우려와 노조 리스크를 더 반영하여 단기 전망을 '상승'에서 '박스권 등락'으로 미세 조정. 매수 타이밍에 더욱 신중해짐.","주가가 224,500원으로 상승하며 단기 박스권 상단(230,000원)에 근접하고, FOMC·빅테크 실적 등 대외 변수로 단기 변동성이 확대될 가능성이 있어 일부 차익실현이 필요하다고 판단. 보유 물량(130주) 중 30주를 매도하여 현금 비중을 높이고, 추후 하락 시 재매수 기회를 확보. 뉴스에서 ETF 변동성·노조 리스크 등 경계 요인이 혼재되어 있어 과도한 보유보다는 안정적 수익 확보에 초점.","현금 비중을 약 71백만원에서 78백만원으로 확대하여 추가 하락 시 분할 매수 여력 확보. 매도 후에도 100주를 보유하며 중장기 긍정 시각 유지. 매도 지정가(227,000원)는 현재가 대비 소폭 상단에 설정하여 체결 가능성을 높임.",
simulation_20260625_194731,2026-04-29,4,A095,2026-04-29,2026-04-28,2026-04-28,2026-04-29,prior_close,1,4,10,0,,,,mixed,sell,25,limit,225000.0,True,"단기적으로는 노조 파업 리스크와 대외 변수로 변동성이 확대될 수 있으나, AI 반도체 모멘텀과 저평가 매력이 하방을 지지. 현 포지션(100주)을 유지하며, 급등 시 일부 차익실현을 준비하고 20일선 부근 하락 시 분할 매수 기회를 노리는 신중한 접근이 필요.",,"현재 주가 222,000원이 5일선(221,600원) 근처이며, 단기 박스권 상단 230,000원에 근접할수록 차익실현 욕구가 발생합니다. 노조 총파업 리스크로 단기 변동성 확대 가능성이 있고, 거래량이 감소한 점도 상승 동력 약화 신호로 판단됩니다. 소폭 이익 상태(1.2%)에서 일부 차익을 실현하여 현금 비중을 더 높여 리스크를 관리하고, 향후 20일선 부근 조정 시 재매수할 여력을 확보하려 합니다. 보유 주식 100주의 25%를 매도하되, 급등 시 지정가 225,000원에 체결되도록 설정하여 과도한 매도 압력을 피합니다.","현재 현금 비중이 78%로 높지만, 파업 리스크와 대외 변수로 인한 하락 가능성에 대비하여 보유 이익을 일부 확정합니다. 매도 후에도 75주(약 16,650,000원)를 보유하게 되어 추가 상승 시 이익을 볼 수 있으며, 현금이 더 늘어나 20일선(207,892원) 부근 하락 시 분할 매수할 수 있는 여력이 생깁니다. 분산투자 원칙과 안정성 선호 성향에 따라 단일 자산 비중을 과도하게 늘리지 않도록 관리합니다.",
simulation_20260625_194731,2026-04-30,5,A095,2026-04-30,2026-04-29,2026-04-29,2026-04-30,prior_close,1,5,10,0,,,,mixed,buy,10,limit,220000.0,True,"단기적으로 노사 갈등과 부문 실적 양극화로 변동성이 확대될 수 있으나, AI 반도체 모멘텀과 저평가 매력이 하방을 지지합니다. 커뮤니티의 신중론과 뉴스의 혼재 신호를 반영해, 현 보유 비중을 유지하며 220,000원 이하 분할 매수와 230,000원 근접 시 소폭 차익실현을 준비하는 신중한 접근이 필요합니다.","이전 belief(현 포지션 100주 유지, 급등 시 일부 차익실현 준비)에서, 실제로 25주를 매도한 후 보유 주식이 75주로 줄었습니다. 뉴스와 커뮤니티의 혼재된 신호를 반영하여, 추가 매도보다는 현 비중 유지에 초점을 맞추며, 20일선 부근 매수 기회를 더 적극적으로 고려하는 방향으로 관점이 미세 조정되었습니다.","뉴스와 시장 분석에서 단기 변동성이 예상되나 20일선(209,710원) 지지와 저평가 매력이 하방을 제한합니다. 220,000원 부근이 주요 지지선으로, 조정 시 분할 매수 기회를 고려한 결정입니다. 현재 현금 비중이 83%로 충분하고, 포트폴리오 분산도 양호하여 보수적인 매수가 가능합니다. 커뮤니티 혼조와 뉴스 혼재로 확신도가 높지 않아 소량 매수에 그칩니다.","매수 후 보유 비중이 75주에서 85주로 증가하나, 현금 비중 82%로 충분한 유동성을 유지합니다. 220,000원 이하 추가 하락 시 20일선 부근에서 추가 분할 매수를 고려하되, 230,000원 근접 시 5~10주 차익실현으로 리스크를 관리합니다. 노사 갈등 악화 시 손실 확대를 막기 위해 215,000원 이하 손절을 염두에 둡니다.",
simulation_20260625_194731,2026-05-04,6,A095,2026-05-04,2026-04-30,2026-04-30,2026-05-04,prior_close,1,5,10,0,,,,mixed,sell,15,limit,222500.0,True,"단기적으로 노조 파업 리스크가 부담이나, 사상 최대 실적과 저평가 매력이 하방을 지지합니다. 현재 혼조된 신호 속에서 신중한 보유 및 관망이 적절하며, 5월 주요 일정(가처분 심문, 파업)과 추가 뉴스를 확인하며 전략을 조정할 계획입니다.","이전 Belief에서는 소량 분할 매수 준비를 언급했으나, 현재는 노조 리스크와 시장 혼조세를 더 크게 반영하여 추가 매수보다 현 보유 비중 유지와 관망 쪽으로 관점이 전환되었습니다. 커뮤니티의 긍정적 시각과 실적 호재에도 불구하고, 안정성 우선의 원칙에 따라 신중함이 강화되었습니다.","단기 약세(5일 이평선 하회, 거래량 증가)와 노조 파업 리스크로 추가 하락 가능성 고려. 소액 이익(89,423원)을 실현하고 현금 비중(83.5%)을 더 높여 리스크를 축소하기 위해 일부 매도. 기술적 지표와 뉴스 혼조 신호 속에서 안정성 우선 원칙에 따라 보수적 대응.","손실 가능성에 대비하여 현금 비중 유지 강화; 매도 후 현금 비중 약 86.7%로 증가, 향후 추가 하락 시 저가 매수 기회 확보. 단일 거래 제약(max_single_trade_cash, max_sell_quantity) 준수하며, 15주 매도로 보유 비중을 60주로 축소.",
simulation_20260625_194731,2026-05-06,7,A095,2026-05-06,2026-05-04,2026-05-04,2026-05-06,prior_close,1,4,10,0,,,,mixed,sell,10,limit,232500.0,True,"단기 박스권 혼조세 전망 속에 저평가 매력은 유효하나, 금리인상 가능성과 TV 사업 리스크, 국민연금 변수로 상방이 제한됩니다. 커뮤니티의 긍·부정 혼재와 뉴스 부정적 신호를 고려해 현금 비중을 유지하며 관망하는 것이 적절합니다.","이전에는 사상 최대 실적과 저평가 매력에 중점을 두었으나, 이번 주 뉴스(금리인상 시사, TV 사업 리스크, 국민연금 차익실현 논의)로 인해 단기 불확실성이 더 부각되었습니다. 따라서 기존 '신중 보유 및 관망'에서 더 보수적인 '현금 비중 유지, 추가 하락 시 분할 매수 검토'로 기울었습니다.","단기 박스권 상단 인근에서 차익실현 및 리스크 관리 차원. 금리인상 시사, 국민연금 차익실현 논의, TV 사업 리스크 등 부정적 뉴스 우세로 추가 상승 제한될 가능성 고려.","손실 가능성에 대비해 현금 비중 유지, 보유 주식 수 축소. 추가 하락 시 분할 매수 기회를 위해 현금 확보.",
simulation_20260625_194731,2026-05-07,8,A095,2026-05-07,2026-05-06,2026-05-06,2026-05-07,prior_close,1,5,10,0,,,,mixed,sell,25,limit,266000.0,True,"단기 박스권 혼조세 속에서 저평가 매력은 유효하나, 물가 상승과 노조 리스크가 상방을 제한합니다. 현재 주가가 26만원대에서 차익실현 욕구가 커지고 있어 추가 매수보다는 관망하며 조정 시 분할 매수를 고려하는 것이 적절합니다.","이전에는 단기 박스권 혼조세 속에 현금 비중 유지 관망이 적절하다고 보았으나, 오늘 뉴스에서 물가 상승 압력과 노조 파업 리스크가 더 부각되어 단기 차익실현 가능성을 더 높게 보고 있습니다. 긍정적 수급 호재(연금 자금 유입)는 여전히 유효하나, 상방이 더 제한적이라고 판단합니다.","오늘의 믿음과 시장 분석에서 단기 박스권 혼조세, 물가 상승 및 노조 파업 리스크로 인한 차익실현 욕구 증가를 확인했습니다. 현재 주가 266,000원은 5일선 대비 14% 높은 밸류에이션 부담 구간이며, 거래량 증가율(61.3%)이 과열 신호를 보입니다. 과거 낮은 성과를 고려해 미실현 이익(13.3%)의 일부를 확정하고 현금 비중을 높여 리스크를 관리하는 것이 적절합니다.","보유 50주 중 25주(50%)를 매도하여 미실현 이익을 일부 확정하고, 현금 비중을 약 87%에서 94%로 높여 단기 조정 리스크에 대비합니다. 매도 후에도 25주를 보유하여 추가 상승 가능성에 대응하며, 조정 시 분할 매수 계획을 유지합니다. 매도 가격은 현재가인 266,000원으로 설정하여 차익실현을 실행합니다.",
simulation_20260625_194731,2026-05-08,9,A095,2026-05-08,2026-05-07,2026-05-07,2026-05-08,prior_close,1,5,10,0,,,,mixed,sell,10,limit,272000.0,True,"단기 박스권 혼조세 속에서 노사 갈등과 물가 부담이 상방을 제한하나, 평택 신공장 투자와 반도체 수요가 하방을 지지합니다. 현재 주가는 밸류에이션 부담 구간이나 저평가 매력이 혼재되어 있어, 관망하며 조정 시 분할 매수를 준비하는 전략이 적절합니다.","이전 믿음(단기 박스권 혼조세, 저평가 매력 유효, 차익실현 욕구)을 유지하되, 노사 갈등 심화 뉴스와 원화 강세·전기비용 상승 리스크를 추가로 반영해 더 보수적인 관점으로 전환했습니다.","기술적 지표(거래량 감소, 5일선 괴리율 확대)와 뉴스(노사 갈등 심화)가 단기 조정 가능성을 시사하며, 미실현 이익이 23.8%에 달해 차익실현이 적절하다고 판단. 포트폴리오 내 현금 비중을 유지하고 리스크를 관리하기 위해 일부 매도.","단기 하락 리스크에 대비하여 현금 비중을 높이고, 매도 수량을 보유량의 40%로 제한해 과도한 이익실현을 피함. 손실 시 추가 매수 성향을 자제하고 보수적 운용 유지.",
simulation_20260625_194731,2026-05-11,10,A095,2026-05-11,2026-05-08,2026-05-08,2026-05-11,prior_close,1,4,10,0,,,,mixed,buy,10,limit,262000.0,True,"단기 박스권 혼조세 속에서 노사 갈등과 DX 부문 악화가 상방을 제한하나, 반도체 저평가와 AI 수요가 하방을 지지합니다. 밸류에이션 매력은 높지만 실적 개선이 관건이며, 혼재된 뉴스와 시장 심리 속에서 관망하며 조정 시 분할 매수를 준비하는 전략이 적절합니다.","이전에는 노사 갈등과 물가 부담을 상방 제한 요인으로 보았으나, 이번에는 DX 부문 수익성 악화와 중국 경쟁 심화를 추가 리스크로 인식했습니다. 반면 PER 저평가와 AI 수요 장기 전망에 대한 확신은 유지되며, 단기 조정 시 매수 기회를 더 적극적으로 고려하게 되었습니다.","현재가 268,500원은 5일선(251,800원) 대비 6.6% 상승하여 단기 과열 구간이나, PER 역사적 저평가와 AI 수요 장기 전망을 고려할 때 저가 매수 기회로 판단. 5일선 괴리율 확대와 거래량 감소로 단기 조정 가능성이 높아, 5일선과 20일선 사이인 262,000원(5일선+4% 수준)에서 분할 매수하여 평단을 낮추고자 함. 뉴스에서 '성급히 매도하지 말라'는 조언과 PER 저평가 분석이 매수 심리를 자극했으나, DX 부문 악화 리스크를 감안하여 소량 매수로 리스크 통제. 현금 비중 93.5%로 충분한 여력 있으며, 과거 낮은 성과를 고려해 신중한 접근 유지.","매수 후에도 현금 비중 약 90% 유지하여 추가 조정 시 대비. 5일선(251,800원) 이탈 시 손절 검토, 20일선(224,425원)까지 하락 시 추가 분할 매수 계획. 미실현이익 22.4% 상태에서 수익 시 조기 매도 성향을 인지하나, 중장기 관점에서 보유 비중을 점진적으로 늘려 변동성에 대응.",
simulation_20260625_194731,2026-05-12,11,A095,2026-05-12,2026-05-11,2026-05-11,2026-05-12,prior_close,1,6,10,0,,,,mixed,sell,5,limit,286000.0,True,"단기적으로 노사 갈등과 파업 리스크가 주가에 하방 압력을 가하나, 반도체 업황 호조와 저평가 매력이 하방을 지지합니다. 혼재된 뉴스와 시장 심리 속에서 관망하며 현금 비중을 유지하고, 조정 시 분할 매수를 준비하는 보수적 접근이 적절합니다.","이전 Belief 대비 노사 갈등의 파업 현실화 가능성이 더욱 구체화되어 단기 리스크가 증가했으며, 이에 따라 추가 매수보다 관망과 현금 비중 유지 쪽으로 관점이 더 보수적으로 전환되었습니다.","종가 285,500원은 5일 이평선(264,800) 대비 7.8% 상회하고 전일비 39.2% 거래량 급증은 단기 과열 신호로 판단. 21일 파업 리스크가 구체화되며 하방 압력 증가, 혼재된 뉴스와 관망 분위기 속 차익 실현 필요. 보유 주식 일부(20%)를 286,000원 지정가에 매도하여 현금 비중(약 96.8백만→98.2백만 원)을 확대, 급락 시 분할 매수 재원 확보.","급등 후 변동성 확대 국면에서 5주 매도로 미실현 이익 일부 실현, 현금 비중을 94.4%로 높여 파업 리스크 및 조정 위험에 대비. 남은 20주(평단 219,308원)는 중장기 저평가 매력 고려 보유하되, 추가 하락 시 270,000원, 260,000원 구간에서 분할 매수 준비. 과거 낮은 성과와 처분효과 성향을 반영하여 손실 확대 전 현금 확보가 우선.",
simulation_20260625_194731,2026-05-13,12,A095,2026-05-13,2026-05-12,2026-05-12,2026-05-13,prior_close,1,7,10,0,,,,mixed,buy,10,limit,274100.0,True,"단기 노사 리스크와 외국인 매도로 변동성이 확대됐으나, 기술적 지표(정배열)와 저평가 매력, 개인 매수 유입이 하방을 지지합니다. 혼재된 신호 속에서 현금 비중을 유지하며 조정 시 분할 매수를 준비하는 보수적 관점을 유지합니다.","이전에는 관망하며 조정 시 분할 매수를 준비하는 보수적 접근이었으나, 오늘 실제 주가 하락(2.28%)과 노사 갈등 구체화로 단기 하방 압력을 더 경계하게 되었습니다. 다만 저평가와 기술적 지지선(5일선 274,100원)이 여전히 유효해 기존 관점을 유지하되, 매수 타이밍을 더 보수적으로 조정합니다.","5일 이동평균선(274,100원) 지지 확인 시 분할 매수 기회로 판단. 저평가(PER 10.5배, PBR 저점)와 개인 순매수 유입, 기술적 정배열 유지가 하방 지지. 단기 노사 리스크와 외국인 매도로 추가 하락 가능성 경계하나, 현금 비중 93.3%로 충분한 여력 있어 조정 시 소량 매수로 평단 낮추기 적절. 뉴스 혼조 속 보수적 접근 유지.","매수 후 5일선 이탈 시 추가 매수 보류, 현금 비중 90% 이상 유지. 손실 시 추가 매수 성향 자제하고, 수익 시 빠른 매도보다 저평가 해소 전망 고려해 보유 기간 연장 검토. 단일 매수 금액 2,741,000원으로 max_single_trade_cash(48,429,024원) 대비 5.7%에 불과해 리스크 제한적.",
simulation_20260625_194731,2026-05-14,13,A095,2026-05-14,2026-05-13,2026-05-13,2026-05-14,prior_close,1,6,10,0,,,,mixed,buy,1,limit,284000.0,True,"단기 파업 리스크와 변동성 확대가 우려되나, 저평가 매력과 반도체 호황, 커뮤니티의 긍정적 시각이 하방을 지지합니다. 현금 비중을 유지하며 조정 시 분할 매수하는 보수적 전략을 고수하며, 혼조 신호 속에서도 안정성을 최우선으로 판단합니다.","이전에도 보수적 관점을 유지했으나, 오늘 뉴스에서 파업이 21일로 구체화되면서 단기 리스크가 더 부각되었습니다. 반도체 호황과 저평가 매력은 여전히 유효하지만, 파업 현실화 가능성이 높아져 추가 하락에 더 경계하게 되었습니다. 현금 비중 유지 및 소량 분할 매수 기조는 유지하나, 매수 타이밍을 더 보수적으로 조정할 필요를 느낍니다.","뉴스에서 파업 21일 예고와 노사 결렬이 단기 최대 악재로 부각되었고, 거래량 감소로 상승 동력이 약화되어 섣부른 매수는 위험합니다. 현재 포트폴리오는 미실현 이익이 1,617,308원으로 수익 구간에 있으나, 확신도가 낮고 혼조 신호 속에서 보수적 접근이 필요하여 현금 비중(93%)을 유지하며 관망합니다.","파업 리스크로 추가 하락 가능성을 고려하여 현금 비중을 높게 유지하며, 손실 시 추가 매수 성향을 자제하고 분할 매수 기회를 기다립니다. 현재 수익 구간에서 익절 욕구가 있으나, 뚜렷한 상승 신호 없이 무리한 매도는 피하고, 5일선(277,700원) 이탈 시 분할 매수 대비를 합니다.","hold->buy, price<=0->current_price"
simulation_20260625_194731,2026-05-15,14,A095,2026-05-15,2026-05-14,2026-05-14,2026-05-15,prior_close,1,5,10,0,,,,mixed,buy,33,limit,290000.0,True,"파업 리스크와 거래량 감소로 단기 변동성이 확대되었으나, 글로벌 반도체 호황과 저평가 매력이 하방을 지지합니다. 커뮤니티 비관론과 혼조 신호 속에서도 현금 비중(93%)을 유지하며 조정 시 분할 매수 기회를 노리는 보수적 전략이 적절합니다.","이전에는 혼조 신호 속에서도 하방 지지에 무게를 두며 보수적 관망을 강조했으나, 이번에는 PBR 1배 돌파로 저평가 논란이 해소되고 커뮤니티 비관론이 심화됨에 따라 추가 상승보다는 단기 보합~소폭 상승에 그칠 가능성이 높다고 판단합니다. 차익실현 욕구가 더 커졌으나 AI 장기 트렌드를 고려해 보유 전략을 유지합니다.","파업 리스크와 거래량 감소로 단기 변동성이 확대되었으나, 글로벌 반도체 강세와 저평가 매력이 하방을 지지하고 있어 보합~소폭 상승 가능성이 높습니다. PBR 1배 돌파로 저평가 논란이 해소되었지만 PER 10.5배는 여전히 낮고, 5일 이동평균(282,600원)과 20일 이동평균(240,775원) 대비 현재가 296,000원은 강한 상승 추세 내에 있습니다. 커뮤니티 비관론이 우세하나 조정 시 분할 매수 기회로 활용하고자 합니다. 보유 현금이 93%로 매우 높아 안정성을 유지하면서도 장기 AI 트렌드에 베팅하기 위해 현재가 대비 2% 낮은 290,000원에 지정가 매수를 설정, 33주(약 957만원, 현금 대비 9.9%, max_single_trade_cash 4,842만원 이내)를 매수하여 평균 단가를 낮추고 분산 효과를 높입니다.","총 자산 대비 삼성전자 비중을 7.3%에서 16.1%로 높이되 현금 비중을 83.9%로 유지하여 안정성을 확보합니다. 손실 시 추가 매수 성향을 고려하여 추가 하락 시 280,000원 이하에서 추가 분할 매수 계획을 세웁니다. 단기 파업 리스크로 인한 5% 이상 급락 시 손실을 제한하기 위해 275,000원에 손절 라인을 설정합니다. 과거 낮은 성과와 차익실현 욕구에도 불구하고 장기 트렌드를 고려해 보유 전략을 고수합니다.",
simulation_20260625_194731,2026-05-18,15,A095,2026-05-18,2026-05-15,2026-05-15,2026-05-18,prior_close,1,4,10,0,,,,negative,buy,7,limit,260000.0,True,"단기 파업 리스크와 급락으로 시장 심리는 극도로 위축되었으나, AI 반도체 구조적 성장과 저평가 매력이 하방을 지지합니다. 보유 현금 비중이 높아 관망하며 조정 시 분할 매수 기회를 노리는 보수적 전략이 타당합니다.","이전에는 보합~소폭 상승 가능성을 높게 보았으나, 실제 8% 이상 급락과 파업 현실화로 단기 전망을 하향 조정합니다. 중장기 긍정 요인은 유지하나, 단기 리스크에 더 무게를 둡니다.","핵심 근거: 파업 리스크로 인한 8.6% 급락과 부정적 뉴스가 압도적이지만, AI 반도체 구조적 성장과 PER 10.5배의 저평가 매력이 하방을 지지합니다. 현재가 270,500원은 단기 급락 후 20일 이동평균(243,750원) 위에 있어 중기 추세는 유지 중이며, 보유 현금 비중이 84.8%로 높아 분할 매수 기회로 활용 가능합니다. 평균 매수 단가(248,434원) 대비 8.9% 수익 구간이지만, 추가 하락 시 더 싼 가격에 매수하기 위해 260,000원(심리적 지지선)에 제한적 매수를 실행합니다. 거래 제약 내 최대 매수 가능 수량(162주) 대비 보수적으로 7주(약 182만원, 가용 현금의 2%)만 매수하여 리스크를 최소화합니다.","리스크 관리 방침: 72세 고령 투자자로서 안정성을 최우선으로, 현금 비중을 80% 이상 유지하여 추가 하락 시 대응 여력을 확보합니다. 파업 장기화 및 외국인 매도세 지속으로 단기 추가 하락 가능성을 인지하여, 매수 수량을 최소화하고 분할 매수 전략을 고수합니다. 매수 지정가 260,000원은 현재가 대비 3.9% 하락한 수준으로, 손실 가능성을 감안하더라도 총 자산 대비 영향이 제한적입니다. 보유 주식(58주)의 미실현손익(8.9%)은 유지하되, 추가 하락 시 평균 단가 하락 효과를 기대합니다.",
