outputs/logs/simulation_20260625_194731/agent_turns.csv
run_id,date,turn,agent_id,decision_date,market_features_date,news_max_date,execution_date,information_mode,news_depth,selected_news_count,read_news_count,search_read_count,depth2_search_keywords,depth2_search_result_count,depth2_view_change,news_sentiment,action,quantity,order_type,price,submitted_order,belief_summary,view_change,decision_reason,risk_control,order_corrections
simulation_20260625_194731,2026-04-24,1,A087,2026-04-24,2026-04-23,2026-04-23,2026-04-24,prior_close,2,8,10,10,"삼성전자, 노조 파업, 기술 유출, HBM, 1분기 실적, SK하이닉스, 주가, 거래량",10,수정,mixed,buy,500,limit,224500.0,True,"단기적으로 노조 리스크와 기술 유출 부정 재료가 있지만, 배당금 지급, 주주 행동주의, 코스피 강세 및 반도체 호황이라는 긍정 요인이 상쇄하며 22만원대에서 지지력을 보일 것이다. 중기 관점에서 SK하이닉스 대비 경쟁력 약화는 우려되나, 안정적 자산 선호 성향에 맞춰 현재 중립에서 약간 긍정적으로 관점을 조정한다.","초기 중립에서 긍정적으로 전환. 노조 리스크와 기술 유출에 대한 우려에도 배당금 지급, 주주 행동주의, 거시경제 호조가 하방을 강하게 지지한다고 판단하여 매수 관점을 강화했다.","배당금 지급, 주주 행동주의, 코스피 사상 최고치 등 긍정 요인이 하방을 지지하고, 기술적 지표(5일 이동평균 상회, 거래량 증가)가 상승 추세를 확인. 노조 리스크와 기술 유출 부정 재료가 단기 변동성을 키울 수 있으나, 안정적 자산 선호 성향에 따라 초기 분할 매수로 진입. 현재 주가 224,500원은 적정 수준으로 판단.","초기 매수 비중을 총 자산의 약 22.45%(2.245억 원)로 제한하여 현금 비중 77.55% 유지. 노조 리스크 및 기술 유출 악재로 인한 추가 하락 시 5일 이동평균(218,300원) 부근에서 분할 매수 계획. 손실 시 추가 매수 성향을 고려하되, 단기 변동성에 대비해 과도한 레버리지 배제. 수익 발생 시 빠른 차익 실현보다는 배당 수익과 중기 보유를 염두에 둠.",
simulation_20260625_194731,2026-04-27,2,A087,2026-04-27,2026-04-24,2026-04-24,2026-04-27,prior_close,2,7,10,10,"삼성전자, HBM, 실적, 성과급, 반도체 장비, 추미애, 평택",10,수정,mixed,buy,200,limit,216000.0,True,"단기적으로 노조 리스크와 경쟁사 HBM 우위가 부담이나, 1분기 실적 호조와 정부 지원, 기관 매수세가 하방을 지지합니다. 22만원대에서 등락할 것으로 보고, 기술적 지표(5일선·거래량)를 확인하며 신중한 관망이 필요합니다.","이전에는 실적 호재와 반도체 클러스터 지원을 중시해 약간 긍정적 관점을 가졌으나, 추가 검색으로 노조 총파업 예고와 하루 1조원 손실 가능성을 확인한 후 단기 전망을 '혼재·변동성 확대'로 수정했습니다. 중장기 펀더멘털은 여전히 긍정적이나, 단기 리스크 관리에 더 주의를 기울이려 합니다.","20일 이동평균(202,742원) 근처 저가 매수 기회를 노리며, 1분기 깜짝 실적과 기관 매수세가 하방을 지지할 것으로 판단. 노조 리스크로 단기 변동성이 확대되었으나, 중장기 펀더멘털은 긍정적이며 현금 비중이 높아 분할 매수로 대응. 기술적 지표상 5일선(219,000원) 이탈 시 216,000원 지지선 예상.","단기 노조 리스크로 추가 하락 가능성(5% 이상)을 고려하여 분할 매수로 리스크 분산, 총 보유 비중을 현금 대비 15% 이내로 유지. 손실 시 추가 매수보다는 관망 원칙. 거래량 감소와 혼조 심리로 인해 과도한 매수 자제.",
simulation_20260625_194731,2026-04-28,3,A087,2026-04-28,2026-04-27,2026-04-27,2026-04-28,prior_close,2,8,10,10,"삼성전자, HBM, 엔비디아, 메모리 가격, FOMC, ETF, AI 반도체, 주가",10,수정,mixed,buy,200,limit,222000.0,True,"코스피 사상 최고치와 반도체 호황이 지지력을 제공하나, 기술 유출·중국 철수·노사 갈등 등 부정적 재료가 혼재되어 단기 변동성이 확대될 전망입니다. ETF 자금 유입과 레버리지ETF 도입은 중장기 수요를 뒷받침할 요인이나, 단기적으로는 22만원대에서 등락하며 관망세가 이어질 것으로 판단됩니다.","이전에는 저가 매수 기회와 기관 매수세에 긍정적이었으나, 추가 뉴스 검색 결과 기술 유출 판결 확정과 중국 사업 철수 등 부정적 재료가 확인되어 관점을 '긍정'에서 '중립'으로 하향 조정합니다. 다만 ETF 확대와 반도체 업황은 여전히 지지 요인입니다.","현재 주가(224,500원)가 20일선(205,152원) 대비 9.4% 높고 거래량이 증가했으나, 기술 유출 판결·중국 철수·노사 갈등 등 부정적 재료가 혼재되어 단기 조정 가능성을 고려해 22만원 초반 저가 매수 기회를 노림. 현금 비중이 84%로 높아 추가 매수 여력이 충분하며, 손실 시 추가 매수 성향을 활용해 평균 단가를 낮추려는 전략. ETF 자금 유입과 반도체 호황이 중장기 지지 요인이라는 점을 고려해 보수적인 수량(200주)으로 접근.","매수 후 주가가 220,000원 이하로 하락할 경우 추가 매수(최대 500주)를 고려하되, 총 보유 비중이 현금 대비 30%를 넘지 않도록 관리. 기술 유출·중국 철수 악재가 현실화되면 손절매(220,000원 이하)를 통해 손실을 제한하고, 반등 시 225,000원 이상에서 차익실현(200주)을 계획. 현금 844백만원 중 44.4백만원(약 5.3%)만 사용하여 리스크를 최소화.",
simulation_20260625_194731,2026-04-29,4,A087,2026-04-29,2026-04-28,2026-04-28,2026-04-29,prior_close,2,3,10,10,"삼성전자, HBM, 파업, AI 반도체, 가전 구조조정, 허사비스, 노조, 메모리 가격",10,수정,mixed,buy,450,limit,220500.0,True,"파업 리스크가 단기 변동성을 키우지만 AI 협력과 저평가가 하방을 지지합니다. 22만원 초반 지지선 확인 후 분할 매수 기회를 모색하며, 중장기 긍정 시각을 유지하되 노사 갈등 전개를 예의주시하겠습니다.","이전에는 긍정 재료와 부정 재료가 혼재된 관망세였으나, 추가 검색으로 파업 규모와 잠재적 손실(최대 30조원)을 인지하면서 단기 하방 리스크에 대한 경계가 강화됨. 반면 AI 협력 기대는 유지되어 전반적으로 '제한적 긍정'에서 '혼재된 신호 속 신중'으로 미세 조정.","22만원 초반 지지선(22,000~22,200원)이 유효할 것으로 판단되며, 현재 주가 222,000원은 5일 이동평균 위에 있어 단기 지지력을 보입니다. 파업 리스크가 단기 하방 압력이나 노조위원장 휴가로 실행 불확실성이 존재하고, AI 협력 기대와 저평가(역사적 PER 저점)가 하방을 지지합니다. 거래량 감소는 관망세를 시사하나, 분할 매수 기회로 활용하기 위해 220,500원(22만원 초반 지지선 근처)에 450주 매수를 결정했습니다. 이는 가용 현금의 약 12.4%에 해당하며, 보유 현금 비중(약 80%)을 고려해 리스크를 제한합니다. 핵심 근거: 뉴스(파업 리스크와 AI 협력 혼재), 시장 데이터(기술적 지지선, 저평가), 포트폴리오 상태(높은 현금 비중, 미미한 손실).","매수 후 보유 현금은 약 700,825,075원으로 현금 비중 70% 이상 유지되어 추가 하락 시 대응 여력 확보. 손실 확대 방지를 위해 22만원 초반 지지선(22,000원) 이탈 시 보유 물량(현재 900주 + 추가 450주)의 일부 매도를 고려하며, 파업 관련 뉴스 전개를 예의주시. 단기 변동성 확대 가능성을 인지하고 분할 매수 원칙을 고수.",
simulation_20260625_194731,2026-04-30,5,A087,2026-04-30,2026-04-29,2026-04-29,2026-04-30,prior_close,2,6,10,10,"삼성전자, 노동쟁의, DS부문, DX부문, 성과급, 오픈AI, HBM, 히트펌프",10,수정,mixed,buy,400,limit,224000.0,True,"단기적으로 노사 갈등과 글로벌 반도체 불확실성으로 박스권 등락이 예상되나, 저평가와 DS 호실적이 하방을 지지합니다. 5일선 지지 여부를 확인하며 분할 매수 기회를 모색하되, 법원 결정과 파업 실행 여부를 예의주시하겠습니다. 중장기 긍정 시각은 유지하나, 단기 변동성 확대에 대비해 현금 비중을 충분히 유지할 필요가 있습니다.","이전에는 파업 리스크가 단기 변동성을 키우지만 저평가가 하방을 지지한다고 보았습니다. 그러나 추가 뉴스 분석을 통해 노사 갈등이 예상보다 심각하고 장기화 가능성이 있으며, 사업부 간 양극화와 기술 유출 리스크가 더 부각되어 단기 전망을 보수적으로 조정했습니다. 중장기 긍정 시각은 유지하되, 단기 변동성에 더욱 신중히 대응할 필요성을 느낍니다.","5일선(223,300원) 지지 확인 시 저평가 매력과 DS 실적 호조를 활용한 분할 매수 기회. 현재가 226,000원은 단기 박스권 상단(230,000원)에 근접해 추가 상승이 제한적일 수 있으나, 저가 매수로 평균단가를 낮추고 중장기 긍정 시각 유지. 거래량 증가는 일부 매수세 유입 시사. 보유 현금 비중이 약 80%로 충분하며, 현재 소폭 흑자 상태에서 추가 매수로 포지션 확대.","노사 갈등 및 글로벌 반도체 불확실성으로 단기 하락 가능성을 고려, 현금 비중을 50% 이상 유지하기 위해 매수 규모를 제한. 400주(약 9천만원) 매수로 현금 비중을 약 70%로 낮추되, 추가 하락 시 220,000원 이하에서 추가 분할 매수 여력 확보. 손실 시 추가 매수 경향을 자제하고, 5일선 이탈 시 220,000원 하락 위험에 대비해 손절 기준을 마련하지 않고 보유 전략 유지.",
simulation_20260625_194731,2026-05-04,6,A087,2026-05-04,2026-04-30,2026-04-30,2026-05-04,prior_close,2,7,10,10,"삼성전자, 파업, 메모리 가격, HBM, AI 수요, 외국인 순매수, 코스피",10,강화,mixed,buy,100,limit,220500.0,True,"사상 최대 실적과 메모리 슈퍼사이클이 하방을 단단히 지지하는 가운데, 파업 리스크는 실행 가능성 저하로 오히려 해소 시 급등 재료가 될 전망입니다. 저평가 매력과 시장 최고치 경신이라는 긍정 모멘텀을 고려할 때, 단기 등락에도 중장기 보유 관점을 유지합니다.","강화 (이전: '단기 박스권 등락, 분할 매수 기회 모색' → 현재: '파업 리스크 완화로 상방 가능성↑, 보유 비중 확대 고려')","저평가 매력과 사상 최대 실적이 하방을 지지하며, 파업 리스크 완화로 상방 가능성이 높아졌습니다. 5일선 아래에 있지만 20일선 위에서 지지되고 있어 추가 하락 리스크는 제한적이라 판단, 분할 매수 기회로 활용합니다.","매수 후 보유비중이 소폭 증가하나, 현금 비중을 충분히 유지하여 추가 하락 시 추가 매수 여력을 확보합니다. 손실이 확대될 경우 215,000원 이하에서 손절을 고려할 수 있으나, 현재는 저평가 구간이므로 장기 보유 관점을 유지합니다.",
simulation_20260625_194731,2026-05-06,7,A087,2026-05-06,2026-05-04,2026-05-04,2026-05-06,prior_close,2,6,10,10,"삼성전자, 국민연금, 금리인상, TV 사업, HBM, 메모리 가격, 반도체 장비, 중국 경쟁",10,수정,mixed,buy,300,limit,225100.0,True,"사상 최대 실적과 저평가 매력이 하방을 지지하나, 노조 리스크와 금리 인상 전망이 단기 상승을 제한할 것으로 보입니다. 20일선 위에서 지지되는 기술적 흐름을 긍정적으로 보며, 추가 하락 시 분할 매수 기회로 활용할 준비가 되어 있습니다.","수정. 기존에는 파업 리스크 완화로 상방 가능성을 높게 봤으나, 추가 뉴스 검색 결과 노조 내부 분열에도 불구하고 목표주가 하향과 실적 감소 전망이 확인돼 단기 리스크를 더 무겁게 평가하게 되었습니다. 이에 따라 1개월 시장 방향을 '완만한 상승'에서 '박스권 등락'으로 조정하고, 관망 중심의 보수적 관점을 채택합니다.","5일선(225,100원) 지지 및 20일선 우상향 유지 중이며, 사상 최대 실적과 저평가 매력이 하방 지지. 추가 하락 시 분할 매수 기회로 활용하기 위해 5일선 근처에서 매수 주문. 포트폴리오 현금 비중 70%로 충분한 여력.","손실 가능성 대비하여 매수 수량을 보수적으로 300주(약 6,753만원)로 제한, 최대 손실 5% 시 손절매 준비. 전체 보유 비중을 과도하게 높이지 않고 현금 60% 이상 유지.",
simulation_20260625_194731,2026-05-07,8,A087,2026-05-07,2026-05-06,2026-05-06,2026-05-07,prior_close,2,9,10,10,"삼성전자, HBM, 노조 파업, 외국인 순매수, AI 반도체, 메모리 가격, 실적 전망",10,수정,mixed,buy,300,limit,262000.0,True,"단기 변동성에도 불구하고 반도체 호황과 저평가 매력이 중장기 상승을 지지할 것으로 보입니다. 노조 리스크와 물가 상승은 단기 부담이나, 기술적 지지선과 충분한 현금을 바탕으로 조정 시 분할 매수 기회를 활용할 계획입니다.","이전에는 긍정적 전망이 우세했으나, 추가 검색을 통해 노조 리스크와 SK하이닉스의 HBM 경쟁력 강화를 더 무겁게 고려하게 되었습니다. 단기 상승 여력이 제한적일 수 있다는 점을 인지하여 보다 신중한 접근이 필요하다고 판단합니다.","현재 주가(266,000원)가 5일선과 20일선 위에 있고 거래량 증가로 상승 추세 유지 중이나, 노조 리스크와 물가 상승 압력이 단기 변동성을 높일 수 있어 소폭 조정 시 매수 기회를 활용하려 함. 저평가 밸류에이션(PER 6~7배)과 반도체 호황이 중장기 상승을 지지하므로, 현금 비중 67%를 활용해 분할 매수로 평균 매수 단가를 낮추고 추가 상승 시 수익을 확대할 계획. 다만 단기 리스크를 고려해 지정가 262,000원으로 보수적 접근.","추가 하락 시 20일선(217,775원)까지 추가 분할 매수 계획을 세워 리스크를 분산하며, 단일 주문 금액(300주 × 262,000원 = 78,600,000원)을 현금의 11%로 제한해 충격 완화. 수익이 난 상태에서 조기 매도 성향을 자제하고, 보유 주식의 미실현 이익(약 5,775만원)을 손절 기준(10% 하락 시 239,400원)으로 설정해 하방 리스크 관리.",
simulation_20260625_194731,2026-05-08,9,A087,2026-05-08,2026-05-07,2026-05-07,2026-05-08,prior_close,2,7,10,10,"삼성전자, 파업, 평택 P5, HBM, 엔비디아, 원화 강세, 메모리 가격, AI 반도체",10,수정,mixed,sell,300,limit,275000.0,True,"단기적 파업 리스크로 인한 변동성 확대가 우려되나, 저평가 매력과 중장기 반도체 호황이 하방을 지지합니다. 커뮤니티 분위기도 관망세가 강해, 추가 매수보다는 현금 비중을 유지하며 조정 시 분할 매수 기회를 노리는 것이 바람직합니다.","이전에는 조정 시 매수 기회를 활용하려는 적극적 입장이었으나, 파업 리스크 심화와 커뮤니티 경계심을 반영하여 단기 관망 및 보수적 접근으로 전환했습니다.","파업 리스크로 단기 변동성 확대가 우려되고 거래량 감소로 상승 동력이 약화되어, 일부 차익 실현을 통해 현금 비중을 확보합니다. PER 저평가와 중장기 호재는 인정하나, 포트폴리오 뷰에서 현금 비중 67% 유지 및 관망세 강화 의견에 따라 미실현 이익의 일부를 실현합니다. 매도 가격은 275,000원으로 저항선 돌파 시점에 설정하였으며, 향후 조정 시 재매수 기회를 고려합니다.","미실현 이익 6,490만 원 중 일부(약 3,200만 원)를 실현하여 리스크를 축소하고, 현금 비중을 약 73%로 늘려 파업 불확실성에 대비합니다. 이후 추가 하락 시 260,000원 이하에서 분할 매수할 계획입니다.",
simulation_20260625_194731,2026-05-11,10,A087,2026-05-11,2026-05-08,2026-05-08,2026-05-11,prior_close,2,6,10,10,"삼성전자, HBM, AI 서버, 메모리 가격, DX 부문, 외국인 순매수, PER 저평가",10,수정,mixed,buy,200,limit,262000.0,True,"단기 노조 리스크로 변동성이 확대될 수 있으나, DS부문 호황과 역사적 저평가가 하방을 지지합니다. 커뮤니티 관망세 속에서 기술적 지표(이동평균·거래량)를 보며 조정 시 분할 매수 기회를 노리는 전략이 바람직합니다.","이전에는 단기 파업 리스크와 저평가 매력이 상충된다고 보았으나, 추가 검색을 통해 노조 리스크(파업·인건비·목표주가 하향)가 단기 주가에 가장 직접적인 하방 요인임을 확인했습니다. 반도체 호황은 중장기 긍정 요인이나, 단기적으로는 협상 결과와 수급 동향에 더 주목해야 한다고 관점을 수정했습니다.","Belief와 시장 분석에 따르면 단기 노조 리스크로 변동성이 확대될 수 있으나, DS부문 호황과 역사적 저평가(PER 7~8배)가 하방을 지지합니다. 커뮤니티 관망세 속에서 조정 시 분할 매수 기회를 노리는 전략이 바람직하며, 기술적 지표상 5일선(251,800) 부근에서 지지 확인 시 매수 진입이 적절하다고 판단했습니다. 현재 포트폴리오는 현금 비중 67%로 추가 매수 여력이 충분하고, 5/21 노조 파업 이전에 분할 매수하여 평균 단가를 낮추고 중장기 저평가 매력을 활용하려 합니다. 과거 수익 시 빠른 매도 성향을 고려해 신중하게 접근하며, 지정가 262,000원은 현재가 대비 약 2.4% 낮은 수준으로 조정 시 매수 기회를 포착하기 위함입니다.","단기 노조 리스크(5/21 파업, JP모건 인건비 경고)로 추가 하락 가능성을 고려하여, 이번 매수는 200주(약 5,240만원)로 보수적으로 제한하여 현금 비중을 62% 이상 유지합니다. 이후 5일선(251,800) 이탈 시 추가 매수는 보류하고, 손실 확대 시 추가 매수보다는 현금 보유를 우선시하여 리스크를 관리합니다. 총 매수 금액은 최대 단일 거래 현금(약 3.56억)을 초과하지 않으며, 20일 이평선(224,425) 하회 시 손절을 고려할 수 있으나 현재 저평가 상태에서는 보유 전략을 유지합니다.",
simulation_20260625_194731,2026-05-12,11,A087,2026-05-12,2026-05-11,2026-05-11,2026-05-12,prior_close,2,6,10,10,"삼성전자, 파업, HBM, 코스피, 외국인 순매수, 메모리 가격, 주가 추이, 노사 협상",10,수정,mixed,buy,350,limit,279500.0,True,"단기 노조 리스크로 변동성이 확대될 수 있으나, 반도체 슈퍼사이클과 역사적 저평가가 하방을 지지합니다. 커뮤니티 관망세 속에서 기술적 지표(이동평균·거래량)를 보며 조정 시 분할 매수 기회를 노리는 전략이 바람직합니다.","이전에도 보수적 접근을 유지했으나, 추가 검색을 통해 증권가 일부가 파업을 단기 변수로 보고 목표주가를 상향한 점과 코스피 급등 속 삼성전자의 시총 기여도 80%를 확인하며 긍정적 시각이 다소 강화됨. 다만 파업 불확실성이 해소되지 않아, 무조건 매수보다는 추세와 돌파 신호를 추가 확인하며 보수적으로 접근하겠다는 관점은 유지.","현재 MA5(264,800)와 MA20(228,500)을 크게 상회하며 강한 상승 추세를 보이고, 거래량도 39% 급증하여 추세 강도를 확인. PER 7~8배의 역사적 저평가와 반도체 슈퍼사이클, 일부 증권사의 목표가 상향 등 긍정적 시그널이 존재. 다만 파업 리스크가 단기 변동성을 확대할 수 있어, 현재가 대비 약 2.1% 낮은 279,500원에 분할 매수하여 조정 시 진입하며 평균단가를 낮추는 전략. 보유 현금이 충분하고, 총 자산 대비 매수 금액(약 9%, 9,800만 원)이 과도하지 않아 리스크 관리 가능.","주문 가격 미체결 시 손실 없이 대기 가능하며, 파업 불확실성 해소 전까지 추가 매수는 자제. 현재 보유 1,300주(약 34% 비중)에 분할 매수로 1,650주(약 44% 비중)로 확대하되, 현금 6.1억 원(56%)을 유지하여 급락 시 추가 대응 여력 확보. 단기 변동성 확대에 대비해 1% 이상 급등 시 매수 주문을 취소하고 재검토하는 조건부 접근 유지.",
simulation_20260625_194731,2026-05-13,12,A087,2026-05-13,2026-05-12,2026-05-12,2026-05-13,prior_close,2,6,10,10,"삼성전자, 성과급 논쟁, 국민배당금, 반도체, HBM, 외국인 순매도, 코스피",10,수정,mixed,buy,200,limit,274000.0,True,"단기 노사 리스크로 변동성이 있지만, 반도체 슈퍼사이클과 역사적 저평가가 하방을 지지합니다. 조정 시 분할 매수 기회로 활용하며, 중장기 긍정적 관점을 유지합니다.","이전에는 단기 노조 리스크를 더 강조했으나, 추가 검색을 통해 범용 반도체 수요 확대와 기관 매수세를 확인하며 중장기 전망을 긍정적으로 수정함. 노사 갈등은 여전히 모니터링 필요.","MA5(274,100원) 부근 기술적 지지선을 고려한 분할 매수. 개인 대규모 순매수(1.7조)와 기관 매수세 유입, 역사적 저평가(PER 7~8배)가 하방 지지. 단기 노사 리스크로 하락 가능성 있으나, 중장기 반도체 업황 호조와 정배열 추세 유지. 보유 현금 57%로 충분하며, 19.4% 미실현 이익 상태에서 조정 시 매수로 리스크 분산.","지정가 274,000원으로 추가 하락 시 지지선 확인 후 진입. 총 200주(약 5,480만원) 소액 분할 매수로 현금 비중 56% 유지. 노사 갈등 파업 가능성과 외국인 순매도 지속 시 추가 매수 보류, 270,000원 이하 하락 시 추가 분할 매수 검토. 미실현 이익 19.4%를 보호하기 위해 과도한 추격 매수 자제.",
simulation_20260625_194731,2026-05-14,13,A087,2026-05-14,2026-05-13,2026-05-13,2026-05-14,prior_close,2,7,10,10,"삼성전자 파업, 긴급조정권, HBM 가격, 외국인 순매수, 반도체 업황, 6월 실적 전망, DX 협상",10,수정,mixed,sell,420,limit,285000.0,True,"단기적으로는 21일 파업 리스크와 정부 개입 여부가 주가 방향을 결정할 주요 변수입니다. 역사적 저평가와 반도체 호황이 중장기 지지 요인이지만, AI 메모리 과열 경고와 노사 갈등 장기화 가능성도 존재합니다. 불확실성이 큰 만큼 관망하며 조정 시 분할 매수로 대응하는 것이 바람직합니다.",수정,"21일 총파업 리스크와 변동성 확대(20일 변동성 3.69%)로 단기 불확실성이 큽니다. 거래량 감소(전일 대비 13.76%)와 284,000원 저항 확인 구간에서 현재 수익률 8.27%를 보호하기 위해 보유 주식의 약 25%를 차익 실현합니다. 반도체 호황과 저평가( PER 10.5배)가 중장기 지지 요인이나, '혼재된 뉴스 신호'와 '중간 확신도'를 고려해 과도한 매도를 피하고 현금 비중을 확대(약 61%→66%)하여 리스크를 관리합니다. 뉴스 및 시장 데이터(파업 우려, 거래량 감소)가 핵심 근거입니다.","파업 현실화 시 260,000~270,000원까지 추가 하락 가능성을 고려해 현금 비중을 늘려 유동성 확보. 10.5배 PER의 저평가와 반도체 호황을 감안한 분할 매수 대비. 매도 후에도 잔여 주식(1,230주)과 현금(약 494,357,150원) 보유로 균형 유지. 손실 시 추가 매수 성향 제어, 수익 보호 우선.",
simulation_20260625_194731,2026-05-15,14,A087,2026-05-15,2026-05-14,2026-05-14,2026-05-15,prior_close,2,7,10,10,"삼성전자, HBM, 엔비디아, 메모리 가격, 외국인 순매수, 이동평균, 성과급, AI 반도체",10,수정,mixed,sell,200,limit,298000.0,True,"단기적으로 AI 호재와 신고가 모멘텀이 강하나, 파업 리스크라는 확실한 악재가 버티고 있어 상승 폭이 제한될 수 있습니다. 저평가 매력은 유효하나 불확실성이 큰 만큼 신규 매수는 보류하고, 조정 시 분할 매수로 대응하는 것이 바람직합니다.","수정됨. 기존에는 반도체 호황과 저평가에 무게를 둬 긍정적 관점이 강했으나, 추가 검색을 통해 성과급 갈등과 파업 리스크의 심각성(40조 손실 전망)을 재확인하며 단기 불확실성을 더 크게 반영하게 되었습니다. 신고가 구간에서 차익 실현을 고려할 정도로 보수적인 입장으로 변경되었습니다.","신고가 근접 구간에서 파업 리스크(40조 영업이익 감소 우려)가 단기 변동성을 확대할 가능성이 높고, 커뮤니티 관망 분위기와 보수적 성향을 고려해 일부 차익 실현으로 리스크를 관리합니다. 현재 미실현손익이 7,655만원에 달해 수익 보호 차원에서 매도 결정. 기술적 강세(5일/20일 이동평균 상회, 거래량 증가)는 유효하나, 신고가 돌파 실패 시 조정 가능성에 대비해 보유 비중을 축소합니다.","파업 리스크로 인한 단기 하락 가능성에 대비해 현금 비중을 확대(현재 67% → 매도 후 약 72%)하고, 신고가 구간에서 추가 매수보다는 보유 현금을 늘려 변동성에 대응합니다. 손실 시 추가 매수 성향을 자제하고, 30만원 돌파 확인 후 재진입을 고려합니다.",
simulation_20260625_194731,2026-05-18,15,A087,2026-05-18,2026-05-15,2026-05-15,2026-05-18,prior_close,2,7,10,10,"삼성전자, 파업, 감산, 지지선, 외국인 매도, 주가 전망, 노사 갈등",10,유지,negative,sell,300,limit,273000.0,True,"파업 리스크로 단기 하락 압력이 크지만, AI 수요와 저평가 매력이 하방을 지지할 것으로 예상됩니다. 현재는 관망하며 지지선(270,000원 이하) 확인 후 분할 대응하는 것이 바람직하며, 파업 해결 여부가 향후 방향을 결정할 핵심 변수입니다.","이전에는 'AI 호재와 신고가 모멘텀 속 파업 리스크로 상승 제한, 조정 시 분할 매수' 관점이었으나, 오늘 급락으로 파업 리스크가 현실화되면서 단기 전망을 더 부정적으로 조정했습니다. 신규 매수는 보류하고, 보유 비중 축소를 통해 리스크 관리에 우선순위를 두는 쪽으로 관점이 전환되었습니다.","핵심 근거: 1) 5/21 총파업 리스크가 현실화되며 당일 8.61% 급락(270,500원), 외국인 매도세와 부정적 뉴스(100조원 피해 추산)로 단기 하방 압력 지속. 2) 기술적 지표: 20일 이동평균(243,750원)과 괴리 11%이나 단기 추세 하락 전환 확인, 거래량 감소에도 반등 신호 부족. 3) 포트폴리오: 미실현 이익(4,519만원) 존재하나 수익 시 조기 매도 성향과 안정적 자산 선호에 따라 리스크 축소 필요. 4) 파업 해결 전까지 추가 하락 가능성(260,000~270,000원)을 고려, 300주(약 8,100만원) 매도로 현금 비중을 확보하여 불확실성 대응.","파업 리스크와 외국인 매도세 지속 시 270,000원 이탈 가능성에 대비하여 보유 비중을 1,230주→930주로 축소. 현금 비중을 73.8%→82.3%로 높여 추가 하락 시 분할 매수 기회 확보. 손실 가능성이 있는 상황에서 무리한 보유보다 현금 확보로 리스크 관리 우선.",
