outputs/logs/simulation_20260625_194731/agent_turns.csv
run_id,date,turn,agent_id,decision_date,market_features_date,news_max_date,execution_date,information_mode,news_depth,selected_news_count,read_news_count,search_read_count,depth2_search_keywords,depth2_search_result_count,depth2_view_change,news_sentiment,action,quantity,order_type,price,submitted_order,belief_summary,view_change,decision_reason,risk_control,order_corrections
simulation_20260625_194731,2026-04-24,1,A097,2026-04-24,2026-04-23,2026-04-23,2026-04-24,prior_close,2,6,10,10,"삼성전자, 노조 파업, HBM, SK하이닉스 실적, 반도체 업황, 기술 유출, 메타렌즈",10,강화,mixed,buy,445,limit,218000.0,True,"반도체 업황 호황에도 삼성전자는 노조 파업, 기술 유출, HBM 경쟁력 열위 등 악재가 집중되어 단기 전망이 부정적이다. 거시적 호재와 내부 리스크가 혼재하는 상황에서 현금 비중을 유지하며 관망하는 것이 적절하다.",강화,"뉴스와 시장 분석에서 반도체 업황 호조 및 거시적 지표(1분기 GDP 1.7% 성장)는 긍정적이나, 노조 파업 리스크와 HBM 경쟁력 약화 등 단기 악재가 우세하여 관망이 기본 전략입니다. 그러나 고위험 선호 성향과 기술적 지표(5일 이동평균 218,300원 부근)에서 지지 확인 시 저가 매수 기회를 포착하기 위해, 현금 10억 원의 10% 수준(약 1억 원)으로 분할 매수합니다. 지정가 218,000원은 5일선 근처로, 손절 시 200,000원(20일선)으로 설정해 손실 폭을 약 8.3%로 제한합니다. 분할 매수를 통해 리스크를 분산하고 현금 비중을 90% 유지하여 악재 현실화 시 추가 매수 여력을 확보합니다.","최대 손실률 8.3%(약 830만 원)로 제한하며, 손절가 200,000원 미만 시 즉시 청산. 현금 비중 90% 유지로 유동성 확보. 노조 파업 뉴스 악화 시 추가 매수 자제 및 손절 우선.",
simulation_20260625_194731,2026-04-27,2,A097,2026-04-27,2026-04-24,2026-04-24,2026-04-27,prior_close,2,5,10,10,"삼성전자, HBM, 1분기 실적, 성과급, 파운드리, 시스템 반도체, AI 반도체, 평택",10,수정,mixed,buy,500,limit,202500.0,True,"단기적으로 노조 리스크가 주가를 누르겠지만, 사상 최대 실적과 정부 지원이 하방을 지지할 것. 20일선(202,000원) 부근에서 저가 매수 기회를 노리되, 파업 현실화 시 손절을 준비하는 양면 전략이 필요. 중장기 전망은 긍정적이나, HBM 경쟁력 회복이 관건.","이전에는 반도체 업황 호조와 거시 호재에 주목해 관망 위주였으나, 추가 검색을 통해 노사 갈등이 예상보다 심각하고 총파업 가능성이 현실화되고 있음을 확인. 따라서 단기 전망을 '중립'에서 '혼조·약세'로 하향 조정하며, 지지선 이탈 시 손절을 고려하는 방어적 관점으로 전환.","1분기 사상 최대 실적(57.2조)과 정치권 반도체 클러스터 지원이 하방을 지지할 재료이며, 20일선(202,742원) 부근은 강력 지지선으로 판단됨. 노조 총파업 리스크로 단기 하락 가능성이 있으나, 지지선에서 반등 시 저가 매수 기회가 될 것으로 예상. 현재 주식 비중이 9.7%로 낮아 추가 매수 여력이 충분하고, 고위험 고수익 선호 성향에 부합. 거래량 급감(43%↓)은 관망세를 반영하나, 지지선 이탈 시 손절로 방어 가능. 과도한 매매를 피하기 위해 보수적 수량으로 분할 매수 접근.","매수 후 20일선(202,742원) 이탈 시 즉시 손절하여 손실을 제한. 현금 비중을 90.3%에서 약 80%로 낮추되, 추가 하락 시 대응 여력을 확보하기 위해 분할 매수 원칙 유지. 단기 고평가 부담과 노조 리스크를 고려해 지정가를 202,500원으로 설정, 시장 급변 시 손절 기준을 엄격히 적용.",
simulation_20260625_194731,2026-04-28,3,A097,2026-04-28,2026-04-27,2026-04-27,2026-04-28,prior_close,2,7,10,10,"삼성전자, ETF, AI, 반도체, FOMC, 외국인 순매수, HBM, 주가 추세",10,강화,positive,buy,890,limit,223500.0,True,"긍정적 거시 환경과 수급 개선으로 단기 상승 모멘텀이 강화됐다. ETF 유입에 따른 변동성 리스크를 인지하면서도, 분할 매수 전략으로 대응해 상승 추세에 편승한다.","이전에는 노조 리스크를 우려했으나, 뉴스 확인 결과 반도체 호황과 정부 지원이 압도적 우위로 판단됨. 단기 리스크는 여전하나 상승 추세가 강화되어 관점을 더 긍정적으로 조정.","오늘의 뉴스(코스피 신고가, 반도체 장비주 강세, ETF 수급 확대)와 기술적 분석(5일선 221,000원 위 안착, 거래량 동반 상승)이 상승 추세 지속을 지지. 20일선(205,000원)과의 괴리가 확대되었으나 현금 비중 79%로 추가 매수 여력 충분. 분할 매수를 통해 220,000~224,500원 지지 구간에서 평균단가를 낮추며 상승 모멘텀에 편승. 단, FOMC 리스크 감안해 223,500원 지정가로 보수적 진입.","매수 후 총 현금 비중 약 60%로 유지하며, 급등 시 추가 매수 자제. 220,000원 이하로 하락 시 손절 기준 재평가. 과거 낮은 성과를 반성하여 단기 변동성에 대비한 현금 일부(약 4억원) 유지. 1% 이상 손실 시 즉시 손절 검토.",
simulation_20260625_194731,2026-04-29,4,A097,2026-04-29,2026-04-28,2026-04-28,2026-04-29,prior_close,2,4,10,10,"삼성전자, 파업, HBM, 메모리 가격, AI 반도체, 엔비디아, 구글 딥마인드, 가전 구조조정",10,수정,mixed,buy,450,limit,220000.0,True,"단기 파업 리스크로 박스권 등락이 예상되나, AI 반도체 협력과 저평가 매력이 중장기 상승 동력을 제공합니다. 변동성을 활용한 분할 매수 전략을 유지하며, 5일선(221,600원) 지지 여부를 핵심 지지선으로 주시합니다.","이전에는 긍정적 모멘텀에 편승해 추가 매수를 고려했으나, 심층 검색을 통해 파업 리스크가 더 부각되어 단기 전망을 '상승'에서 '박스권 등락'으로 하향 조정. 장기 관점은 유지하되 단기 진입 시 보다 보수적 가격대를 기다릴 필요성을 인지.","단기 파업 리스크로 박스권 등락 예상되나, 5일선(221,600원) 지지 확인 중. 저평가 구간에서 220,000원 이하 분할 매수 기회 포착. AI 협력 및 구조조정 장기 호재 유지. 거래량 감소는 조정 국면 신호로 추가 하락 시 매수 기회 확보. 포트폴리오 분산 유지하며 현금 비중 관리.","분할 매수로 리스크 분산, 5일선 이탈 시 추가 매수 중단 및 손절 검토. 파업 생산 차질로 215,000원 하회 시 10% 손절 규칙 적용. 현금 50% 이상 유지하여 변동성 대비.",
simulation_20260625_194731,2026-04-30,5,A097,2026-04-30,2026-04-29,2026-04-29,2026-04-30,prior_close,2,6,10,10,"삼성전자, 주가, 거래량, 노사갈등, HBM, 오픈AI, 반도체 업황, DX 구조조정",10,유지,mixed,sell,100,limit,226000.0,True,"단기 박스권(22~23만원) 속 노사 갈등이 최대 변수이나, 저평가와 AI 협력이 하방을 지지합니다. 5월 가처분 결정과 파업 실행 여부를 확인할 때까지 현금 비중을 유지하며 5일선 돌파 신호를 기다리는 관망 전략이 적합합니다.",유지,"노사 갈등 리스크(가처분 심문, 파업 예고)가 단기 상단을 제한하고, 5일선 지지에도 불구하고 23만원 저항 돌파 불확실. 과거 낮은 성과를 고려해 일부 수익을 실현하고 현금 비중을 더 높여 리스크를 관리함. 현재가 226,000원에 매도 지정가 설정.","손절 기준 5일선(223,300원) 이탈 시 추가 매도 검토. 현금 비중 60% 이상 유지하여 노사 리스크 해소 전까지 대기. 총 보유 주식 1,735주로 축소, 평균단가 대비 4.4% 수익 상태 유지.",
simulation_20260625_194731,2026-05-04,6,A097,2026-05-04,2026-04-30,2026-04-30,2026-05-04,prior_close,2,7,10,10,"삼성전자 파업 생산 차질, 메모리 가격 전망, HBM 수요, 삼성전자 주가 추세, 외국인 순매수, 반도체 공급 부족, 1분기 실적 호재 지속",10,유지,mixed,buy,500,limit,218000.0,True,"사상 최대 실적과 AI 수혜가 저평가 매력을 강화하고 코스피 상승 추세를 지지하나, 노조 파업과 반도체 생산 감소가 단기 변동성 재료. 정부 개입과 중장기 펀더멘털을 고려할 때 22만원 지지선을 활용한 매수 관점 유지. ",유지,"현재가 220,500원은 5일선(222,500원) 아래이나 20일선(211,815원) 위에 위치. 사상 최대 실적(영업이익 57.2조)과 AI 수혜, 역사적 저평가(PER·PBR 저점)가 중장기 매력을 강화. 22만원 지지선(현재가 근접)을 활용한 분할 매수 기회로 판단. 노조 파업 리스크가 단기 변동성을 확대하나 정부 개입 가능성으로 조기 봉합 기대. 보유 현금(6.03억)이 충분하여 분할 접근으로 평단 리스크 분산. 매수 지정가 218,000원은 20일선(211,815원)과 현재가 사이로 추가 하락 시 지지 예상.","손절 기준: 20일선(211,815원) 이탈 시 손실 확정 전 전량 매도 검토. 현금 비중 60% 유지하여 추가 변동성 대비. 500주(약 1.09억) 매수로 max_single_trade_cash(3.01억) 이내, 총자산 대비 11% 수준으로 리스크 제한. 파업 장기화 시 추가 매수 보류.",
simulation_20260625_194731,2026-05-06,7,A097,2026-05-06,2026-05-04,2026-05-04,2026-05-06,prior_close,2,6,10,10,"삼성전자, HBM, 엔비디아, 메모리 가격, 국민연금, 금리 인상, 반도체 장비",10,수정,negative,sell,100,limit,232500.0,True,"사상 최대 실적과 저평가 매력은 중장기 긍정 요인이나, 노조 총파업 리스크와 금리 인상 가능성, 씨티 목표주가 하향 등 단기 악재가 혼재. 22만원 지지선을 활용한 분할 매수 관점은 유지하되, 현재가 23만원대까지 상승한 점을 고려해 추가 매수는 보류하고 관망하며 변동성 확대 시 저가 매수 기회를 모색할 것.","이전에는 22만원 지지선을 활용한 적극적 매수 관점이었으나, 노조 리스크 심화(파업 확정, 목표주가 하향)와 주가 급등(5.44%)으로 단기 상승 여력이 제한적이라고 판단. '매수 관점 유지'에서 '신중한 관망 및 조정 시 매수'로 전환.","단기 악재(노조 파업, 목표주가 하향, 거래량 과열)와 주가 급등(5.44%)으로 추가 상승 여력이 제한적이라 판단하여 일부 이익 실현. 22만원 지지선까지 조정 가능성 대비 현금 확보가 필요함. 현재 미실현 이익 7.4%를 실현하여 리스크 축소.","손실 가능성에 대비해 포지션 축소로 하방 리스크 관리. 현금 비중을 늘려 조정 시 저가 매수 기회를 확보. 목표 보유량은 1,500주 내외로 조정.",
simulation_20260625_194731,2026-05-07,8,A097,2026-05-07,2026-05-06,2026-05-06,2026-05-07,prior_close,2,10,10,10,"삼성전자, 노조 파업, 반도체 수요, HBM, AI 반도체, 유가 상승, 코스피, ETF",10,수정,positive,sell,100,limit,266000.0,True,"삼성전자는 메모리 슈퍼사이클과 AI 수혜로 강력한 상승 추세를 유지 중이며, 노조 파업 리스크는 증권가의 긍정적 전망과 내부 균열로 완화됐다. 단기 과열 부담은 있으나 22~23만원 지지선에서 분할 매수해 중장기 저평가 기회를 활용할 계획이다.","기존에는 노조 파업 리스크와 금리 인상 우려로 단기 관망 및 조정 시 매수 관점이었으나, 뉴스 분석 결과 증권가의 목표주가 상향, ETF 자금 유입, 내부 노조 균열로 인해 파업 가능성이 낮아졌다고 판단. 따라서 단기 전망을 '박스권 등락'에서 '완만한 상승 추세 지속'으로 상향 조정함.","단기 5.44% 급등에 따른 과열 부담과 조정 가능성을 고려하여 일부 차익 실현을 결정. 중장기 전망은 긍정적이나, 현재가 266,000원은 22~23만원 지지선을 상회하여 추가 매수时机가 아니라고 판단. 포트폴리오 내 주식 비중(42%)을 소폭 낮추고 현금 비중을 확보하여 조정 시 저가 매수 기회를 준비. 뉴스와 기술적 지표는 강세지만 단기 과열 신호를 무시할 수 없어 보수적 리스크 관리 차원에서 소량 매도.","매도 후 현금 비중이 약 60%로 증가하여 시장 변동성에 대비한 유연성 확보. 손실 가능성은 낮으나, 만약 추가 상승 시에도 보유 주식(1,635주)으로 이익을 계속 누릴 수 있음. 조정 시 22~23만원 구간에서 분할 매수 계획을 유지하며, 과도한 매도로 상승 추세를 놓치지 않도록 소량만 처분.",
simulation_20260625_194731,2026-05-08,9,A097,2026-05-08,2026-05-07,2026-05-07,2026-05-08,prior_close,2,6,10,10,"삼성전자, 파업, 평택 P5, HBM, 엔비디아, 메모리 가격, 원화 환율, 4분기 실적",10,수정,mixed,buy,500,limit,268000.0,True,"단기 노조 리스크와 과열 부담으로 조정 가능성이 있지만, 메모리 슈퍼사이클·AI HBM 수요·80조 신공장 투자 등 중장기 펀더멘털이 강력해 조정 시 분할 매수 기회로 활용할 계획. 저평가 밸류에이션과 우호적 거시 환경이 하방을 지지.","이전에는 단기 과열을 우려해 소량 차익실현에 집중했으나, 추가 검색을 통해 파업 리스크가 과도하며 증권가 전망과 내부 분열이 리스크를 상쇄한다는 점을 확인. 이제는 조정 시 적극적 저가 매수 관점으로 전환. 중장기 전망은 더욱 긍정적으로 강화됨.","뉴스에서 파업 리스크가 과도하며 DX노조 이탈로 약화되고, 증권사 목표주가 상향·평택 신공장 투자가 중장기 호재임을 확인. 기술적 지표상 5일·20일선 정배열 유지 중이나 27만원 부근 단기 과열 구간이므로 분할 저가 매수 기회로 판단. 포트폴리오 현금 비중 60%로 추가 매수 여력 충분, 조정 시 268,000원 지정가 매수로 리스크 분산.","손실 최소화를 위해 26만원(5일선 근접) 이하로 추가 하락 시 분할 매수 중단 및 재평가. 단일 매수 금액 1.34억원(총 자산 12% 수준)으로 과도한 집중 배제. 현금 비중 50% 이상 유지 목표, 파업 장기화 리스크를 고려한 보수적 거래.",
simulation_20260625_194731,2026-05-11,10,A097,2026-05-11,2026-05-08,2026-05-08,2026-05-11,prior_close,2,5,10,10,"삼성전자, DX 부문, 반도체, HBM, 메모리 가격, 중국 경쟁, PER 저평가, AI 서버",10,수정,mixed,buy,500,limit,260000.0,True,"단기 노조 리스크와 과열 부담으로 조정 가능성이 있으나, 반도체 슈퍼사이클·AI HBM 수요·역사적 저평가가 하방을 지지하므로 조정 시 분할 매수 기회로 활용. 기관 매수세와 PER 저평가 뉴스가 신뢰를 강화.","이전에는 '단기 조정 시 분할 매수'를 예정했으나, 추가 검색을 통해 노조 리스크의 실질적 영향(영업이익 12% 하락 가능성)이 더 구체화되어 매수 타이밍을 더 보수적으로 판단하게 됨. 반면 반도체 부문 기관 매수 강도(2.5조)가 예상보다 강해 긍정적 모멘텀은 유효.","오늘 종가 268,500원에서 -1.1% 하락했으나 거래량 급감(37.5%)은 조정이 일시적일 가능성을 시사. 5일·20일선 정배열 유지, 기관 순매수 2.5조와 반도체 생산 테마 급등이 하방 지지. PER 역사적 저평가 뉴스와 AI·HBM 수요 기반 장기 성장 대비 현재 가격 매력적. 노조 리스크(영업이익 12% 하락 가능성)로 인해 매수 타이밍을 보수적으로 판단, 260,000원(5일선 251,800원과 27만원 저항 사이)에 분할 매수하여 평단을 낮추고 추가 조정 시 20일선(224,425원)까지 대비. 현금 비중 60%로 충분한 여력, 고위험 고수익 전략에 부합.","손절 기준을 20일선(약 224,425원)으로 설정하여 하락 시 손절. 단일 매수 금액 1.3억 원(현금의 20%)으로 제한, 추가 조정 시 25만원대 초중반에서 추가 분할 매수 예정. 노조 리스크가 구체화되면 매수 속도 조절, DX 부진과 HBM 경쟁력 약화는 중장기 모니터링.",
simulation_20260625_194731,2026-05-12,11,A097,2026-05-12,2026-05-11,2026-05-11,2026-05-12,prior_close,2,13,10,10,"삼성전자, 노사 파업, HBM, 레거시 반도체, 코스피, 엔비디아, 성과급",10,수정,mixed,buy,200,limit,270000.0,True,"단기 노조 파업 리스크가 주가에 하방 압력을 가할 수 있으나, 반도체 슈퍼사이클과 저평가가 장기 지지. 현재 보유 주식과 현금 비중을 유지하며, 파업 타결 또는 조정 시 분할 매수 기회를 기다리는 관망 전략이 적절.","이전에는 조정 시 분할 매수를 적극 고려했으나, 파업 리스크 확대(40조 손실 전망)와 최근 급등으로 단기 상승 여력이 제한됨에 따라 '추가 매수 자제 및 현금 비중 유지'로 관점을 수정함.","오늘의 Belief와 시장 분석에 따르면, 단기 노조 파업 리스크(5/21)로 하방 압력이 존재하나 반도체 업황 호조와 기술적 상승 추세(5일선·20일선 정배열)가 지지하며 박스권 하단(260,000원)에서 저가 매수 기회가 예상됨. 당일 급등(6.3%) 후 차익실현 압력이 있으나, 5일선(264,800원) 부근 조정 시 분할 매수 전략에 따라 270,000원 지정가 매수를 설정함. PER 7~8배 저평가 구간과 코스피 강세, 반도체 수요 호조가 하방 지지 요인으로 작용하며, 파업 타결 시 반등 가능성 높음. Portfolio 현금 비중 58%로 충분한 유동성을 보유, 현재 200주 매수 시 현금 비중이 50% 이상 유지되어 리스크 관리 가능.","파업 리스크(40조 손실 전망)가 현실화될 경우 추가 하락 가능성에 대비해 매수 수량을 보수적으로 200주(약 5,400만원)로 제한, 최대 손실 시 10% 하락 가정 시 540만원 손실에 그침. 현금 비중 58%를 유지하며, 추가 하락 시 5일선(264,800원)과 20일선(228,500원)에서 단계적 매수 기회를 포착. 과도한 레버리지나 시장가 주문 금지, 지정가 270,000원으로 하방 경직성 확보.",
simulation_20260625_194731,2026-05-13,12,A097,2026-05-13,2026-05-12,2026-05-12,2026-05-13,prior_close,2,4,10,10,"삼성전자, 반도체, 외국인 순매도, 성과급, 노사, 저가형 반도체, HBM, 코스피",10,수정,negative,sell,500,limit,279000.0,True,"단기적으로 삼성전자는 5/21 총파업 리스크로 260,000~270,000원 박스권 하단 테스트 가능성이 높아 보유 비중을 축소하거나 관망이 바람직. 중장기 저평가(PER 7~8배)와 반도체 슈퍼사이클은 유효하나, 파업 현실화 시 수익성 타격이 크므로 현재로는 리스크 관리가 우선. 조정 시 분할 매수 기회를 준비하되, 노사 협상 타결 전까지 적극적 매수는 자제.","이전 Belief는 '반도체 호황과 저평가가 장기 지지, 관망하며 조정 시 분할 매수'였으나, 추가 뉴스 검색을 통해 파업 리스크(40조원 손실 추정)가 실질적 위협으로 확인됨. 따라서 단기 전망을 하향 조정하여 보유 비중 축소 또는 완전 관망으로 전환하며, 기술적 지지선(260,000원) 이탈 시 손절도 고려해야 한다는 경계심 강화.","5/21 총파업 리스크(40조원 영업이익 감소 추정)가 단기 하방 압력을 강화하고, 금일 2.28% 하락과 거래량 증가(+14.38%)는 매도 신호로 해석. 5일선(274,100원) 이탈 시 260,000원 테스트 가능성에 대비해 보유 비중을 축소하며, 미실현 이익(+29%) 일부를 확정하는 것이 리스크 관리에 적합. 현금 비중이 높아 유연하나, 파업 현실화 전에 포트폴리오 리스크를 낮추는 것이 우선.","파업 리스크 현실화 시 추가 하락 가능성에 대비해 보유 비중을 25%에서 약 17%로 축소. 손절 기준은 5일선(274,100원) 이탈 시 잔여 물량 추가 매도 검토. 현금 비중을 65% 이상 유지하여 저가 매수 기회를 준비하되, 노사 협상 타결 전까지 적극적 매수 자제.",
simulation_20260625_194731,2026-05-14,13,A097,2026-05-14,2026-05-13,2026-05-13,2026-05-14,prior_close,2,8,10,10,"삼성전자, 파업, 긴급조정권, HBM, AI 메모리, 외국인 순매수, 노사 갈등, 반도체 업황",10,수정,negative,sell,500,limit,284000.0,True,"5/21 총파업 리스크가 단기 하방 압력을 지배하나, 반도체 초호황과 정부 개입 가능성은 중장기 반등 재료. 현재 보유 비중을 최소화하고 추가 하락 시 분할 매수 기회를 노리는 관망세가 바람직.","이전 belief는 '파업 리스크로 박스권 하단 테스트 가능, 보유 축소 필요'였으나, 추가 검색을 통해 파업이 18일 장기화되고 손실 규모가 30~40조에 달할 수 있다는 구체적 위험이 확인됨. 이에 따라 기존보다 더 강한 하방 압력을 예상하며, 보유 비중 축소의 필요성이 더욱 커졌다고 판단. 긴급조정권 발동 시 반등 가능성을 여전히 유효한 변수로 남겨둠.","5/21 총파업 확정으로 30~40조원 손실 추정 등 단기 하방 압력이 강화되었고, 거래량 감소와 외국인 매도 전환으로 상승 동력이 약화됨. 보유 비중(28.8%)을 추가 축소하여 현금 비중을 높이고, 260,000~270,000원 구간에서 분할 매수 기회를 확보하기 위해 500주 매도 결정. 고위험 선호 성향에도 불구하고 과거 성과가 낮았던 점을 고려해 보수적 대응.","매도 후 보유 주식 635주(비중 약 16.1%)로 축소, 현금 9.4억원 확보. 추가 하락 시 260,000원 이하에서 분할 매수 계획. 긴급조정권 발동 등 호재 시 반등을 노릴 일부 물량 유지. 손절 기준은 250,000원 이탈 시 전량 매도.",
simulation_20260625_194731,2026-05-15,14,A097,2026-05-15,2026-05-14,2026-05-14,2026-05-15,prior_close,2,8,10,10,"삼성전자, HBM, 엔비디아, 메모리 가격, 파운드리, 실적 전망, 성과급",10,수정,mixed,sell,100,limit,298000.0,True,"단기적으로 5/21 파업 리스크가 주가 하방 압력을 지배하나, AI 반도체 초호황과 저평가 매력이 중장기 반등 재료. 신고가 부담 속 차익 실현 욕구와 저가 매수 기대가 공존하는 혼조 국면으로, 현금 비중을 확보한 관망세가 바람직.","이전에는 단기 하락 시 분할 매수 기회를 노리는 관망세였으나, 추가 검색을 통해 파업 리스크(40조 손실)가 예상보다 심각하고 주가가 신고가 구간에 진입한 점을 확인. 차익 실현 욕구가 더 커져 이전보다 보수적으로 전환.","5/21 총파업 리스크(40조 손실 전망)가 단기 최대 악재로, 신고가 부근(296,000원)에서 차익 실현 욕구가 큼. 기술적 과열 신호(변동성 3.7%)와 외국인 매도세를 고려, 일부 이익 실현으로 현금 비중을 더 확보하여 리스크 헤지. 보유 주식 635주 중 100주 매도는 보수적 규모로, 향후 조정 시 재매수 기회를 노리기 위함.","파업 현실화 시 26~27만원대 조정 가능성 대비, 현금 비중 83%에서 추가 확대(약 85% 목표). 손절가 280,000원 이하로 설정 예정이며, 과거 낮은 성과를 반성하여 섣부른 확대보다 현금 방어력을 우선시.",
simulation_20260625_194731,2026-05-18,15,A097,2026-05-18,2026-05-15,2026-05-15,2026-05-18,prior_close,2,6,10,10,"삼성전자, 파업, 감산, 외국인 매도, HBM, 7000선, 반도체 업황, 노사 갈등",10,수정,negative,buy,635,limit,257000.0,True,"단기 파업 리스크가 삼성전자 주가의 가장 강력한 하방 요인으로 작용하며, 7000선 지지 여부가 향후 방향을 결정할 핵심 변곡점. 저평가 매력과 AI 반도체 구조적 성장세는 중장기 반등 재료이나, 당분간 불확실성 해소를 기다리며 현금 비중을 유지한 관망이 바람직.","이전에는 '단기 급등 후 조정 국면'으로 판단했으나, 추가 검색을 통해 파업이 단순 리스크를 넘어 실제 생산 차질과 100조원대 피해, 정부 긴급조정권 논의 등 구조적 충격으로 이어질 가능성을 확인. 관점을 '조정 국면'에서 '파업 리스크에 따른 중대한 하방 압력'으로 수정.","주가가 27만원 지지선을 테스트 중이고 20일 이동평균(243,750원)까지 추가 하락 시 기술적 저점 매수 기회로 판단. 파업 리스크로 추가 하락 가능성이 높지만, 현재 PER 10.5배, PBR 1배의 역사적 저평가 영역에서 분할 매수 전략을 통해 평균 단가를 낮추고 중장기 반등에 대비. 뉴스는 부정적이나 정부 개입 가능성이 유일한 반등 촉매로 작용할 수 있어, 지정가 257,000원(20일선 부근)에서 제한적 매수 진행.","매수 후 주식 비중이 약 27%로 증가하나 현금 7.3억원을 유지해 추가 하락 시 대응 가능. 손절 기준을 10% 하락(약 243,000원)으로 설정하고, 파업 리스크 현실화 시 이성적 손절을 통해 손실을 제한. 보유 현금 비중을 60% 이상 유지하는 방어적 전략을 고수.",
